Sun Jul  5 16:49:49 2026       
+-----------------------------------------------------------------------------------------+
| NVIDIA-SMI 572.61                 Driver Version: 572.61         CUDA Version: 12.8     |
|-----------------------------------------+------------------------+----------------------+
| GPU  Name                  Driver-Model | Bus-Id          Disp.A | Volatile Uncorr. ECC |
| Fan  Temp   Perf          Pwr:Usage/Cap |           Memory-Usage | GPU-Util  Compute M. |
|                                         |                        |               MIG M. |
|=========================================+========================+======================|
|   0  NVIDIA RTX A6000             WDDM  |   00000000:3B:00.0 Off |                    0 |
| 30%   37C    P8             19W /  300W |     400MiB /  46068MiB |      4%      Default |
|                                         |                        |                  N/A |
+-----------------------------------------+------------------------+----------------------+
|   1  NVIDIA RTX A6000             WDDM  |   00000000:D8:00.0 Off |                    0 |
| 30%   38C    P8             12W /  300W |      68MiB /  46068MiB |      0%      Default |
|                                         |                        |                  N/A |
+-----------------------------------------+------------------------+----------------------+
                                                                                         
+-----------------------------------------------------------------------------------------+
| Processes:                                                                              |
|  GPU   GI   CI              PID   Type   Process name                        GPU Memory |
|        ID   ID                                                               Usage      |
|=========================================================================================|
|    0   N/A  N/A           12564    C+G   ...a\envs\venv-napari\python.exe      N/A      |
|    0   N/A  N/A           18344    C+G   ...na_cw5n1h2txyewy\SearchUI.exe      N/A      |
|    0   N/A  N/A           22324    C+G   ...t\Edge\Application\msedge.exe      N/A      |
|    0   N/A  N/A           27580    C+G   ...ms\Microsoft VS Code\Code.exe      N/A      |
|    0   N/A  N/A           47496    C+G   C:\Windows\explorer.exe               N/A      |
|    0   N/A  N/A           52408    C+G   ...xyewy\ShellExperienceHost.exe      N/A      |
+-----------------------------------------------------------------------------------------+
Fingerprint extraction...
Dataset777_GCEF
Using <class 'nnunetv2.imageio.simpleitk_reader_writer.SimpleITKIO'> as reader/writer

####################
verify_dataset_integrity Done. 
If you didn't see any error messages then your dataset is most likely OK!
####################

Using <class 'nnunetv2.imageio.simpleitk_reader_writer.SimpleITKIO'> as reader/writer
Experiment planning...

############################
INFO: You are using the old nnU-Net default planner. We have updated our recommendations. Please consider using those instead! Read more here: https://github.com/MIC-DKFZ/nnUNet/blob/master/documentation/resenc_presets.md
############################

Attempting to find 3d_lowres config. 
Current spacing: [1.03 1.03 1.03]. 
Current patch size: (np.int64(128), np.int64(128), np.int64(128)). 
Current median shape: [582.52427184 631.06796117 631.06796117]
Attempting to find 3d_lowres config. 
Current spacing: [1.0609 1.0609 1.0609]. 
Current patch size: (np.int64(128), np.int64(128), np.int64(128)). 
Current median shape: [565.55754548 612.68734094 612.68734094]
Attempting to find 3d_lowres config. 
Current spacing: [1.092727 1.092727 1.092727]. 
Current patch size: (np.int64(128), np.int64(128), np.int64(128)). 
Current median shape: [549.08499561 594.84207858 594.84207858]
Attempting to find 3d_lowres config. 
Current spacing: [1.12550881 1.12550881 1.12550881]. 
Current patch size: (np.int64(128), np.int64(128), np.int64(128)). 
Current median shape: [533.09222875 577.51658115 577.51658115]
Attempting to find 3d_lowres config. 
Current spacing: [1.15927407 1.15927407 1.15927407]. 
Current patch size: (np.int64(128), np.int64(128), np.int64(128)). 
Current median shape: [517.56527063 560.69570985 560.69570985]
Attempting to find 3d_lowres config. 
Current spacing: [1.1940523 1.1940523 1.1940523]. 
Current patch size: (np.int64(128), np.int64(128), np.int64(128)). 
Current median shape: [502.49055401 544.36476684 544.36476684]
Attempting to find 3d_lowres config. 
Current spacing: [1.22987387 1.22987387 1.22987387]. 
Current patch size: (np.int64(128), np.int64(128), np.int64(128)). 
Current median shape: [487.85490681 528.50948237 528.50948237]
Attempting to find 3d_lowres config. 
Current spacing: [1.26677008 1.26677008 1.26677008]. 
Current patch size: (np.int64(128), np.int64(128), np.int64(128)). 
Current median shape: [473.64554059 513.1160023  513.1160023 ]
Attempting to find 3d_lowres config. 
Current spacing: [1.30477318 1.30477318 1.30477318]. 
Current patch size: (np.int64(128), np.int64(128), np.int64(128)). 
Current median shape: [459.85003941 498.17087602 498.17087602]
Attempting to find 3d_lowres config. 
Current spacing: [1.34391638 1.34391638 1.34391638]. 
Current patch size: (np.int64(128), np.int64(128), np.int64(128)). 
Current median shape: [446.45634894 483.66104468 483.66104468]
Attempting to find 3d_lowres config. 
Current spacing: [1.38423387 1.38423387 1.38423387]. 
Current patch size: (np.int64(128), np.int64(128), np.int64(128)). 
Current median shape: [433.45276596 469.57382979 469.57382979]
Attempting to find 3d_lowres config. 
Current spacing: [1.42576089 1.42576089 1.42576089]. 
Current patch size: (np.int64(128), np.int64(128), np.int64(128)). 
Current median shape: [420.82792812 455.89692213 455.89692213]
Attempting to find 3d_lowres config. 
Current spacing: [1.46853371 1.46853371 1.46853371]. 
Current patch size: (np.int64(128), np.int64(128), np.int64(128)). 
Current median shape: [408.570804 442.618371 442.618371]
Attempting to find 3d_lowres config. 
Current spacing: [1.51258972 1.51258972 1.51258972]. 
Current patch size: (np.int64(128), np.int64(128), np.int64(128)). 
Current median shape: [396.67068349 429.72657378 429.72657378]
Attempting to find 3d_lowres config. 
Current spacing: [1.55796742 1.55796742 1.55796742]. 
Current patch size: (np.int64(128), np.int64(128), np.int64(128)). 
Current median shape: [385.11716844 417.21026581 417.21026581]
Attempting to find 3d_lowres config. 
Current spacing: [1.60470644 1.60470644 1.60470644]. 
Current patch size: (np.int64(128), np.int64(128), np.int64(128)). 
Current median shape: [373.90016353 405.05851049 405.05851049]
Attempting to find 3d_lowres config. 
Current spacing: [1.65284763 1.65284763 1.65284763]. 
Current patch size: (np.int64(128), np.int64(128), np.int64(128)). 
Current median shape: [363.00986751 393.2606898  393.2606898 ]
Attempting to find 3d_lowres config. 
Current spacing: [1.70243306 1.70243306 1.70243306]. 
Current patch size: (np.int64(128), np.int64(128), np.int64(128)). 
Current median shape: [352.43676457 381.80649495 381.80649495]
Attempting to find 3d_lowres config. 
Current spacing: [1.75350605 1.75350605 1.75350605]. 
Current patch size: (np.int64(128), np.int64(128), np.int64(128)). 
Current median shape: [342.17161609 370.68591743 370.68591743]
Attempting to find 3d_lowres config. 
Current spacing: [1.80611123 1.80611123 1.80611123]. 
Current patch size: (np.int64(128), np.int64(128), np.int64(128)). 
Current median shape: [332.20545251 359.88924022 359.88924022]
Attempting to find 3d_lowres config. 
Current spacing: [1.86029457 1.86029457 1.86029457]. 
Current patch size: (np.int64(128), np.int64(128), np.int64(128)). 
Current median shape: [322.52956555 349.40702934 349.40702934]
Attempting to find 3d_lowres config. 
Current spacing: [1.91610341 1.91610341 1.91610341]. 
Current patch size: (np.int64(128), np.int64(128), np.int64(128)). 
Current median shape: [313.13550053 339.23012557 339.23012557]
Attempting to find 3d_lowres config. 
Current spacing: [1.97358651 1.97358651 1.97358651]. 
Current patch size: (np.int64(128), np.int64(128), np.int64(128)). 
Current median shape: [304.01504906 329.34963648 329.34963648]
Attempting to find 3d_lowres config. 
Current spacing: [2.03279411 2.03279411 2.03279411]. 
Current patch size: (np.int64(128), np.int64(128), np.int64(128)). 
Current median shape: [295.1602418  319.75692862 319.75692862]
Attempting to find 3d_lowres config. 
Current spacing: [2.09377793 2.09377793 2.09377793]. 
Current patch size: (np.int64(128), np.int64(128), np.int64(128)). 
Current median shape: [286.56334156 310.44362002 310.44362002]
Attempting to find 3d_lowres config. 
Current spacing: [2.15659127 2.15659127 2.15659127]. 
Current patch size: (np.int64(128), np.int64(128), np.int64(128)). 
Current median shape: [278.21683646 301.40157284 301.40157284]
Attempting to find 3d_lowres config. 
Current spacing: [2.22128901 2.22128901 2.22128901]. 
Current patch size: (np.int64(128), np.int64(128), np.int64(128)). 
Current median shape: [270.11343346 292.62288625 292.62288625]
Attempting to find 3d_lowres config. 
Current spacing: [2.28792768 2.28792768 2.28792768]. 
Current patch size: (np.int64(128), np.int64(128), np.int64(128)). 
Current median shape: [262.2460519  284.09988956 284.09988956]
Attempting to find 3d_lowres config. 
Current spacing: [2.35656551 2.35656551 2.35656551]. 
Current patch size: (np.int64(128), np.int64(128), np.int64(128)). 
Current median shape: [254.60781738 275.8251355  275.8251355 ]
Attempting to find 3d_lowres config. 
Current spacing: [2.42726247 2.42726247 2.42726247]. 
Current patch size: (np.int64(128), np.int64(128), np.int64(128)). 
Current median shape: [247.19205571 267.79139369 267.79139369]
Attempting to find 3d_lowres config. 
Current spacing: [2.50008035 2.50008035 2.50008035]. 
Current patch size: (np.int64(128), np.int64(128), np.int64(128)). 
Current median shape: [239.9922871  259.99164435 259.99164435]
Attempting to find 3d_lowres config. 
Current spacing: [2.57508276 2.57508276 2.57508276]. 
Current patch size: (np.int64(128), np.int64(128), np.int64(128)). 
Current median shape: [233.00222048 252.41907219 252.41907219]
Attempting to find 3d_lowres config. 
Current spacing: [2.65233524 2.65233524 2.65233524]. 
Current patch size: (np.int64(128), np.int64(128), np.int64(128)). 
Current median shape: [226.21574804 245.06706038 245.06706038]
Attempting to find 3d_lowres config. 
Current spacing: [2.7319053 2.7319053 2.7319053]. 
Current patch size: (np.int64(128), np.int64(128), np.int64(128)). 
Current median shape: [219.62693985 237.92918483 237.92918483]
Attempting to find 3d_lowres config. 
Current spacing: [2.81386245 2.81386245 2.81386245]. 
Current patch size: (np.int64(128), np.int64(128), np.int64(128)). 
Current median shape: [213.23003869 230.99920858 230.99920858]
Attempting to find 3d_lowres config. 
Current spacing: [2.89827833 2.89827833 2.89827833]. 
Current patch size: (np.int64(128), np.int64(128), np.int64(128)). 
Current median shape: [207.01945503 224.27107629 224.27107629]
Attempting to find 3d_lowres config. 
Current spacing: [2.98522668 2.98522668 2.98522668]. 
Current patch size: (np.int64(128), np.int64(128), np.int64(128)). 
Current median shape: [200.98976217 217.73890902 217.73890902]
Attempting to find 3d_lowres config. 
Current spacing: [3.07478348 3.07478348 3.07478348]. 
Current patch size: (np.int64(128), np.int64(128), np.int64(128)). 
Current median shape: [195.13569143 211.39699905 211.39699905]
Attempting to find 3d_lowres config. 
Current spacing: [3.16702698 3.16702698 3.16702698]. 
Current patch size: (np.int64(128), np.int64(128), np.int64(128)). 
Current median shape: [189.4521276 205.2398049 205.2398049]
2D U-Net configuration:
{'data_identifier': 'nnUNetPlans_2d', 'preprocessor_name': 'DefaultPreprocessor', 'batch_size': 5, 'patch_size': (np.int64(768), np.int64(768)), 'median_image_size_in_voxels': array([650., 650.]), 'spacing': array([1., 1.]), 'normalization_schemes': ['NoNormalization'], 'use_mask_for_norm': [False], 'resampling_fn_data': 'resample_data_or_seg_to_shape', 'resampling_fn_seg': 'resample_data_or_seg_to_shape', 'resampling_fn_data_kwargs': {'is_seg': False, 'order': 3, 'order_z': 0, 'force_separate_z': None}, 'resampling_fn_seg_kwargs': {'is_seg': True, 'order': 1, 'order_z': 0, 'force_separate_z': None}, 'resampling_fn_probabilities': 'resample_data_or_seg_to_shape', 'resampling_fn_probabilities_kwargs': {'is_seg': False, 'order': 1, 'order_z': 0, 'force_separate_z': None}, 'architecture': {'network_class_name': 'dynamic_network_architectures.architectures.unet.PlainConvUNet', 'arch_kwargs': {'n_stages': 8, 'features_per_stage': (32, 64, 128, 256, 512, 512, 512, 512), 'conv_op': 'torch.nn.modules.conv.Conv2d', 'kernel_sizes': ((3, 3), (3, 3), (3, 3), (3, 3), (3, 3), (3, 3), (3, 3), (3, 3)), 'strides': ((1, 1), (2, 2), (2, 2), (2, 2), (2, 2), (2, 2), (2, 2), (2, 2)), 'n_conv_per_stage': (2, 2, 2, 2, 2, 2, 2, 2), 'n_conv_per_stage_decoder': (2, 2, 2, 2, 2, 2, 2), 'conv_bias': True, 'norm_op': 'torch.nn.modules.instancenorm.InstanceNorm2d', 'norm_op_kwargs': {'eps': 1e-05, 'affine': True}, 'dropout_op': None, 'dropout_op_kwargs': None, 'nonlin': 'torch.nn.LeakyReLU', 'nonlin_kwargs': {'inplace': True}}, '_kw_requires_import': ('conv_op', 'norm_op', 'dropout_op', 'nonlin')}, 'batch_dice': True}

Using <class 'nnunetv2.imageio.simpleitk_reader_writer.SimpleITKIO'> as reader/writer
3D lowres U-Net configuration:
{'data_identifier': 'nnUNetPlans_3d_lowres', 'preprocessor_name': 'DefaultPreprocessor', 'batch_size': 2, 'patch_size': (np.int64(128), np.int64(128), np.int64(128)), 'median_image_size_in_voxels': (189, 205, 205), 'spacing': array([3.16702698, 3.16702698, 3.16702698]), 'normalization_schemes': ['NoNormalization'], 'use_mask_for_norm': [False], 'resampling_fn_data': 'resample_data_or_seg_to_shape', 'resampling_fn_seg': 'resample_data_or_seg_to_shape', 'resampling_fn_data_kwargs': {'is_seg': False, 'order': 3, 'order_z': 0, 'force_separate_z': None}, 'resampling_fn_seg_kwargs': {'is_seg': True, 'order': 1, 'order_z': 0, 'force_separate_z': None}, 'resampling_fn_probabilities': 'resample_data_or_seg_to_shape', 'resampling_fn_probabilities_kwargs': {'is_seg': False, 'order': 1, 'order_z': 0, 'force_separate_z': None}, 'architecture': {'network_class_name': 'dynamic_network_architectures.architectures.unet.PlainConvUNet', 'arch_kwargs': {'n_stages': 6, 'features_per_stage': (32, 64, 128, 256, 320, 320), 'conv_op': 'torch.nn.modules.conv.Conv3d', 'kernel_sizes': ((3, 3, 3), (3, 3, 3), (3, 3, 3), (3, 3, 3), (3, 3, 3), (3, 3, 3)), 'strides': ((1, 1, 1), (2, 2, 2), (2, 2, 2), (2, 2, 2), (2, 2, 2), (2, 2, 2)), 'n_conv_per_stage': (2, 2, 2, 2, 2, 2), 'n_conv_per_stage_decoder': (2, 2, 2, 2, 2), 'conv_bias': True, 'norm_op': 'torch.nn.modules.instancenorm.InstanceNorm3d', 'norm_op_kwargs': {'eps': 1e-05, 'affine': True}, 'dropout_op': None, 'dropout_op_kwargs': None, 'nonlin': 'torch.nn.LeakyReLU', 'nonlin_kwargs': {'inplace': True}}, '_kw_requires_import': ('conv_op', 'norm_op', 'dropout_op', 'nonlin')}, 'batch_dice': False, 'next_stage': '3d_cascade_fullres'}

3D fullres U-Net configuration:
{'data_identifier': 'nnUNetPlans_3d_fullres', 'preprocessor_name': 'DefaultPreprocessor', 'batch_size': 2, 'patch_size': (np.int64(128), np.int64(128), np.int64(128)), 'median_image_size_in_voxels': array([600., 650., 650.]), 'spacing': array([1., 1., 1.]), 'normalization_schemes': ['NoNormalization'], 'use_mask_for_norm': [False], 'resampling_fn_data': 'resample_data_or_seg_to_shape', 'resampling_fn_seg': 'resample_data_or_seg_to_shape', 'resampling_fn_data_kwargs': {'is_seg': False, 'order': 3, 'order_z': 0, 'force_separate_z': None}, 'resampling_fn_seg_kwargs': {'is_seg': True, 'order': 1, 'order_z': 0, 'force_separate_z': None}, 'resampling_fn_probabilities': 'resample_data_or_seg_to_shape', 'resampling_fn_probabilities_kwargs': {'is_seg': False, 'order': 1, 'order_z': 0, 'force_separate_z': None}, 'architecture': {'network_class_name': 'dynamic_network_architectures.architectures.unet.PlainConvUNet', 'arch_kwargs': {'n_stages': 6, 'features_per_stage': (32, 64, 128, 256, 320, 320), 'conv_op': 'torch.nn.modules.conv.Conv3d', 'kernel_sizes': ((3, 3, 3), (3, 3, 3), (3, 3, 3), (3, 3, 3), (3, 3, 3), (3, 3, 3)), 'strides': ((1, 1, 1), (2, 2, 2), (2, 2, 2), (2, 2, 2), (2, 2, 2), (2, 2, 2)), 'n_conv_per_stage': (2, 2, 2, 2, 2, 2), 'n_conv_per_stage_decoder': (2, 2, 2, 2, 2), 'conv_bias': True, 'norm_op': 'torch.nn.modules.instancenorm.InstanceNorm3d', 'norm_op_kwargs': {'eps': 1e-05, 'affine': True}, 'dropout_op': None, 'dropout_op_kwargs': None, 'nonlin': 'torch.nn.LeakyReLU', 'nonlin_kwargs': {'inplace': True}}, '_kw_requires_import': ('conv_op', 'norm_op', 'dropout_op', 'nonlin')}, 'batch_dice': True}

Plans were saved to \\hive3065\Yael_Mishael\Rony\remote_computer backup\nnUNet_resources\multi_sample_fresh_bnei_reem_i3_scratch\nnUNet_preprocessed\Dataset777_GCEF\nnUNetPlans.json
Preprocessing...
Preprocessing dataset Dataset777_GCEF
Configuration: 2d...
Configuration: 3d_fullres...
Configuration: 3d_lowres...
Trainer:     nnUNetTrainer_betterIgnoreSampling_earlyStopValLoss  (LR=1e-2, from scratch)
Annotation:  \\hive3065\Yael_Mishael\Rony\remote_computer backup\nnUNet_resources\fresh_train_annotations_bnei_reem\annotations_i3.nii.gz
LOCAL_BASE:  \\hive3065\Yael_Mishael\Rony\remote_computer backup\nnUNet_resources\multi_sample_fresh_bnei_reem_i3_scratch
Loading TIF...
  image shape (X,Y,Z): (650, 650, 652)
Loading annotation...
  annotation shape: (650, 650, 652)  labels: [0, 1, 2, 3, 6]
  z-range: 26-551 -> crop [0, 600]
[OK] Dataset ready.
[OK] Planning and preprocessing complete.
Trainer: nnUNetTrainer_betterIgnoreSampling_earlyStopValLoss  (LR=1e-2, from scratch)
C:\Users\rony.schwartz\.conda\envs\venv-napari\Lib\site-packages\nnunetv2\training\nnUNetTrainer\nnUNetTrainer.py:161: FutureWarning: `torch.cuda.amp.GradScaler(args...)` is deprecated. Please use `torch.amp.GradScaler('cuda', args...)` instead.
  self.grad_scaler = GradScaler() if self.device.type == 'cuda' else None
C:\Users\rony.schwartz\.conda\envs\venv-napari\Lib\site-packages\nnunetv2\training\nnUNetTrainer\nnUNetTrainer.py:1044: RuntimeWarning: invalid value encountered in scalar divide
  global_dc_per_class = [i for i in [2 * i / (2 * i + j + k) for i, j, k in zip(tp, fp, fn)]]

############################
INFO: You are using the old nnU-Net default plans. We have updated our recommendations. Please consider using those instead! Read more here: https://github.com/MIC-DKFZ/nnUNet/blob/master/documentation/resenc_presets.md
############################

Using device: cuda:0

#######################################################################
Please cite the following paper when using nnU-Net:
Isensee, F., Jaeger, P. F., Kohl, S. A., Petersen, J., & Maier-Hein, K. H. (2021). nnU-Net: a self-configuring method for deep learning-based biomedical image segmentation. Nature methods, 18(2), 203-211.
#######################################################################

2026-07-05 16:58:33.037700: do_dummy_2d_data_aug: False
2026-07-05 16:58:33.055700: Using splits from existing split file: \\hive3065\Yael_Mishael\Rony\remote_computer backup\nnUNet_resources\multi_sample_fresh_bnei_reem_i3_scratch\nnUNet_preprocessed\Dataset777_GCEF\splits_final.json
2026-07-05 16:58:33.087699: The split file contains 1 splits.
2026-07-05 16:58:33.154700: Desired fold for training: 0
2026-07-05 16:58:33.183701: This split has 1 training and 1 validation cases.
2026-07-05 16:58:33.211701: WARNING: Some validation cases are also in the training set. Please check the splits.json or ignore if this is intentional.
using pin_memory on device 0
using pin_memory on device 0

This is the configuration used by this training:
Configuration name: 3d_fullres
 {'data_identifier': 'nnUNetPlans_3d_fullres', 'preprocessor_name': 'DefaultPreprocessor', 'batch_size': 2, 'patch_size': [128, 128, 128], 'median_image_size_in_voxels': [600.0, 650.0, 650.0], 'spacing': [1.0, 1.0, 1.0], 'normalization_schemes': ['NoNormalization'], 'use_mask_for_norm': [False], 'resampling_fn_data': 'resample_data_or_seg_to_shape', 'resampling_fn_seg': 'resample_data_or_seg_to_shape', 'resampling_fn_data_kwargs': {'is_seg': False, 'order': 3, 'order_z': 0, 'force_separate_z': None}, 'resampling_fn_seg_kwargs': {'is_seg': True, 'order': 1, 'order_z': 0, 'force_separate_z': None}, 'resampling_fn_probabilities': 'resample_data_or_seg_to_shape', 'resampling_fn_probabilities_kwargs': {'is_seg': False, 'order': 1, 'order_z': 0, 'force_separate_z': None}, 'architecture': {'network_class_name': 'dynamic_network_architectures.architectures.unet.PlainConvUNet', 'arch_kwargs': {'n_stages': 6, 'features_per_stage': [32, 64, 128, 256, 320, 320], 'conv_op': 'torch.nn.modules.conv.Conv3d', 'kernel_sizes': [[3, 3, 3], [3, 3, 3], [3, 3, 3], [3, 3, 3], [3, 3, 3], [3, 3, 3]], 'strides': [[1, 1, 1], [2, 2, 2], [2, 2, 2], [2, 2, 2], [2, 2, 2], [2, 2, 2]], 'n_conv_per_stage': [2, 2, 2, 2, 2, 2], 'n_conv_per_stage_decoder': [2, 2, 2, 2, 2], 'conv_bias': True, 'norm_op': 'torch.nn.modules.instancenorm.InstanceNorm3d', 'norm_op_kwargs': {'eps': 1e-05, 'affine': True}, 'dropout_op': None, 'dropout_op_kwargs': None, 'nonlin': 'torch.nn.LeakyReLU', 'nonlin_kwargs': {'inplace': True}, 'deep_supervision': True}, '_kw_requires_import': ['conv_op', 'norm_op', 'dropout_op', 'nonlin']}, 'batch_dice': True} 

These are the global plan.json settings:
 {'dataset_name': 'Dataset777_GCEF', 'plans_name': 'nnUNetPlans', 'original_median_spacing_after_transp': [1.0, 1.0, 1.0], 'original_median_shape_after_transp': [600, 650, 650], 'image_reader_writer': 'SimpleITKIO', 'transpose_forward': [0, 1, 2], 'transpose_backward': [0, 1, 2], 'experiment_planner_used': 'ExperimentPlanner', 'label_manager': 'LabelManager', 'foreground_intensity_properties_per_channel': {'0': {'max': 1.0, 'mean': 0.6636702418327332, 'median': 0.7578739523887634, 'min': 0.0025105334352701902, 'percentile_00_5': 0.12036402516067028, 'percentile_99_5': 0.9756697416305542, 'std': 0.2201053351163864}}} 

2026-07-05 17:00:42.566131: unpacking dataset...
2026-07-05 17:01:03.765832: unpacking done...
2026-07-05 17:01:03.851270: Unable to plot network architecture:
2026-07-05 17:01:03.892580: No module named 'hiddenlayer'
2026-07-05 17:01:04.091688: Early stopping config | enabled=True | patience=20 | min_delta=0.001
2026-07-05 17:01:04.136689: 
2026-07-05 17:01:04.178689: Epoch 0
2026-07-05 17:01:04.223688: Current learning rate: 0.01
2026-07-05 17:04:37.139296: train_loss 0.5849
2026-07-05 17:04:37.228297: val_loss 0.4285
2026-07-05 17:04:37.293326: Pseudo dice [np.float32(0.2675), np.float32(0.5551), np.float32(nan), np.float32(nan), np.float32(0.2678)]
2026-07-05 17:04:37.491353: Epoch time: 213.01 s
2026-07-05 17:04:37.562867: Yayy! New best EMA pseudo Dice: 0.3634999990463257
2026-07-05 17:04:40.374623: Early stopping: baseline val_loss=0.428468
2026-07-05 17:04:40.412628: 
2026-07-05 17:04:40.460641: Epoch 1
2026-07-05 17:04:40.504032: Current learning rate: 0.00999
2026-07-05 17:08:01.810698: train_loss 0.3206
2026-07-05 17:08:01.930237: val_loss 0.3785
2026-07-05 17:08:02.118750: Pseudo dice [np.float32(0.3982), np.float32(0.5496), np.float32(nan), np.float32(nan), np.float32(0.4464)]
2026-07-05 17:08:02.578364: Epoch time: 201.4 s
2026-07-05 17:08:02.749365: Yayy! New best EMA pseudo Dice: 0.3736000061035156
2026-07-05 17:08:06.416657: Early stopping: improvement detected | val_loss=0.378548 | delta=0.04992
2026-07-05 17:08:06.459659: 
2026-07-05 17:08:06.497660: Epoch 2
2026-07-05 17:08:06.528660: Current learning rate: 0.00998
2026-07-05 17:11:41.171874: train_loss 0.2237
2026-07-05 17:11:41.476451: val_loss 0.2219
2026-07-05 17:11:41.539964: Pseudo dice [np.float32(0.3059), np.float32(0.634), np.float32(nan), np.float32(nan), np.float32(0.6341)]
2026-07-05 17:11:41.659477: Epoch time: 214.71 s
2026-07-05 17:11:41.855476: Yayy! New best EMA pseudo Dice: 0.388700008392334
2026-07-05 17:11:45.181880: Early stopping: improvement detected | val_loss=0.221857 | delta=0.156691
2026-07-05 17:11:45.223914: 
2026-07-05 17:11:45.265940: Epoch 3
2026-07-05 17:11:45.300972: Current learning rate: 0.00997
2026-07-05 17:15:03.100909: train_loss 0.217
2026-07-05 17:15:03.160427: val_loss 0.1863
2026-07-05 17:15:03.252426: Pseudo dice [np.float32(0.4695), np.float32(0.6437), np.float32(nan), np.float32(nan), np.float32(0.4209)]
2026-07-05 17:15:03.523940: Epoch time: 197.88 s
2026-07-05 17:15:04.005509: Yayy! New best EMA pseudo Dice: 0.4009999930858612
2026-07-05 17:15:07.882696: Early stopping: improvement detected | val_loss=0.186312 | delta=0.035545
2026-07-05 17:15:07.931695: 
2026-07-05 17:15:07.984209: Epoch 4
2026-07-05 17:15:08.091209: Current learning rate: 0.00996
2026-07-05 17:18:24.318212: train_loss 0.1952
2026-07-05 17:18:24.493212: val_loss 0.268
2026-07-05 17:18:24.651213: Pseudo dice [np.float32(0.3156), np.float32(0.5368), np.float32(nan), np.float32(nan), np.float32(0.3809)]
2026-07-05 17:18:24.778729: Epoch time: 196.39 s
2026-07-05 17:18:24.830240: Yayy! New best EMA pseudo Dice: 0.4020000100135803
2026-07-05 17:18:29.136006: Early stopping: no significant improvement | val_loss=0.268012 | best_val_loss=0.186312 | delta=-0.0817 | wait=1/20
2026-07-05 17:18:29.180986: 
2026-07-05 17:18:29.227219: Epoch 5
2026-07-05 17:18:29.264316: Current learning rate: 0.00995
2026-07-05 17:21:55.705058: train_loss 0.1516
2026-07-05 17:21:55.752572: val_loss 0.1611
2026-07-05 17:21:55.827085: Pseudo dice [np.float32(0.5023), np.float32(0.5187), np.float32(nan), np.float32(nan), np.float32(0.5709)]
2026-07-05 17:21:55.895085: Epoch time: 206.53 s
2026-07-05 17:21:55.959085: Yayy! New best EMA pseudo Dice: 0.414900004863739
2026-07-05 17:21:59.855967: Early stopping: improvement detected | val_loss=0.161097 | delta=0.025215
2026-07-05 17:21:59.902557: 
2026-07-05 17:21:59.946577: Epoch 6
2026-07-05 17:21:59.993604: Current learning rate: 0.00995
2026-07-05 17:25:27.964910: train_loss 0.1486
2026-07-05 17:25:28.012949: val_loss 0.082
2026-07-05 17:25:28.081949: Pseudo dice [np.float32(0.5319), np.float32(0.56), np.float32(nan), np.float32(nan), np.float32(0.6371)]
2026-07-05 17:25:28.149462: Epoch time: 208.06 s
2026-07-05 17:25:28.212464: Yayy! New best EMA pseudo Dice: 0.4309999942779541
2026-07-05 17:25:31.304628: Early stopping: improvement detected | val_loss=0.081999 | delta=0.079098
2026-07-05 17:25:31.434630: 
2026-07-05 17:25:31.478629: Epoch 7
2026-07-05 17:25:31.522627: Current learning rate: 0.00994
2026-07-05 17:29:01.001462: train_loss 0.1271
2026-07-05 17:29:01.062224: val_loss -0.0072
2026-07-05 17:29:01.118224: Pseudo dice [np.float32(0.4246), np.float32(0.6445), np.float32(nan), np.float32(nan), np.float32(0.7931)]
2026-07-05 17:29:01.165221: Epoch time: 209.57 s
2026-07-05 17:29:01.520260: Yayy! New best EMA pseudo Dice: 0.44999998807907104
2026-07-05 17:29:04.967404: Early stopping: improvement detected | val_loss=-0.007181 | delta=0.08918
2026-07-05 17:29:05.016404: 
2026-07-05 17:29:05.077919: Epoch 8
2026-07-05 17:29:05.161093: Current learning rate: 0.00993
2026-07-05 17:32:40.697169: train_loss 0.0402
2026-07-05 17:32:40.764170: val_loss 0.0609
2026-07-05 17:32:40.821169: Pseudo dice [np.float32(0.432), np.float32(0.6811), np.float32(nan), np.float32(nan), np.float32(0.7153)]
2026-07-05 17:32:40.863683: Epoch time: 215.68 s
2026-07-05 17:32:40.902298: Yayy! New best EMA pseudo Dice: 0.4659000039100647
2026-07-05 17:32:42.753630: Early stopping: no significant improvement | val_loss=0.060927 | best_val_loss=-0.007181 | delta=-0.068108 | wait=1/20
2026-07-05 17:32:42.785311: 
2026-07-05 17:32:42.815498: Epoch 9
2026-07-05 17:32:42.845207: Current learning rate: 0.00992
2026-07-05 17:36:06.125795: train_loss 0.0541
2026-07-05 17:36:06.224821: val_loss -0.0047
2026-07-05 17:36:06.337846: Pseudo dice [np.float32(0.4277), np.float32(0.5937), np.float32(nan), np.float32(nan), np.float32(0.8472)]
2026-07-05 17:36:06.395883: Epoch time: 203.34 s
2026-07-05 17:36:06.567455: Yayy! New best EMA pseudo Dice: 0.48159998655319214
2026-07-05 17:36:08.972489: Early stopping: no significant improvement | val_loss=-0.004738 | best_val_loss=-0.007181 | delta=-0.002442 | wait=2/20
2026-07-05 17:36:09.018033: 
2026-07-05 17:36:09.053546: Epoch 10
2026-07-05 17:36:09.097092: Current learning rate: 0.00991
2026-07-05 17:39:34.841158: train_loss -0.0096
2026-07-05 17:39:34.890671: val_loss -0.0279
2026-07-05 17:39:34.935184: Pseudo dice [np.float32(0.3687), np.float32(0.6878), np.float32(nan), np.float32(nan), np.float32(0.7785)]
2026-07-05 17:39:35.275723: Epoch time: 205.83 s
2026-07-05 17:39:35.327723: Yayy! New best EMA pseudo Dice: 0.49459999799728394
2026-07-05 17:39:38.356611: Early stopping: improvement detected | val_loss=-0.027865 | delta=0.020684
2026-07-05 17:39:38.398615: 
2026-07-05 17:39:38.430612: Epoch 11
2026-07-05 17:39:38.464611: Current learning rate: 0.0099
2026-07-05 17:43:10.342622: train_loss -0.0421
2026-07-05 17:43:10.460140: val_loss -0.0823
2026-07-05 17:43:10.809141: Pseudo dice [np.float32(0.4616), np.float32(0.6377), np.float32(nan), np.float32(nan), np.float32(0.9123)]
2026-07-05 17:43:10.876140: Epoch time: 211.95 s
2026-07-05 17:43:10.922140: Yayy! New best EMA pseudo Dice: 0.5121999979019165
2026-07-05 17:43:14.042450: Early stopping: improvement detected | val_loss=-0.082309 | delta=0.054445
2026-07-05 17:43:14.088133: 
2026-07-05 17:43:14.133735: Epoch 12
2026-07-05 17:43:14.176769: Current learning rate: 0.00989
2026-07-05 17:46:47.610925: train_loss -0.0217
2026-07-05 17:46:47.789438: val_loss -0.0591
2026-07-05 17:46:47.846439: Pseudo dice [np.float32(0.436), np.float32(0.691), np.float32(nan), np.float32(nan), np.float32(0.8665)]
2026-07-05 17:46:47.901500: Epoch time: 213.52 s
2026-07-05 17:46:47.954014: Yayy! New best EMA pseudo Dice: 0.527400016784668
2026-07-05 17:46:52.273167: Early stopping: no significant improvement | val_loss=-0.059131 | best_val_loss=-0.082309 | delta=-0.023178 | wait=1/20
2026-07-05 17:46:52.318471: 
2026-07-05 17:46:52.355992: Epoch 13
2026-07-05 17:46:52.390025: Current learning rate: 0.00988
2026-07-05 17:50:29.094682: train_loss 0.0599
2026-07-05 17:50:29.216707: val_loss 0.069
2026-07-05 17:50:29.515220: Pseudo dice [np.float32(0.4829), np.float32(0.6789), np.float32(nan), np.float32(nan), np.float32(0.7226)]
2026-07-05 17:50:30.024759: Epoch time: 216.78 s
2026-07-05 17:50:30.261273: Yayy! New best EMA pseudo Dice: 0.5375000238418579
2026-07-05 17:50:33.132503: Early stopping: no significant improvement | val_loss=0.068995 | best_val_loss=-0.082309 | delta=-0.151304 | wait=2/20
2026-07-05 17:50:33.183048: 
2026-07-05 17:50:33.235134: Epoch 14
2026-07-05 17:50:33.283686: Current learning rate: 0.00987
2026-07-05 17:53:56.400846: train_loss -0.037
2026-07-05 17:53:56.699359: val_loss -0.0878
2026-07-05 17:53:56.911410: Pseudo dice [np.float32(0.095), np.float32(0.6908), np.float32(nan), np.float32(nan), np.float32(0.7917)]
2026-07-05 17:53:57.086410: Epoch time: 203.22 s
2026-07-05 17:54:00.201662: Early stopping: improvement detected | val_loss=-0.087826 | delta=0.005516
2026-07-05 17:54:00.318258: 
2026-07-05 17:54:00.364373: Epoch 15
2026-07-05 17:54:00.614912: Current learning rate: 0.00986
2026-07-05 17:57:30.962494: train_loss -0.0715
2026-07-05 17:57:31.027078: val_loss -0.0258
2026-07-05 17:57:31.072113: Pseudo dice [np.float32(0.4541), np.float32(0.6611), np.float32(nan), np.float32(nan), np.float32(0.6872)]
2026-07-05 17:57:31.113111: Epoch time: 210.65 s
2026-07-05 17:57:31.152624: Yayy! New best EMA pseudo Dice: 0.5428000092506409
2026-07-05 17:57:35.137096: Early stopping: no significant improvement | val_loss=-0.025805 | best_val_loss=-0.087826 | delta=-0.06202 | wait=1/20
2026-07-05 17:57:35.188105: 
2026-07-05 17:57:35.236094: Epoch 16
2026-07-05 17:57:35.290095: Current learning rate: 0.00986
2026-07-05 18:01:14.715300: train_loss -0.1463
2026-07-05 18:01:14.778330: val_loss -0.1701
2026-07-05 18:01:14.900331: Pseudo dice [np.float32(0.3633), np.float32(0.7215), np.float32(nan), np.float32(nan), np.float32(0.9252)]
2026-07-05 18:01:15.176530: Epoch time: 219.53 s
2026-07-05 18:01:15.552156: Yayy! New best EMA pseudo Dice: 0.5554999709129333
2026-07-05 18:01:18.324070: Early stopping: improvement detected | val_loss=-0.17013 | delta=0.082304
2026-07-05 18:01:18.370100: 
2026-07-05 18:01:18.409127: Epoch 17
2026-07-05 18:01:18.461165: Current learning rate: 0.00985
2026-07-05 18:04:34.821119: train_loss -0.1529
2026-07-05 18:04:34.891634: val_loss -0.1009
2026-07-05 18:04:35.007633: Pseudo dice [np.float32(0.6325), np.float32(0.7122), np.float32(nan), np.float32(nan), np.float32(0.706)]
2026-07-05 18:04:35.274635: Epoch time: 196.45 s
2026-07-05 18:04:35.556146: Yayy! New best EMA pseudo Dice: 0.5683000087738037
2026-07-05 18:04:39.194144: Early stopping: no significant improvement | val_loss=-0.100871 | best_val_loss=-0.17013 | delta=-0.069259 | wait=1/20
2026-07-05 18:04:39.230370: 
2026-07-05 18:04:39.264618: Epoch 18
2026-07-05 18:04:39.298211: Current learning rate: 0.00984
2026-07-05 18:08:07.958669: train_loss -0.1252
2026-07-05 18:08:08.079248: val_loss -0.2086
2026-07-05 18:08:08.122331: Pseudo dice [np.float32(0.4825), np.float32(0.787), np.float32(nan), np.float32(nan), np.float32(0.9293)]
2026-07-05 18:08:08.205367: Epoch time: 208.73 s
2026-07-05 18:08:08.252397: Yayy! New best EMA pseudo Dice: 0.5848000049591064
2026-07-05 18:08:12.101104: Early stopping: improvement detected | val_loss=-0.208633 | delta=0.038503
2026-07-05 18:08:12.153100: 
2026-07-05 18:08:12.186100: Epoch 19
2026-07-05 18:08:12.218100: Current learning rate: 0.00983
2026-07-05 18:11:40.388402: train_loss -0.1638
2026-07-05 18:11:40.443493: val_loss -0.195
2026-07-05 18:11:40.516491: Pseudo dice [np.float32(0.6355), np.float32(0.7256), np.float32(nan), np.float32(nan), np.float32(0.9197)]
2026-07-05 18:11:40.556491: Epoch time: 208.24 s
2026-07-05 18:11:40.606519: Yayy! New best EMA pseudo Dice: 0.6022999882698059
2026-07-05 18:11:43.791056: Early stopping: no significant improvement | val_loss=-0.195042 | best_val_loss=-0.208633 | delta=-0.013592 | wait=1/20
2026-07-05 18:11:43.862056: 
2026-07-05 18:11:43.947057: Epoch 20
2026-07-05 18:11:44.008574: Current learning rate: 0.00982
2026-07-05 18:15:09.407104: train_loss -0.1893
2026-07-05 18:15:09.516618: val_loss -0.2176
2026-07-05 18:15:09.672617: Pseudo dice [np.float32(0.5362), np.float32(0.7257), np.float32(nan), np.float32(nan), np.float32(0.9359)]
2026-07-05 18:15:09.726617: Epoch time: 205.55 s
2026-07-05 18:15:09.854129: Yayy! New best EMA pseudo Dice: 0.6154000163078308
2026-07-05 18:15:13.594152: Early stopping: improvement detected | val_loss=-0.217581 | delta=0.008947
2026-07-05 18:15:13.634184: 
2026-07-05 18:15:13.667186: Epoch 21
2026-07-05 18:15:13.697224: Current learning rate: 0.00981
2026-07-05 18:18:37.205065: train_loss -0.1506
2026-07-05 18:18:37.261063: val_loss -0.2069
2026-07-05 18:18:37.530064: Pseudo dice [np.float32(0.7137), np.float32(0.6499), np.float32(nan), np.float32(nan), np.float32(0.9304)]
2026-07-05 18:18:37.574063: Epoch time: 203.57 s
2026-07-05 18:18:38.402659: Yayy! New best EMA pseudo Dice: 0.630299985408783
2026-07-05 18:18:41.366797: Early stopping: no significant improvement | val_loss=-0.206936 | best_val_loss=-0.217581 | delta=-0.010645 | wait=1/20
2026-07-05 18:18:41.724391: 
2026-07-05 18:18:41.766392: Epoch 22
2026-07-05 18:18:41.804394: Current learning rate: 0.0098
2026-07-05 18:22:11.933571: train_loss -0.1813
2026-07-05 18:22:12.057142: val_loss -0.1995
2026-07-05 18:22:12.181261: Pseudo dice [np.float32(0.4276), np.float32(0.8018), np.float32(nan), np.float32(nan), np.float32(0.9045)]
2026-07-05 18:22:12.329262: Epoch time: 210.21 s
2026-07-05 18:22:12.520286: Yayy! New best EMA pseudo Dice: 0.6384000182151794
2026-07-05 18:22:15.137533: Early stopping: no significant improvement | val_loss=-0.199545 | best_val_loss=-0.217581 | delta=-0.018035 | wait=2/20
2026-07-05 18:22:15.185535: 
2026-07-05 18:22:15.220537: Epoch 23
2026-07-05 18:22:15.259534: Current learning rate: 0.00979
2026-07-05 18:25:38.878312: train_loss -0.1678
2026-07-05 18:25:38.954900: val_loss -0.1589
2026-07-05 18:25:39.076480: Pseudo dice [np.float32(0.6035), np.float32(0.7805), np.float32(nan), np.float32(nan), np.float32(0.9295)]
2026-07-05 18:25:39.135477: Epoch time: 203.7 s
2026-07-05 18:25:39.315539: Yayy! New best EMA pseudo Dice: 0.6517000198364258
2026-07-05 18:25:42.564977: Early stopping: no significant improvement | val_loss=-0.158936 | best_val_loss=-0.217581 | delta=-0.058645 | wait=3/20
2026-07-05 18:25:42.612521: 
2026-07-05 18:25:42.652546: Epoch 24
2026-07-05 18:25:42.692585: Current learning rate: 0.00978
2026-07-05 18:29:20.991372: train_loss -0.1523
2026-07-05 18:29:21.277501: val_loss -0.1345
2026-07-05 18:29:21.461080: Pseudo dice [np.float32(0.5756), np.float32(0.8037), np.float32(nan), np.float32(nan), np.float32(0.5406)]
2026-07-05 18:29:21.547083: Epoch time: 218.38 s
2026-07-05 18:29:24.264483: Early stopping: no significant improvement | val_loss=-0.134504 | best_val_loss=-0.217581 | delta=-0.083077 | wait=4/20
2026-07-05 18:29:24.517537: 
2026-07-05 18:29:24.566538: Epoch 25
2026-07-05 18:29:24.748564: Current learning rate: 0.00977
2026-07-05 18:32:59.124724: train_loss -0.1703
2026-07-05 18:32:59.440753: val_loss -0.1917
2026-07-05 18:32:59.738268: Pseudo dice [np.float32(0.657), np.float32(0.7626), np.float32(nan), np.float32(nan), np.float32(0.9497)]
2026-07-05 18:33:00.118268: Epoch time: 214.61 s
2026-07-05 18:33:00.584847: Yayy! New best EMA pseudo Dice: 0.6643999814987183
2026-07-05 18:33:03.843321: Early stopping: no significant improvement | val_loss=-0.191656 | best_val_loss=-0.217581 | delta=-0.025924 | wait=5/20
2026-07-05 18:33:03.975356: 
2026-07-05 18:33:04.012357: Epoch 26
2026-07-05 18:33:04.055359: Current learning rate: 0.00977
2026-07-05 18:36:34.792187: train_loss -0.18
2026-07-05 18:36:34.863862: val_loss -0.2684
2026-07-05 18:36:34.949862: Pseudo dice [np.float32(0.5884), np.float32(0.7752), np.float32(nan), np.float32(nan), np.float32(0.9176)]
2026-07-05 18:36:34.995864: Epoch time: 210.82 s
2026-07-05 18:36:35.066375: Yayy! New best EMA pseudo Dice: 0.6740000247955322
2026-07-05 18:36:38.197237: Early stopping: improvement detected | val_loss=-0.268362 | delta=0.050781
2026-07-05 18:36:38.295237: 
2026-07-05 18:36:38.350239: Epoch 27
2026-07-05 18:36:38.391258: Current learning rate: 0.00976
2026-07-05 18:40:14.179889: train_loss -0.2598
2026-07-05 18:40:14.256889: val_loss -0.3029
2026-07-05 18:40:14.546889: Pseudo dice [np.float32(0.7494), np.float32(0.7879), np.float32(nan), np.float32(nan), np.float32(0.9499)]
2026-07-05 18:40:14.637404: Epoch time: 215.89 s
2026-07-05 18:40:14.688407: Yayy! New best EMA pseudo Dice: 0.6894999742507935
2026-07-05 18:40:18.181559: Early stopping: improvement detected | val_loss=-0.302946 | delta=0.034585
2026-07-05 18:40:18.439120: 
2026-07-05 18:40:18.885787: Epoch 28
2026-07-05 18:40:18.933787: Current learning rate: 0.00975
2026-07-05 18:43:44.615352: train_loss -0.2992
2026-07-05 18:43:44.815353: val_loss -0.346
2026-07-05 18:43:44.871354: Pseudo dice [np.float32(0.7586), np.float32(0.7635), np.float32(nan), np.float32(nan), np.float32(0.94)]
2026-07-05 18:43:44.962352: Epoch time: 206.18 s
2026-07-05 18:43:45.030865: Yayy! New best EMA pseudo Dice: 0.7026000022888184
2026-07-05 18:43:48.627281: Early stopping: improvement detected | val_loss=-0.345986 | delta=0.04304
2026-07-05 18:43:48.674081: 
2026-07-05 18:43:48.713459: Epoch 29
2026-07-05 18:43:48.746635: Current learning rate: 0.00974
2026-07-05 18:47:27.463537: train_loss -0.2642
2026-07-05 18:47:27.528534: val_loss -0.2839
2026-07-05 18:47:27.571536: Pseudo dice [np.float32(0.5676), np.float32(0.7913), np.float32(nan), np.float32(nan), np.float32(0.9281)]
2026-07-05 18:47:27.626540: Epoch time: 218.79 s
2026-07-05 18:47:27.675532: Yayy! New best EMA pseudo Dice: 0.7085999846458435
2026-07-05 18:47:31.647832: Early stopping: no significant improvement | val_loss=-0.283895 | best_val_loss=-0.345986 | delta=-0.062091 | wait=1/20
2026-07-05 18:47:31.692834: 
2026-07-05 18:47:31.734832: Epoch 30
2026-07-05 18:47:31.780835: Current learning rate: 0.00973
2026-07-05 18:50:57.001475: train_loss -0.2061
2026-07-05 18:50:57.083475: val_loss -0.3215
2026-07-05 18:50:57.434065: Pseudo dice [np.float32(0.7939), np.float32(0.6863), np.float32(nan), np.float32(nan), np.float32(0.9181)]
2026-07-05 18:50:57.475207: Epoch time: 205.31 s
2026-07-05 18:50:57.517908: Yayy! New best EMA pseudo Dice: 0.7177000045776367
2026-07-05 18:51:00.437669: Early stopping: no significant improvement | val_loss=-0.321455 | best_val_loss=-0.345986 | delta=-0.024531 | wait=2/20
2026-07-05 18:51:00.478708: 
2026-07-05 18:51:00.512228: Epoch 31
2026-07-05 18:51:00.547751: Current learning rate: 0.00972
2026-07-05 18:54:31.325217: train_loss -0.2516
2026-07-05 18:54:31.380217: val_loss -0.3243
2026-07-05 18:54:31.434216: Pseudo dice [np.float32(0.6649), np.float32(0.7648), np.float32(nan), np.float32(nan), np.float32(0.9406)]
2026-07-05 18:54:31.504247: Epoch time: 210.85 s
2026-07-05 18:54:31.585978: Yayy! New best EMA pseudo Dice: 0.7249000072479248
2026-07-05 18:54:33.582794: Early stopping: no significant improvement | val_loss=-0.324332 | best_val_loss=-0.345986 | delta=-0.021654 | wait=3/20
2026-07-05 18:54:33.614858: 
2026-07-05 18:54:33.645899: Epoch 32
2026-07-05 18:54:33.674717: Current learning rate: 0.00971
2026-07-05 18:58:11.225733: train_loss -0.2405
2026-07-05 18:58:11.276248: val_loss -0.2217
2026-07-05 18:58:11.317760: Pseudo dice [np.float32(0.5036), np.float32(0.7795), np.float32(nan), np.float32(nan), np.float32(0.9375)]
2026-07-05 18:58:11.361759: Epoch time: 217.61 s
2026-07-05 18:58:11.538785: Yayy! New best EMA pseudo Dice: 0.7264999747276306
2026-07-05 18:58:15.773543: Early stopping: no significant improvement | val_loss=-0.221737 | best_val_loss=-0.345986 | delta=-0.124249 | wait=4/20
2026-07-05 18:58:15.818544: 
2026-07-05 18:58:15.860543: Epoch 33
2026-07-05 18:58:15.922544: Current learning rate: 0.0097
2026-07-05 19:01:35.087778: train_loss -0.2385
2026-07-05 19:01:35.153778: val_loss -0.2813
2026-07-05 19:01:35.214318: Pseudo dice [np.float32(0.6337), np.float32(0.7843), np.float32(nan), np.float32(nan), np.float32(0.9354)]
2026-07-05 19:01:35.318345: Epoch time: 199.27 s
2026-07-05 19:01:35.535901: Yayy! New best EMA pseudo Dice: 0.7322999835014343
2026-07-05 19:01:40.104482: Early stopping: no significant improvement | val_loss=-0.28133 | best_val_loss=-0.345986 | delta=-0.064656 | wait=5/20
2026-07-05 19:01:40.138071: 
2026-07-05 19:01:40.176178: Epoch 34
2026-07-05 19:01:40.226804: Current learning rate: 0.00969
2026-07-05 19:05:14.614356: train_loss -0.2823
2026-07-05 19:05:14.672356: val_loss -0.2047
2026-07-05 19:05:14.743880: Pseudo dice [np.float32(0.5978), np.float32(0.7876), np.float32(nan), np.float32(nan), np.float32(0.9294)]
2026-07-05 19:05:15.075442: Epoch time: 214.48 s
2026-07-05 19:05:15.141439: Yayy! New best EMA pseudo Dice: 0.7361999750137329
2026-07-05 19:05:18.503428: Early stopping: no significant improvement | val_loss=-0.20469 | best_val_loss=-0.345986 | delta=-0.141297 | wait=6/20
2026-07-05 19:05:18.537085: 
2026-07-05 19:05:18.575337: Epoch 35
2026-07-05 19:05:18.618335: Current learning rate: 0.00968
2026-07-05 19:08:44.753744: train_loss -0.2789
2026-07-05 19:08:44.951890: val_loss -0.2647
2026-07-05 19:08:45.001401: Pseudo dice [np.float32(0.5406), np.float32(0.7958), np.float32(nan), np.float32(nan), np.float32(0.9151)]
2026-07-05 19:08:45.049401: Epoch time: 206.22 s
2026-07-05 19:08:45.577471: Yayy! New best EMA pseudo Dice: 0.7376000285148621
2026-07-05 19:08:49.480305: Early stopping: no significant improvement | val_loss=-0.264661 | best_val_loss=-0.345986 | delta=-0.081326 | wait=7/20
2026-07-05 19:08:49.521347: 
2026-07-05 19:08:49.554345: Epoch 36
2026-07-05 19:08:49.594866: Current learning rate: 0.00968
2026-07-05 19:12:05.411673: train_loss -0.2793
2026-07-05 19:12:05.516189: val_loss -0.3164
2026-07-05 19:12:05.713703: Pseudo dice [np.float32(0.6757), np.float32(0.8013), np.float32(nan), np.float32(nan), np.float32(0.9273)]
2026-07-05 19:12:05.871704: Epoch time: 195.89 s
2026-07-05 19:12:05.915704: Yayy! New best EMA pseudo Dice: 0.7440000176429749
2026-07-05 19:12:08.542354: Early stopping: no significant improvement | val_loss=-0.316404 | best_val_loss=-0.345986 | delta=-0.029582 | wait=8/20
2026-07-05 19:12:08.573508: 
2026-07-05 19:12:08.604186: Epoch 37
2026-07-05 19:12:08.632369: Current learning rate: 0.00967
2026-07-05 19:15:37.629102: train_loss -0.3139
2026-07-05 19:15:37.710614: val_loss -0.3338
2026-07-05 19:15:37.757614: Pseudo dice [np.float32(0.7828), np.float32(0.8491), np.float32(nan), np.float32(nan), np.float32(0.9536)]
2026-07-05 19:15:37.969127: Epoch time: 209.06 s
2026-07-05 19:15:38.140185: Yayy! New best EMA pseudo Dice: 0.7558000087738037
2026-07-05 19:15:41.426653: Early stopping: no significant improvement | val_loss=-0.333794 | best_val_loss=-0.345986 | delta=-0.012192 | wait=9/20
2026-07-05 19:15:41.478384: 
2026-07-05 19:15:41.529404: Epoch 38
2026-07-05 19:15:41.576967: Current learning rate: 0.00966
2026-07-05 19:19:09.714189: train_loss -0.3339
2026-07-05 19:19:09.777254: val_loss -0.3558
2026-07-05 19:19:09.928301: Pseudo dice [np.float32(0.7503), np.float32(0.8525), np.float32(nan), np.float32(nan), np.float32(0.9528)]
2026-07-05 19:19:10.005297: Epoch time: 208.24 s
2026-07-05 19:19:10.234815: Yayy! New best EMA pseudo Dice: 0.7653999924659729
2026-07-05 19:19:13.562913: Early stopping: improvement detected | val_loss=-0.35575 | delta=0.009764
2026-07-05 19:19:13.596910: 
2026-07-05 19:19:13.636920: Epoch 39
2026-07-05 19:19:13.669912: Current learning rate: 0.00965
2026-07-05 19:22:47.167737: train_loss -0.342
2026-07-05 19:22:47.214740: val_loss -0.371
2026-07-05 19:22:47.255740: Pseudo dice [np.float32(0.7546), np.float32(0.8322), np.float32(nan), np.float32(nan), np.float32(0.9439)]
2026-07-05 19:22:47.296740: Epoch time: 213.57 s
2026-07-05 19:22:47.333270: Yayy! New best EMA pseudo Dice: 0.7731999754905701
2026-07-05 19:22:50.453719: Early stopping: improvement detected | val_loss=-0.370956 | delta=0.015206
2026-07-05 19:22:50.489746: 
2026-07-05 19:22:50.522777: Epoch 40
2026-07-05 19:22:50.563820: Current learning rate: 0.00964
2026-07-05 19:26:27.563817: train_loss -0.3324
2026-07-05 19:26:27.639817: val_loss -0.349
2026-07-05 19:26:27.754328: Pseudo dice [np.float32(0.6862), np.float32(0.8349), np.float32(nan), np.float32(nan), np.float32(0.9551)]
2026-07-05 19:26:27.819329: Epoch time: 217.08 s
2026-07-05 19:26:27.880328: Yayy! New best EMA pseudo Dice: 0.7784000039100647
2026-07-05 19:26:31.154353: Early stopping: no significant improvement | val_loss=-0.34899 | best_val_loss=-0.370956 | delta=-0.021966 | wait=1/20
2026-07-05 19:26:31.188865: 
2026-07-05 19:26:31.226891: Epoch 41
2026-07-05 19:26:31.260917: Current learning rate: 0.00963
2026-07-05 19:29:57.794593: train_loss -0.3465
2026-07-05 19:29:57.879105: val_loss -0.3539
2026-07-05 19:29:58.048105: Pseudo dice [np.float32(0.6918), np.float32(0.848), np.float32(nan), np.float32(nan), np.float32(0.9438)]
2026-07-05 19:29:58.975133: Epoch time: 206.61 s
2026-07-05 19:29:59.204159: Yayy! New best EMA pseudo Dice: 0.7833999991416931
2026-07-05 19:30:01.987807: Early stopping: no significant improvement | val_loss=-0.353948 | best_val_loss=-0.370956 | delta=-0.017008 | wait=2/20
2026-07-05 19:30:02.028631: 
2026-07-05 19:30:02.061351: Epoch 42
2026-07-05 19:30:02.099645: Current learning rate: 0.00962
2026-07-05 19:33:23.420924: train_loss -0.344
2026-07-05 19:33:23.514925: val_loss -0.3569
2026-07-05 19:33:23.621927: Pseudo dice [np.float32(0.8106), np.float32(0.8313), np.float32(nan), np.float32(nan), np.float32(0.949)]
2026-07-05 19:33:23.861452: Epoch time: 201.39 s
2026-07-05 19:33:24.266451: Yayy! New best EMA pseudo Dice: 0.7914000153541565
2026-07-05 19:33:27.965637: Early stopping: no significant improvement | val_loss=-0.356907 | best_val_loss=-0.370956 | delta=-0.014048 | wait=3/20
2026-07-05 19:33:28.061753: 
2026-07-05 19:33:28.489267: Epoch 43
2026-07-05 19:33:28.784315: Current learning rate: 0.00961
2026-07-05 19:36:50.748336: train_loss -0.3498
2026-07-05 19:36:50.800335: val_loss -0.374
2026-07-05 19:36:50.862334: Pseudo dice [np.float32(0.7031), np.float32(0.8599), np.float32(nan), np.float32(nan), np.float32(0.9557)]
2026-07-05 19:36:51.011335: Epoch time: 202.69 s
2026-07-05 19:36:51.371847: Yayy! New best EMA pseudo Dice: 0.7961999773979187
2026-07-05 19:36:55.107505: Early stopping: improvement detected | val_loss=-0.374049 | delta=0.003093
2026-07-05 19:36:55.145534: 
2026-07-05 19:36:55.184566: Epoch 44
2026-07-05 19:36:55.221595: Current learning rate: 0.0096
2026-07-05 19:40:27.480229: train_loss -0.3531
2026-07-05 19:40:27.835255: val_loss -0.3594
2026-07-05 19:40:28.073286: Pseudo dice [np.float32(0.6859), np.float32(0.8361), np.float32(nan), np.float32(nan), np.float32(0.9446)]
2026-07-05 19:40:28.338831: Epoch time: 212.34 s
2026-07-05 19:40:28.395350: Yayy! New best EMA pseudo Dice: 0.798799991607666
2026-07-05 19:40:31.351818: Early stopping: no significant improvement | val_loss=-0.359385 | best_val_loss=-0.374049 | delta=-0.014664 | wait=1/20
2026-07-05 19:40:31.386670: 
2026-07-05 19:40:31.417308: Epoch 45
2026-07-05 19:40:31.447606: Current learning rate: 0.00959
2026-07-05 19:43:05.471180: train_loss -0.2977
2026-07-05 19:43:05.502722: val_loss -0.3049
2026-07-05 19:43:05.533275: Pseudo dice [np.float32(0.5251), np.float32(0.8449), np.float32(nan), np.float32(nan), np.float32(0.8581)]
2026-07-05 19:43:05.562929: Epoch time: 154.09 s
2026-07-05 19:43:07.538161: Early stopping: no significant improvement | val_loss=-0.304877 | best_val_loss=-0.374049 | delta=-0.069172 | wait=2/20
2026-07-05 19:43:07.569376: 
2026-07-05 19:43:07.600032: Epoch 46
2026-07-05 19:43:07.630237: Current learning rate: 0.00959
2026-07-05 19:45:05.893109: train_loss -0.1929
2026-07-05 19:45:05.937111: val_loss -0.3306
2026-07-05 19:45:06.050109: Pseudo dice [np.float32(0.698), np.float32(0.8512), np.float32(nan), np.float32(nan), np.float32(0.9181)]
2026-07-05 19:45:06.109622: Epoch time: 118.32 s
2026-07-05 19:45:07.257561: Early stopping: no significant improvement | val_loss=-0.330622 | best_val_loss=-0.374049 | delta=-0.043427 | wait=3/20
2026-07-05 19:45:07.337563: 
2026-07-05 19:45:07.395561: Epoch 47
2026-07-05 19:45:07.437587: Current learning rate: 0.00958
2026-07-05 19:47:07.964244: train_loss -0.3075
2026-07-05 19:47:08.000243: val_loss -0.3536
2026-07-05 19:47:08.032243: Pseudo dice [np.float32(0.73), np.float32(0.8295), np.float32(nan), np.float32(nan), np.float32(0.9387)]
2026-07-05 19:47:08.079243: Epoch time: 120.63 s
2026-07-05 19:47:08.122243: Yayy! New best EMA pseudo Dice: 0.7997999787330627
2026-07-05 19:47:10.063267: Early stopping: no significant improvement | val_loss=-0.353561 | best_val_loss=-0.374049 | delta=-0.020488 | wait=4/20
2026-07-05 19:47:10.093423: 
2026-07-05 19:47:10.121074: Epoch 48
2026-07-05 19:47:10.149295: Current learning rate: 0.00957
2026-07-05 19:49:15.653897: train_loss -0.3403
2026-07-05 19:49:15.687905: val_loss -0.3422
2026-07-05 19:49:15.717897: Pseudo dice [np.float32(0.6928), np.float32(0.8555), np.float32(nan), np.float32(nan), np.float32(0.9541)]
2026-07-05 19:49:15.748905: Epoch time: 125.56 s
2026-07-05 19:49:15.779894: Yayy! New best EMA pseudo Dice: 0.8032000064849854
2026-07-05 19:49:17.854860: Early stopping: no significant improvement | val_loss=-0.342167 | best_val_loss=-0.374049 | delta=-0.031882 | wait=5/20
2026-07-05 19:49:17.885064: 
2026-07-05 19:49:17.912227: Epoch 49
2026-07-05 19:49:17.940867: Current learning rate: 0.00956
2026-07-05 19:51:21.569990: train_loss -0.3524
2026-07-05 19:51:21.618990: val_loss -0.3319
2026-07-05 19:51:21.690046: Pseudo dice [np.float32(0.6166), np.float32(0.8356), np.float32(nan), np.float32(nan), np.float32(0.9478)]
2026-07-05 19:51:21.732589: Epoch time: 123.69 s
2026-07-05 19:51:23.541885: Early stopping: no significant improvement | val_loss=-0.33186 | best_val_loss=-0.374049 | delta=-0.042189 | wait=6/20
2026-07-05 19:51:23.573743: 
2026-07-05 19:51:23.603962: Epoch 50
2026-07-05 19:51:23.632856: Current learning rate: 0.00955
2026-07-05 19:53:30.411908: train_loss -0.365
2026-07-05 19:53:30.455909: val_loss -0.3478
2026-07-05 19:53:30.488906: Pseudo dice [np.float32(0.785), np.float32(0.8008), np.float32(nan), np.float32(nan), np.float32(0.9482)]
2026-07-05 19:53:30.521908: Epoch time: 126.84 s
2026-07-05 19:53:30.561907: Yayy! New best EMA pseudo Dice: 0.8070999979972839
2026-07-05 19:53:32.199852: Early stopping: no significant improvement | val_loss=-0.34782 | best_val_loss=-0.374049 | delta=-0.026229 | wait=7/20
2026-07-05 19:53:32.229426: 
2026-07-05 19:53:32.256500: Epoch 51
2026-07-05 19:53:32.283615: Current learning rate: 0.00954
2026-07-05 19:55:33.612121: train_loss -0.349
2026-07-05 19:55:33.704122: val_loss -0.416
2026-07-05 19:55:33.864120: Pseudo dice [np.float32(0.8846), np.float32(0.8814), np.float32(nan), np.float32(nan), np.float32(0.9633)]
2026-07-05 19:55:33.905120: Epoch time: 121.38 s
2026-07-05 19:55:33.951633: Yayy! New best EMA pseudo Dice: 0.8173999786376953
2026-07-05 19:55:35.657645: Early stopping: improvement detected | val_loss=-0.416025 | delta=0.041976
2026-07-05 19:55:35.687675: 
2026-07-05 19:55:35.717220: Epoch 52
2026-07-05 19:55:35.745795: Current learning rate: 0.00953
2026-07-05 19:57:34.244113: train_loss -0.3565
2026-07-05 19:57:34.295112: val_loss -0.3508
2026-07-05 19:57:34.338112: Pseudo dice [np.float32(0.7818), np.float32(0.8489), np.float32(nan), np.float32(nan), np.float32(0.9421)]
2026-07-05 19:57:34.381626: Epoch time: 118.56 s
2026-07-05 19:57:34.420625: Yayy! New best EMA pseudo Dice: 0.821399986743927
2026-07-05 19:57:36.161003: Early stopping: no significant improvement | val_loss=-0.350816 | best_val_loss=-0.416025 | delta=-0.065209 | wait=1/20
2026-07-05 19:57:36.191056: 
2026-07-05 19:57:36.220728: Epoch 53
2026-07-05 19:57:36.249005: Current learning rate: 0.00952
2026-07-05 19:59:40.776246: train_loss -0.3411
2026-07-05 19:59:40.810245: val_loss -0.2973
2026-07-05 19:59:40.840245: Pseudo dice [np.float32(0.6883), np.float32(0.8105), np.float32(nan), np.float32(nan), np.float32(0.7091)]
2026-07-05 19:59:40.871245: Epoch time: 124.59 s
2026-07-05 19:59:42.329275: Early stopping: no significant improvement | val_loss=-0.297287 | best_val_loss=-0.416025 | delta=-0.118738 | wait=2/20
2026-07-05 19:59:42.449800: 
2026-07-05 19:59:42.479800: Epoch 54
2026-07-05 19:59:42.509814: Current learning rate: 0.00951
2026-07-05 20:01:42.404798: train_loss -0.3334
2026-07-05 20:01:42.436311: val_loss -0.3862
2026-07-05 20:01:42.468340: Pseudo dice [np.float32(0.8077), np.float32(0.8549), np.float32(nan), np.float32(nan), np.float32(0.9438)]
2026-07-05 20:01:42.506368: Epoch time: 119.96 s
2026-07-05 20:01:44.244957: Early stopping: no significant improvement | val_loss=-0.386203 | best_val_loss=-0.416025 | delta=-0.029822 | wait=3/20
2026-07-05 20:01:44.275993: 
2026-07-05 20:01:44.306055: Epoch 55
2026-07-05 20:01:44.335085: Current learning rate: 0.0095
2026-07-05 20:03:42.821923: train_loss -0.3419
2026-07-05 20:03:42.854923: val_loss -0.3505
2026-07-05 20:03:42.884926: Pseudo dice [np.float32(0.6853), np.float32(0.8357), np.float32(nan), np.float32(nan), np.float32(0.9496)]
2026-07-05 20:03:42.914924: Epoch time: 118.55 s
2026-07-05 20:03:44.403451: Early stopping: no significant improvement | val_loss=-0.350537 | best_val_loss=-0.416025 | delta=-0.065488 | wait=4/20
2026-07-05 20:03:44.433515: 
2026-07-05 20:03:44.462549: Epoch 56
2026-07-05 20:03:44.492622: Current learning rate: 0.00949
2026-07-05 20:05:48.117637: train_loss -0.3218
2026-07-05 20:05:48.148638: val_loss -0.3357
2026-07-05 20:05:48.178638: Pseudo dice [np.float32(0.6959), np.float32(0.8543), np.float32(nan), np.float32(nan), np.float32(0.9469)]
2026-07-05 20:05:48.209646: Epoch time: 123.69 s
2026-07-05 20:05:49.880704: Early stopping: no significant improvement | val_loss=-0.335744 | best_val_loss=-0.416025 | delta=-0.080281 | wait=5/20
2026-07-05 20:05:49.922704: 
2026-07-05 20:05:49.952704: Epoch 57
2026-07-05 20:05:49.980713: Current learning rate: 0.00949
2026-07-05 20:07:51.222044: train_loss -0.3483
2026-07-05 20:07:51.276557: val_loss -0.3729
2026-07-05 20:07:51.334560: Pseudo dice [np.float32(0.8159), np.float32(0.8863), np.float32(nan), np.float32(nan), np.float32(0.9587)]
2026-07-05 20:07:51.363560: Epoch time: 121.3 s
2026-07-05 20:07:51.390135: Yayy! New best EMA pseudo Dice: 0.8270000219345093
2026-07-05 20:07:53.209224: Early stopping: no significant improvement | val_loss=-0.372901 | best_val_loss=-0.416025 | delta=-0.043123 | wait=6/20
2026-07-05 20:07:53.242369: 
2026-07-05 20:07:53.273523: Epoch 58
2026-07-05 20:07:53.303887: Current learning rate: 0.00948
2026-07-05 20:09:51.380460: train_loss -0.3369
2026-07-05 20:09:51.412104: val_loss -0.376
2026-07-05 20:09:51.441143: Pseudo dice [np.float32(0.7161), np.float32(0.8489), np.float32(nan), np.float32(nan), np.float32(0.9488)]
2026-07-05 20:09:51.470360: Epoch time: 118.14 s
2026-07-05 20:09:51.499971: Yayy! New best EMA pseudo Dice: 0.8281000256538391
2026-07-05 20:09:53.496375: Early stopping: no significant improvement | val_loss=-0.375976 | best_val_loss=-0.416025 | delta=-0.040049 | wait=7/20
2026-07-05 20:09:53.527600: 
2026-07-05 20:09:53.556417: Epoch 59
2026-07-05 20:09:53.585515: Current learning rate: 0.00947
2026-07-05 20:11:54.007779: train_loss -0.3535
2026-07-05 20:11:54.053292: val_loss -0.3775
2026-07-05 20:11:54.168805: Pseudo dice [np.float32(0.7147), np.float32(0.8772), np.float32(nan), np.float32(nan), np.float32(0.9593)]
2026-07-05 20:11:54.213806: Epoch time: 120.48 s
2026-07-05 20:11:54.252806: Yayy! New best EMA pseudo Dice: 0.830299973487854
2026-07-05 20:11:56.052495: Early stopping: no significant improvement | val_loss=-0.377488 | best_val_loss=-0.416025 | delta=-0.038536 | wait=8/20
2026-07-05 20:11:56.083177: 
2026-07-05 20:11:56.110893: Epoch 60
2026-07-05 20:11:56.140119: Current learning rate: 0.00946
2026-07-05 20:13:55.098044: train_loss -0.3786
2026-07-05 20:13:55.130044: val_loss -0.4049
2026-07-05 20:13:55.176044: Pseudo dice [np.float32(0.8299), np.float32(0.9089), np.float32(nan), np.float32(nan), np.float32(0.9591)]
2026-07-05 20:13:55.206558: Epoch time: 119.02 s
2026-07-05 20:13:55.237070: Yayy! New best EMA pseudo Dice: 0.8371999859809875
2026-07-05 20:13:57.424390: Early stopping: no significant improvement | val_loss=-0.404888 | best_val_loss=-0.416025 | delta=-0.011137 | wait=9/20C:\Users\rony.schwartz\.conda\envs\venv-napari\Lib\site-packages\nnunetv2\evaluation\evaluate_predictions.py:157: RuntimeWarning: Mean of empty slice
  means[r][m] = np.nanmean([i['metrics'][r][m] for i in results])

2026-07-05 20:13:57.455009: 
2026-07-05 20:13:57.483872: Epoch 61
2026-07-05 20:13:57.513285: Current learning rate: 0.00945
2026-07-05 20:15:56.850988: train_loss -0.3876
2026-07-05 20:15:56.895988: val_loss -0.406
2026-07-05 20:15:56.935989: Pseudo dice [np.float32(0.7604), np.float32(0.9069), np.float32(nan), np.float32(nan), np.float32(0.9552)]
2026-07-05 20:15:56.977988: Epoch time: 119.4 s
2026-07-05 20:15:57.014992: Yayy! New best EMA pseudo Dice: 0.8409000039100647
2026-07-05 20:15:58.971524: Early stopping: no significant improvement | val_loss=-0.406032 | best_val_loss=-0.416025 | delta=-0.009992 | wait=10/20
2026-07-05 20:15:59.003589: 
2026-07-05 20:15:59.033174: Epoch 62
2026-07-05 20:15:59.063725: Current learning rate: 0.00944
2026-07-05 20:18:00.326476: train_loss -0.3704
2026-07-05 20:18:00.368476: val_loss -0.3495
2026-07-05 20:18:00.413476: Pseudo dice [np.float32(0.5498), np.float32(0.8753), np.float32(nan), np.float32(nan), np.float32(0.9638)]
2026-07-05 20:18:00.459476: Epoch time: 121.33 s
2026-07-05 20:18:02.416423: Early stopping: no significant improvement | val_loss=-0.349482 | best_val_loss=-0.416025 | delta=-0.066543 | wait=11/20
2026-07-05 20:18:02.447972: 
2026-07-05 20:18:02.478014: Epoch 63
2026-07-05 20:18:02.506559: Current learning rate: 0.00943
2026-07-05 20:20:07.713284: train_loss -0.367
2026-07-05 20:20:07.773285: val_loss -0.4016
2026-07-05 20:20:07.826284: Pseudo dice [np.float32(0.6473), np.float32(0.9041), np.float32(nan), np.float32(nan), np.float32(0.9609)]
2026-07-05 20:20:07.890284: Epoch time: 125.27 s
2026-07-05 20:20:09.190080: Early stopping: no significant improvement | val_loss=-0.401589 | best_val_loss=-0.416025 | delta=-0.014436 | wait=12/20
2026-07-05 20:20:09.223110: 
2026-07-05 20:20:09.252180: Epoch 64
2026-07-05 20:20:09.281215: Current learning rate: 0.00942
2026-07-05 20:22:12.173218: train_loss -0.3932
2026-07-05 20:22:12.231218: val_loss -0.395
2026-07-05 20:22:12.281760: Pseudo dice [np.float32(0.8044), np.float32(0.9064), np.float32(nan), np.float32(nan), np.float32(0.9638)]
2026-07-05 20:22:12.326760: Epoch time: 122.95 s
2026-07-05 20:22:12.367801: Yayy! New best EMA pseudo Dice: 0.8420000076293945
2026-07-05 20:22:14.196293: Early stopping: no significant improvement | val_loss=-0.394953 | best_val_loss=-0.416025 | delta=-0.021071 | wait=13/20
2026-07-05 20:22:14.225535: 
2026-07-05 20:22:14.252174: Epoch 65
2026-07-05 20:22:14.277834: Current learning rate: 0.00941
2026-07-05 20:24:17.910537: train_loss -0.387
2026-07-05 20:24:17.961050: val_loss -0.3487
2026-07-05 20:24:18.036050: Pseudo dice [np.float32(0.7652), np.float32(0.8429), np.float32(nan), np.float32(nan), np.float32(0.8984)]
2026-07-05 20:24:18.090564: Epoch time: 123.69 s
2026-07-05 20:24:19.409559: Early stopping: no significant improvement | val_loss=-0.348737 | best_val_loss=-0.416025 | delta=-0.067287 | wait=14/20
2026-07-05 20:24:19.438306: 
2026-07-05 20:24:19.465030: Epoch 66
2026-07-05 20:24:19.491914: Current learning rate: 0.0094
2026-07-05 20:26:24.084215: train_loss -0.3645
2026-07-05 20:26:24.122781: val_loss -0.384
2026-07-05 20:26:24.159962: Pseudo dice [np.float32(0.7061), np.float32(0.8816), np.float32(nan), np.float32(nan), np.float32(0.9571)]
2026-07-05 20:26:24.191210: Epoch time: 124.65 s
2026-07-05 20:26:24.221259: Yayy! New best EMA pseudo Dice: 0.8421000242233276
2026-07-05 20:26:26.324965: Early stopping: no significant improvement | val_loss=-0.383955 | best_val_loss=-0.416025 | delta=-0.03207 | wait=15/20
2026-07-05 20:26:26.355296: 
2026-07-05 20:26:26.382034: Epoch 67
2026-07-05 20:26:26.408396: Current learning rate: 0.00939
2026-07-05 20:28:29.866989: train_loss -0.3676
2026-07-05 20:28:29.902512: val_loss -0.3835
2026-07-05 20:28:29.948131: Pseudo dice [np.float32(0.8298), np.float32(0.8883), np.float32(nan), np.float32(nan), np.float32(0.9501)]
2026-07-05 20:28:29.988191: Epoch time: 123.51 s
2026-07-05 20:28:30.031528: Yayy! New best EMA pseudo Dice: 0.8468000292778015
2026-07-05 20:28:32.044477: Early stopping: no significant improvement | val_loss=-0.383525 | best_val_loss=-0.416025 | delta=-0.0325 | wait=16/20
2026-07-05 20:28:32.075919: 
2026-07-05 20:28:32.107087: Epoch 68
2026-07-05 20:28:32.137151: Current learning rate: 0.00939
2026-07-05 20:30:32.196368: train_loss -0.3597
2026-07-05 20:30:32.228967: val_loss -0.3773
2026-07-05 20:30:32.271982: Pseudo dice [np.float32(0.7495), np.float32(0.8973), np.float32(nan), np.float32(nan), np.float32(0.9487)]
2026-07-05 20:30:32.374982: Epoch time: 120.12 s
2026-07-05 20:30:32.417982: Yayy! New best EMA pseudo Dice: 0.8485999703407288
2026-07-05 20:30:34.405821: Early stopping: no significant improvement | val_loss=-0.377349 | best_val_loss=-0.416025 | delta=-0.038676 | wait=17/20
2026-07-05 20:30:34.436942: 
2026-07-05 20:30:34.464130: Epoch 69
2026-07-05 20:30:34.491173: Current learning rate: 0.00938
2026-07-05 20:32:39.214096: train_loss -0.3327
2026-07-05 20:32:39.245127: val_loss -0.3931
2026-07-05 20:32:39.274193: Pseudo dice [np.float32(0.6487), np.float32(0.8861), np.float32(nan), np.float32(nan), np.float32(0.9541)]
2026-07-05 20:32:39.303227: Epoch time: 124.78 s
2026-07-05 20:32:40.885062: Early stopping: no significant improvement | val_loss=-0.39305 | best_val_loss=-0.416025 | delta=-0.022975 | wait=18/20
2026-07-05 20:32:40.915611: 
2026-07-05 20:32:40.943788: Epoch 70
2026-07-05 20:32:40.971367: Current learning rate: 0.00937
2026-07-05 20:34:45.612292: train_loss -0.3782
2026-07-05 20:34:45.644293: val_loss -0.3844
2026-07-05 20:34:45.674293: Pseudo dice [np.float32(0.8027), np.float32(0.869), np.float32(nan), np.float32(nan), np.float32(0.9597)]
2026-07-05 20:34:45.714293: Epoch time: 124.7 s
2026-07-05 20:34:45.767292: Yayy! New best EMA pseudo Dice: 0.8497999906539917
2026-07-05 20:34:48.120843: Early stopping: no significant improvement | val_loss=-0.384447 | best_val_loss=-0.416025 | delta=-0.031577 | wait=19/20
2026-07-05 20:34:48.150153: 
2026-07-05 20:34:48.176848: Epoch 71
2026-07-05 20:34:48.203556: Current learning rate: 0.00936
2026-07-05 20:36:44.658552: train_loss -0.3958
2026-07-05 20:36:44.705556: val_loss -0.3748
2026-07-05 20:36:44.755556: Pseudo dice [np.float32(0.8476), np.float32(0.8691), np.float32(nan), np.float32(nan), np.float32(0.9518)]
2026-07-05 20:36:44.802552: Epoch time: 116.51 s
2026-07-05 20:36:44.838552: Yayy! New best EMA pseudo Dice: 0.8537999987602234
2026-07-05 20:36:46.589581: Early stopping: no significant improvement | val_loss=-0.374849 | best_val_loss=-0.416025 | delta=-0.041176 | wait=20/20
2026-07-05 20:36:46.617785: Early stopping triggered at epoch 72 | best_val_loss=-0.416025
2026-07-05 20:36:47.570071: Training done.
2026-07-05 20:36:47.655076: Using splits from existing split file: \\hive3065\Yael_Mishael\Rony\remote_computer backup\nnUNet_resources\multi_sample_fresh_bnei_reem_i3_scratch\nnUNet_preprocessed\Dataset777_GCEF\splits_final.json
2026-07-05 20:36:47.689073: The split file contains 1 splits.
2026-07-05 20:36:47.737073: Desired fold for training: 0
2026-07-05 20:36:47.768074: This split has 1 training and 1 validation cases.
2026-07-05 20:36:47.799074: WARNING: Some validation cases are also in the training set. Please check the splits.json or ignore if this is intentional.
2026-07-05 20:36:47.830072: predicting nlm_volume
2026-07-05 20:36:47.915072: nlm_volume, shape torch.Size([1, 600, 650, 650]), rank 0
2026-07-05 20:43:02.734218: Validation complete
2026-07-05 20:43:02.762219: Mean Validation Dice:  nan
[OK] Analytics saved to \\hive3065\Yael_Mishael\Rony\remote_computer backup\nnUNet_resources\multi_sample_fresh_bnei_reem_i3_scratch\nnUNet_results\Dataset777_GCEF\nnUNetTrainer_betterIgnoreSampling_earlyStopValLoss__nnUNetPlans__3d_fullres\analytics

=== fresh_bnei_reem_i3_scratch training complete ===
