======================================================================
Step 1: Inference — fresh_bnei_reem model
======================================================================
Input chunks (8):
  nlm_volume__2__0__130__0000.nii.gz
  nlm_volume__2__116__294__0000.nii.gz
  nlm_volume__2__198__376__0000.nii.gz
  nlm_volume__2__280__458__0000.nii.gz
  nlm_volume__2__34__212__0000.nii.gz
  nlm_volume__2__362__540__0000.nii.gz
  nlm_volume__2__444__622__0000.nii.gz
  nlm_volume__2__526__652__0000.nii.gz
Checkpoint: checkpoint_final.pth
CUDA available: True

=== Step 1: Inference ===
There are 8 cases in the source folder
I am process 0 out of 1 (max process ID is 0, we start counting with 0!)
There are 8 cases that I would like to predict

Predicting nlm_volume__2__0__130_:
perform_everything_on_device: False
Input shape: torch.Size([1, 130, 650, 650])
step_size: 0.5
mirror_axes: None
n_steps 200, image size is torch.Size([130, 650, 650]), tile_size [128, 128, 128], tile_step_size 0.5
steps:
[[0, 2], [0, 58, 116, 174, 232, 290, 348, 406, 464, 522], [0, 58, 116, 174, 232, 290, 348, 406, 464, 522]]
move image to device cpu
preallocating results arrays on device cpu

  0%|          | 0/200 [00:00<?, ?it/s]
  0%|          | 1/200 [00:01<04:34,  1.38s/it]
  2%|1         | 3/200 [00:01<01:18,  2.50it/s]
  2%|2         | 5/200 [00:01<00:43,  4.51it/s]
  4%|3         | 7/200 [00:01<00:28,  6.68it/s]
  4%|4         | 9/200 [00:01<00:21,  8.89it/s]
  6%|5         | 11/200 [00:01<00:17, 10.99it/s]
  6%|6         | 13/200 [00:02<00:14, 12.90it/s]
  8%|7         | 15/200 [00:02<00:12, 14.47it/s]
  9%|9         | 18/200 [00:02<00:11, 16.31it/s]
 10%|#         | 21/200 [00:02<00:10, 17.54it/s]
 12%|#1        | 23/200 [00:02<00:09, 18.08it/s]
 12%|#2        | 25/200 [00:02<00:09, 18.47it/s]
 14%|#3        | 27/200 [00:02<00:09, 18.82it/s]
 14%|#4        | 29/200 [00:02<00:08, 19.09it/s]
 16%|#5        | 31/200 [00:02<00:08, 19.29it/s]
 16%|#6        | 33/200 [00:03<00:08, 19.44it/s]
 18%|#7        | 35/200 [00:03<00:08, 19.60it/s]
 18%|#8        | 37/200 [00:03<00:08, 19.66it/s]
 20%|#9        | 39/200 [00:03<00:08, 19.76it/s]
 21%|##1       | 42/200 [00:03<00:07, 19.85it/s]
 22%|##2       | 44/200 [00:03<00:07, 19.79it/s]
 23%|##3       | 46/200 [00:03<00:07, 19.63it/s]
 24%|##4       | 48/200 [00:03<00:07, 19.51it/s]
 25%|##5       | 50/200 [00:03<00:07, 19.49it/s]
 26%|##6       | 52/200 [00:03<00:07, 19.58it/s]
 27%|##7       | 54/200 [00:04<00:07, 19.59it/s]
 28%|##8       | 56/200 [00:04<00:07, 19.54it/s]
 29%|##9       | 58/200 [00:04<00:07, 19.61it/s]
 30%|###       | 60/200 [00:04<00:07, 19.67it/s]
 31%|###1      | 62/200 [00:04<00:07, 19.65it/s]
 32%|###2      | 64/200 [00:04<00:06, 19.64it/s]
 33%|###3      | 66/200 [00:04<00:06, 19.57it/s]
 34%|###4      | 68/200 [00:04<00:06, 19.53it/s]
 35%|###5      | 70/200 [00:04<00:06, 19.55it/s]
 36%|###6      | 72/200 [00:05<00:06, 19.57it/s]
 37%|###7      | 74/200 [00:05<00:06, 19.64it/s]
 38%|###8      | 76/200 [00:05<00:06, 19.69it/s]
 39%|###9      | 78/200 [00:05<00:06, 19.72it/s]
 40%|####      | 80/200 [00:05<00:06, 19.69it/s]
 42%|####1     | 83/200 [00:05<00:05, 19.71it/s]
 42%|####2     | 85/200 [00:05<00:05, 19.68it/s]
 44%|####3     | 87/200 [00:05<00:05, 19.66it/s]
 44%|####4     | 89/200 [00:05<00:05, 19.70it/s]
 46%|####5     | 91/200 [00:05<00:05, 19.73it/s]
 46%|####6     | 93/200 [00:06<00:05, 19.69it/s]
 48%|####7     | 95/200 [00:06<00:05, 19.67it/s]
 48%|####8     | 97/200 [00:06<00:05, 19.59it/s]
 50%|####9     | 99/200 [00:06<00:05, 19.43it/s]
 50%|#####     | 101/200 [00:06<00:05, 19.09it/s]
 52%|#####1    | 103/200 [00:06<00:05, 18.97it/s]
 52%|#####2    | 105/200 [00:06<00:05, 18.83it/s]
 54%|#####3    | 107/200 [00:06<00:04, 18.63it/s]
 55%|#####4    | 109/200 [00:06<00:04, 18.60it/s]
 56%|#####5    | 111/200 [00:07<00:04, 18.73it/s]
 56%|#####6    | 113/200 [00:07<00:04, 18.82it/s]
 57%|#####7    | 115/200 [00:07<00:04, 18.89it/s]
 58%|#####8    | 117/200 [00:07<00:04, 18.99it/s]
 60%|#####9    | 119/200 [00:07<00:04, 19.17it/s]
 60%|######    | 121/200 [00:07<00:04, 19.25it/s]
 62%|######1   | 123/200 [00:07<00:04, 19.19it/s]
 62%|######2   | 125/200 [00:07<00:03, 19.14it/s]
 64%|######3   | 127/200 [00:07<00:03, 19.11it/s]
 64%|######4   | 129/200 [00:07<00:03, 19.15it/s]
 66%|######5   | 131/200 [00:08<00:03, 19.12it/s]
 66%|######6   | 133/200 [00:08<00:03, 19.26it/s]
 68%|######7   | 135/200 [00:08<00:03, 19.20it/s]
 68%|######8   | 137/200 [00:08<00:03, 19.10it/s]
 70%|######9   | 139/200 [00:08<00:03, 19.25it/s]
 70%|#######   | 141/200 [00:08<00:03, 19.13it/s]
 72%|#######1  | 143/200 [00:08<00:03, 18.73it/s]
 72%|#######2  | 145/200 [00:08<00:02, 18.82it/s]
 74%|#######3  | 147/200 [00:08<00:02, 18.94it/s]
 74%|#######4  | 149/200 [00:09<00:02, 19.08it/s]
 76%|#######5  | 151/200 [00:09<00:02, 19.24it/s]
 76%|#######6  | 153/200 [00:09<00:02, 19.29it/s]
 78%|#######7  | 155/200 [00:09<00:02, 19.33it/s]
 78%|#######8  | 157/200 [00:09<00:02, 19.41it/s]
 80%|#######9  | 159/200 [00:09<00:02, 19.47it/s]
 80%|########  | 161/200 [00:09<00:02, 19.45it/s]
 82%|########1 | 163/200 [00:09<00:01, 18.73it/s]
 82%|########2 | 165/200 [00:09<00:01, 18.06it/s]
 84%|########3 | 167/200 [00:09<00:01, 17.57it/s]
 84%|########4 | 169/200 [00:10<00:01, 17.85it/s]
 86%|########5 | 171/200 [00:10<00:01, 16.81it/s]
 86%|########6 | 173/200 [00:10<00:01, 16.48it/s]
 88%|########7 | 175/200 [00:10<00:01, 17.31it/s]
 88%|########8 | 177/200 [00:10<00:01, 17.99it/s]
 90%|########9 | 179/200 [00:10<00:01, 18.39it/s]
 90%|######### | 181/200 [00:10<00:01, 18.69it/s]
 92%|#########1| 183/200 [00:10<00:00, 19.01it/s]
 92%|#########2| 185/200 [00:10<00:00, 19.19it/s]
 94%|#########3| 187/200 [00:11<00:00, 19.37it/s]
 94%|#########4| 189/200 [00:11<00:00, 19.44it/s]
 96%|#########5| 191/200 [00:11<00:00, 19.55it/s]
 96%|#########6| 193/200 [00:11<00:00, 19.56it/s]
 98%|#########7| 195/200 [00:11<00:00, 19.58it/s]
 98%|#########8| 197/200 [00:11<00:00, 19.59it/s]
100%|#########9| 199/200 [00:11<00:00, 19.65it/s]
100%|##########| 200/200 [00:11<00:00, 17.05it/s]
Prediction done
sending off prediction to background worker for resampling and export
done with nlm_volume__2__0__130_

Predicting nlm_volume__2__116__294_:
perform_everything_on_device: False
Input shape: torch.Size([1, 178, 650, 650])
step_size: 0.5
mirror_axes: None
n_steps 200, image size is torch.Size([178, 650, 650]), tile_size [128, 128, 128], tile_step_size 0.5
steps:
[[0, 50], [0, 58, 116, 174, 232, 290, 348, 406, 464, 522], [0, 58, 116, 174, 232, 290, 348, 406, 464, 522]]
move image to device cpu
preallocating results arrays on device cpu

  0%|          | 0/200 [00:00<?, ?it/s]
  1%|1         | 2/200 [00:00<00:26,  7.52it/s]
  2%|2         | 4/200 [00:00<00:18, 10.49it/s]
  3%|3         | 6/200 [00:00<00:15, 12.17it/s]
  4%|4         | 8/200 [00:00<00:13, 14.11it/s]
  5%|5         | 10/200 [00:00<00:12, 15.57it/s]
  6%|6         | 12/200 [00:00<00:11, 16.60it/s]
  7%|7         | 14/200 [00:00<00:10, 17.43it/s]
  8%|8         | 16/200 [00:01<00:10, 17.91it/s]
  9%|9         | 18/200 [00:01<00:10, 18.20it/s]
 10%|#         | 20/200 [00:01<00:09, 18.30it/s]
 11%|#1        | 22/200 [00:01<00:09, 18.31it/s]
 12%|#2        | 24/200 [00:01<00:09, 18.32it/s]
 13%|#3        | 26/200 [00:01<00:09, 18.28it/s]
 14%|#4        | 28/200 [00:01<00:09, 18.30it/s]
 15%|#5        | 30/200 [00:01<00:09, 18.32it/s]
 16%|#6        | 32/200 [00:01<00:09, 18.22it/s]
 17%|#7        | 34/200 [00:02<00:09, 18.21it/s]
 18%|#8        | 36/200 [00:02<00:08, 18.40it/s]
 19%|#9        | 38/200 [00:02<00:08, 18.54it/s]
 20%|##        | 40/200 [00:02<00:08, 18.48it/s]
 21%|##1       | 42/200 [00:02<00:08, 18.70it/s]
 22%|##2       | 44/200 [00:02<00:08, 18.70it/s]
 23%|##3       | 46/200 [00:02<00:08, 18.80it/s]
 24%|##4       | 48/200 [00:02<00:08, 18.98it/s]
 25%|##5       | 50/200 [00:02<00:07, 19.00it/s]
 26%|##6       | 52/200 [00:02<00:07, 18.91it/s]
 27%|##7       | 54/200 [00:03<00:07, 18.84it/s]
 28%|##8       | 56/200 [00:03<00:07, 19.01it/s]
 29%|##9       | 58/200 [00:03<00:07, 19.13it/s]
 30%|###       | 60/200 [00:03<00:07, 19.16it/s]
 31%|###1      | 62/200 [00:03<00:07, 19.18it/s]
 32%|###2      | 64/200 [00:03<00:07, 19.20it/s]
 33%|###3      | 66/200 [00:03<00:07, 19.10it/s]
 34%|###4      | 68/200 [00:03<00:06, 19.03it/s]
 35%|###5      | 70/200 [00:03<00:06, 19.03it/s]
 36%|###6      | 72/200 [00:04<00:06, 19.04it/s]
 37%|###7      | 74/200 [00:04<00:06, 18.99it/s]
 38%|###8      | 76/200 [00:04<00:06, 18.95it/s]
 39%|###9      | 78/200 [00:04<00:06, 18.93it/s]
 40%|####      | 80/200 [00:04<00:06, 18.85it/s]
 41%|####1     | 82/200 [00:04<00:06, 18.86it/s]
 42%|####2     | 84/200 [00:04<00:06, 18.91it/s]
 43%|####3     | 86/200 [00:04<00:06, 18.90it/s]
 44%|####4     | 88/200 [00:04<00:05, 18.84it/s]
 45%|####5     | 90/200 [00:04<00:05, 18.90it/s]
 46%|####6     | 92/200 [00:05<00:05, 18.84it/s]
 47%|####6     | 94/200 [00:05<00:05, 18.74it/s]
 48%|####8     | 96/200 [00:05<00:05, 18.88it/s]
 49%|####9     | 98/200 [00:05<00:05, 19.10it/s]
 50%|#####     | 100/200 [00:05<00:05, 19.08it/s]
 51%|#####1    | 102/200 [00:05<00:05, 19.07it/s]
 52%|#####2    | 104/200 [00:05<00:05, 19.06it/s]
 53%|#####3    | 106/200 [00:05<00:04, 19.00it/s]
 54%|#####4    | 108/200 [00:05<00:04, 19.02it/s]
 55%|#####5    | 110/200 [00:06<00:04, 19.03it/s]
 56%|#####6    | 112/200 [00:06<00:04, 19.09it/s]
 57%|#####6    | 114/200 [00:06<00:04, 19.19it/s]
 58%|#####8    | 116/200 [00:06<00:04, 19.09it/s]
 59%|#####8    | 118/200 [00:06<00:04, 19.08it/s]
 60%|######    | 120/200 [00:06<00:04, 19.12it/s]
 61%|######1   | 122/200 [00:06<00:04, 19.05it/s]
 62%|######2   | 124/200 [00:06<00:04, 18.99it/s]
 63%|######3   | 126/200 [00:06<00:03, 18.95it/s]
 64%|######4   | 128/200 [00:06<00:03, 18.93it/s]
 65%|######5   | 130/200 [00:07<00:03, 18.96it/s]
 66%|######6   | 132/200 [00:07<00:03, 18.99it/s]
 67%|######7   | 134/200 [00:07<00:03, 19.06it/s]
 68%|######8   | 136/200 [00:07<00:03, 19.11it/s]
 69%|######9   | 138/200 [00:07<00:03, 19.15it/s]
 70%|#######   | 140/200 [00:07<00:03, 19.23it/s]
 71%|#######1  | 142/200 [00:07<00:03, 19.12it/s]
 72%|#######2  | 144/200 [00:07<00:02, 19.04it/s]
 73%|#######3  | 146/200 [00:07<00:02, 18.99it/s]
 74%|#######4  | 148/200 [00:08<00:02, 18.95it/s]
 75%|#######5  | 150/200 [00:08<00:02, 18.98it/s]
 76%|#######6  | 152/200 [00:08<00:02, 18.95it/s]
 77%|#######7  | 154/200 [00:08<00:02, 18.98it/s]
 78%|#######8  | 156/200 [00:08<00:02, 19.00it/s]
 79%|#######9  | 158/200 [00:08<00:02, 19.01it/s]
 80%|########  | 160/200 [00:08<00:02, 18.97it/s]
 81%|########1 | 162/200 [00:08<00:02, 18.94it/s]
 82%|########2 | 164/200 [00:08<00:01, 18.97it/s]
 83%|########2 | 166/200 [00:08<00:01, 18.99it/s]
 84%|########4 | 168/200 [00:09<00:01, 19.12it/s]
 85%|########5 | 170/200 [00:09<00:01, 19.10it/s]
 86%|########6 | 172/200 [00:09<00:01, 19.08it/s]
 87%|########7 | 174/200 [00:09<00:01, 19.07it/s]
 88%|########8 | 176/200 [00:09<00:01, 19.01it/s]
 89%|########9 | 178/200 [00:09<00:01, 19.08it/s]
 90%|######### | 180/200 [00:09<00:01, 19.01it/s]
 91%|#########1| 182/200 [00:09<00:00, 18.97it/s]
 92%|#########2| 184/200 [00:09<00:00, 18.94it/s]
 93%|#########3| 186/200 [00:10<00:00, 19.03it/s]
 94%|#########3| 188/200 [00:10<00:00, 19.03it/s]
 95%|#########5| 190/200 [00:10<00:00, 18.98it/s]
 96%|#########6| 192/200 [00:10<00:00, 19.06it/s]
 97%|#########7| 194/200 [00:10<00:00, 19.00it/s]
 98%|#########8| 196/200 [00:10<00:00, 19.01it/s]
 99%|#########9| 198/200 [00:10<00:00, 19.08it/s]
100%|##########| 200/200 [00:10<00:00, 19.12it/s]
100%|##########| 200/200 [00:10<00:00, 18.56it/s]
Prediction done
sending off prediction to background worker for resampling and export
done with nlm_volume__2__116__294_

Predicting nlm_volume__2__198__376_:
perform_everything_on_device: False
Input shape: torch.Size([1, 178, 650, 650])
step_size: 0.5
mirror_axes: None
n_steps 200, image size is torch.Size([178, 650, 650]), tile_size [128, 128, 128], tile_step_size 0.5
steps:
[[0, 50], [0, 58, 116, 174, 232, 290, 348, 406, 464, 522], [0, 58, 116, 174, 232, 290, 348, 406, 464, 522]]
move image to device cpu
preallocating results arrays on device cpu

  0%|          | 0/200 [00:00<?, ?it/s]
  0%|          | 1/200 [00:00<01:02,  3.18it/s]
  1%|1         | 2/200 [00:00<00:37,  5.25it/s]
  2%|2         | 4/200 [00:00<00:23,  8.29it/s]
  3%|3         | 6/200 [00:00<00:17, 11.04it/s]
  4%|4         | 8/200 [00:00<00:14, 13.33it/s]
  5%|5         | 10/200 [00:00<00:12, 14.93it/s]
  6%|6         | 12/200 [00:01<00:11, 16.17it/s]
  7%|7         | 14/200 [00:01<00:10, 17.02it/s]
  8%|8         | 16/200 [00:01<00:10, 17.77it/s]
  9%|9         | 18/200 [00:01<00:09, 18.36it/s]
 10%|#         | 21/200 [00:01<00:09, 18.98it/s]
 12%|#1        | 23/200 [00:01<00:09, 19.20it/s]
 12%|#2        | 25/200 [00:01<00:09, 19.32it/s]
 14%|#3        | 27/200 [00:01<00:08, 19.35it/s]
 14%|#4        | 29/200 [00:01<00:08, 19.37it/s]
 16%|#5        | 31/200 [00:01<00:08, 19.44it/s]
 16%|#6        | 33/200 [00:02<00:08, 19.49it/s]
 18%|#7        | 35/200 [00:02<00:08, 19.41it/s]
 19%|#9        | 38/200 [00:02<00:08, 19.64it/s]
 20%|##        | 41/200 [00:02<00:08, 19.86it/s]
 22%|##2       | 44/200 [00:02<00:07, 19.95it/s]
 24%|##3       | 47/200 [00:02<00:07, 19.92it/s]
 24%|##4       | 49/200 [00:02<00:07, 19.75it/s]
 26%|##5       | 51/200 [00:02<00:07, 19.62it/s]
 26%|##6       | 53/200 [00:03<00:07, 19.57it/s]
 28%|##7       | 55/200 [00:03<00:07, 19.52it/s]
 28%|##8       | 57/200 [00:03<00:07, 19.44it/s]
 30%|##9       | 59/200 [00:03<00:07, 19.27it/s]
 30%|###       | 61/200 [00:03<00:07, 19.31it/s]
 32%|###1      | 63/200 [00:03<00:07, 19.40it/s]
 32%|###2      | 65/200 [00:03<00:06, 19.41it/s]
 34%|###3      | 67/200 [00:03<00:06, 19.41it/s]
 34%|###4      | 69/200 [00:03<00:06, 19.36it/s]
 36%|###5      | 71/200 [00:04<00:06, 19.32it/s]
 36%|###6      | 73/200 [00:04<00:06, 19.35it/s]
 38%|###7      | 75/200 [00:04<00:06, 19.37it/s]
 38%|###8      | 77/200 [00:04<00:06, 19.27it/s]
 40%|###9      | 79/200 [00:04<00:06, 19.26it/s]
 40%|####      | 81/200 [00:04<00:06, 19.14it/s]
 42%|####1     | 83/200 [00:04<00:06, 19.33it/s]
 42%|####2     | 85/200 [00:04<00:05, 19.42it/s]
 44%|####3     | 87/200 [00:04<00:05, 19.25it/s]
 44%|####4     | 89/200 [00:04<00:05, 19.30it/s]
 46%|####5     | 91/200 [00:05<00:05, 19.33it/s]
 46%|####6     | 93/200 [00:05<00:05, 19.41it/s]
 48%|####7     | 95/200 [00:05<00:05, 19.47it/s]
 48%|####8     | 97/200 [00:05<00:05, 19.51it/s]
 50%|####9     | 99/200 [00:05<00:05, 19.60it/s]
 50%|#####     | 101/200 [00:05<00:05, 19.54it/s]
 52%|#####1    | 103/200 [00:05<00:04, 19.45it/s]
 52%|#####2    | 105/200 [00:05<00:04, 19.44it/s]
 54%|#####3    | 107/200 [00:05<00:04, 19.38it/s]
 55%|#####4    | 109/200 [00:05<00:04, 19.33it/s]
 56%|#####5    | 111/200 [00:06<00:04, 19.30it/s]
 56%|#####6    | 113/200 [00:06<00:04, 19.34it/s]
 57%|#####7    | 115/200 [00:06<00:04, 19.36it/s]
 58%|#####8    | 117/200 [00:06<00:04, 19.38it/s]
 60%|#####9    | 119/200 [00:06<00:04, 19.39it/s]
 60%|######    | 121/200 [00:06<00:04, 19.40it/s]
 62%|######1   | 123/200 [00:06<00:03, 19.40it/s]
 62%|######2   | 125/200 [00:06<00:03, 19.46it/s]
 64%|######3   | 127/200 [00:06<00:03, 19.45it/s]
 64%|######4   | 129/200 [00:07<00:03, 19.44it/s]
 66%|######5   | 131/200 [00:07<00:03, 19.43it/s]
 66%|######6   | 133/200 [00:07<00:03, 19.37it/s]
 68%|######7   | 135/200 [00:07<00:03, 19.33it/s]
 68%|######8   | 137/200 [00:07<00:03, 19.36it/s]
 70%|######9   | 139/200 [00:07<00:03, 19.37it/s]
 70%|#######   | 141/200 [00:07<00:03, 19.39it/s]
 72%|#######1  | 143/200 [00:07<00:02, 19.45it/s]
 72%|#######2  | 145/200 [00:07<00:02, 19.39it/s]
 74%|#######3  | 147/200 [00:07<00:02, 19.28it/s]
 74%|#######4  | 149/200 [00:08<00:02, 19.27it/s]
 76%|#######5  | 151/200 [00:08<00:02, 19.37it/s]
 76%|#######6  | 153/200 [00:08<00:02, 19.38it/s]
 78%|#######7  | 155/200 [00:08<00:02, 19.51it/s]
 78%|#######8  | 157/200 [00:08<00:02, 19.48it/s]
 80%|#######9  | 159/200 [00:08<00:02, 19.46it/s]
 80%|########  | 161/200 [00:08<00:02, 19.34it/s]
 82%|########1 | 163/200 [00:08<00:01, 19.36it/s]
 82%|########2 | 165/200 [00:08<00:01, 19.32it/s]
 84%|########3 | 167/200 [00:08<00:01, 19.35it/s]
 84%|########4 | 169/200 [00:09<00:01, 19.31it/s]
 86%|########5 | 171/200 [00:09<00:01, 19.34it/s]
 86%|########6 | 173/200 [00:09<00:01, 19.37it/s]
 88%|########7 | 175/200 [00:09<00:01, 19.27it/s]
 88%|########8 | 177/200 [00:09<00:01, 19.26it/s]
 90%|########9 | 179/200 [00:09<00:01, 19.31it/s]
 90%|######### | 181/200 [00:09<00:00, 19.34it/s]
 92%|#########1| 183/200 [00:09<00:00, 19.42it/s]
 92%|#########2| 185/200 [00:09<00:00, 19.36it/s]
 94%|#########3| 187/200 [00:10<00:00, 19.32it/s]
 94%|#########4| 189/200 [00:10<00:00, 19.35it/s]
 96%|#########5| 191/200 [00:10<00:00, 19.26it/s]
 96%|#########6| 193/200 [00:10<00:00, 19.19it/s]
 98%|#########7| 195/200 [00:10<00:00, 19.32it/s]
 98%|#########8| 197/200 [00:10<00:00, 19.35it/s]
100%|#########9| 199/200 [00:10<00:00, 19.48it/s]
100%|##########| 200/200 [00:10<00:00, 18.73it/s]
Prediction done
sending off prediction to background worker for resampling and export
done with nlm_volume__2__198__376_

Predicting nlm_volume__2__280__458_:
perform_everything_on_device: False
Input shape: torch.Size([1, 178, 650, 650])
step_size: 0.5
mirror_axes: None
n_steps 200, image size is torch.Size([178, 650, 650]), tile_size [128, 128, 128], tile_step_size 0.5
steps:
[[0, 50], [0, 58, 116, 174, 232, 290, 348, 406, 464, 522], [0, 58, 116, 174, 232, 290, 348, 406, 464, 522]]
move image to device cpu
preallocating results arrays on device cpu

  0%|          | 0/200 [00:00<?, ?it/s]
  0%|          | 1/200 [00:00<00:28,  6.94it/s]
  1%|1         | 2/200 [00:00<00:24,  8.14it/s]
  2%|2         | 4/200 [00:00<00:20,  9.69it/s]
  3%|3         | 6/200 [00:00<00:17, 11.01it/s]
  4%|4         | 8/200 [00:00<00:15, 12.76it/s]
  5%|5         | 10/200 [00:00<00:12, 14.70it/s]
  6%|6         | 13/200 [00:00<00:11, 16.76it/s]
  8%|8         | 16/200 [00:01<00:10, 17.96it/s]
  9%|9         | 18/200 [00:01<00:09, 18.33it/s]
 10%|#         | 20/200 [00:01<00:09, 18.52it/s]
 11%|#1        | 22/200 [00:01<00:09, 18.87it/s]
 12%|#2        | 24/200 [00:01<00:09, 19.18it/s]
 14%|#3        | 27/200 [00:01<00:08, 19.53it/s]
 15%|#5        | 30/200 [00:01<00:08, 19.70it/s]
 16%|#6        | 32/200 [00:01<00:08, 19.67it/s]
 17%|#7        | 34/200 [00:02<00:08, 19.45it/s]
 18%|#8        | 36/200 [00:02<00:08, 19.34it/s]
 19%|#9        | 38/200 [00:02<00:08, 19.26it/s]
 20%|##        | 40/200 [00:02<00:08, 19.09it/s]
 21%|##1       | 42/200 [00:02<00:08, 18.92it/s]
 22%|##2       | 44/200 [00:02<00:08, 18.75it/s]
 23%|##3       | 46/200 [00:02<00:08, 18.73it/s]
 24%|##4       | 48/200 [00:02<00:08, 18.93it/s]
 25%|##5       | 50/200 [00:02<00:07, 18.91it/s]
 26%|##6       | 52/200 [00:02<00:07, 18.74it/s]
 27%|##7       | 54/200 [00:03<00:07, 18.94it/s]
 28%|##8       | 56/200 [00:03<00:07, 19.08it/s]
 29%|##9       | 58/200 [00:03<00:07, 18.80it/s]
 30%|###       | 60/200 [00:03<00:07, 18.56it/s]
 31%|###1      | 62/200 [00:03<00:07, 18.39it/s]
 32%|###2      | 64/200 [00:03<00:07, 18.33it/s]
 33%|###3      | 66/200 [00:03<00:07, 18.70it/s]
 34%|###4      | 68/200 [00:03<00:06, 19.01it/s]
 36%|###5      | 71/200 [00:03<00:06, 19.39it/s]
 37%|###7      | 74/200 [00:04<00:06, 19.56it/s]
 38%|###8      | 76/200 [00:04<00:06, 19.57it/s]
 39%|###9      | 78/200 [00:04<00:06, 19.58it/s]
 40%|####      | 80/200 [00:04<00:06, 19.64it/s]
 41%|####1     | 82/200 [00:04<00:06, 19.63it/s]
 42%|####2     | 84/200 [00:04<00:05, 19.41it/s]
 43%|####3     | 86/200 [00:04<00:06, 18.98it/s]
 44%|####4     | 88/200 [00:04<00:05, 19.00it/s]
 45%|####5     | 90/200 [00:04<00:05, 19.12it/s]
 46%|####6     | 92/200 [00:05<00:05, 18.99it/s]
 47%|####6     | 94/200 [00:05<00:05, 19.12it/s]
 48%|####8     | 96/200 [00:05<00:05, 19.26it/s]
 49%|####9     | 98/200 [00:05<00:05, 19.36it/s]
 50%|#####     | 100/200 [00:05<00:05, 19.32it/s]
 51%|#####1    | 102/200 [00:05<00:05, 19.30it/s]
 52%|#####2    | 104/200 [00:05<00:04, 19.22it/s]
 53%|#####3    | 106/200 [00:05<00:04, 19.28it/s]
 54%|#####4    | 108/200 [00:05<00:04, 19.26it/s]
 55%|#####5    | 110/200 [00:06<00:04, 19.25it/s]
 56%|#####6    | 112/200 [00:06<00:04, 19.14it/s]
 57%|#####6    | 114/200 [00:06<00:04, 19.16it/s]
 58%|#####8    | 116/200 [00:06<00:04, 19.18it/s]
 59%|#####8    | 118/200 [00:06<00:04, 19.14it/s]
 60%|######    | 120/200 [00:06<00:04, 19.11it/s]
 61%|######1   | 122/200 [00:06<00:04, 19.15it/s]
 62%|######2   | 124/200 [00:06<00:03, 19.17it/s]
 63%|######3   | 126/200 [00:06<00:03, 19.14it/s]
 64%|######4   | 128/200 [00:06<00:03, 19.33it/s]
 65%|######5   | 130/200 [00:07<00:03, 19.36it/s]
 66%|######6   | 132/200 [00:07<00:03, 19.32it/s]
 67%|######7   | 134/200 [00:07<00:03, 19.24it/s]
 68%|######8   | 136/200 [00:07<00:03, 19.29it/s]
 69%|######9   | 138/200 [00:07<00:03, 19.33it/s]
 70%|#######   | 140/200 [00:07<00:03, 19.41it/s]
 71%|#######1  | 142/200 [00:07<00:02, 19.47it/s]
 72%|#######2  | 144/200 [00:07<00:02, 19.45it/s]
 73%|#######3  | 146/200 [00:07<00:02, 19.50it/s]
 74%|#######4  | 148/200 [00:07<00:02, 19.48it/s]
 75%|#######5  | 150/200 [00:08<00:02, 19.40it/s]
 76%|#######6  | 152/200 [00:08<00:02, 19.24it/s]
 77%|#######7  | 154/200 [00:08<00:02, 19.13it/s]
 78%|#######8  | 156/200 [00:08<00:02, 19.16it/s]
 79%|#######9  | 158/200 [00:08<00:02, 19.12it/s]
 80%|########  | 160/200 [00:08<00:02, 19.05it/s]
 81%|########1 | 162/200 [00:08<00:02, 18.99it/s]
 82%|########2 | 164/200 [00:08<00:01, 19.06it/s]
 83%|########2 | 166/200 [00:08<00:01, 19.11it/s]
 84%|########4 | 168/200 [00:09<00:01, 19.15it/s]
 85%|########5 | 170/200 [00:09<00:01, 19.23it/s]
 86%|########6 | 172/200 [00:09<00:01, 19.17it/s]
 87%|########7 | 174/200 [00:09<00:01, 19.14it/s]
 88%|########8 | 176/200 [00:09<00:01, 19.05it/s]
 89%|########9 | 178/200 [00:09<00:01, 19.05it/s]
 90%|######### | 180/200 [00:09<00:01, 19.05it/s]
 91%|#########1| 182/200 [00:09<00:00, 19.05it/s]
 92%|#########2| 184/200 [00:09<00:00, 19.27it/s]
 93%|#########3| 186/200 [00:09<00:00, 19.37it/s]
 94%|#########3| 188/200 [00:10<00:00, 19.38it/s]
 95%|#########5| 190/200 [00:10<00:00, 19.34it/s]
 96%|#########6| 192/200 [00:10<00:00, 19.19it/s]
 97%|#########7| 194/200 [00:10<00:00, 19.21it/s]
 98%|#########8| 196/200 [00:10<00:00, 19.27it/s]
 99%|#########9| 198/200 [00:10<00:00, 19.26it/s]
100%|##########| 200/200 [00:10<00:00, 19.25it/s]
100%|##########| 200/200 [00:10<00:00, 18.72it/s]
Prediction done
sending off prediction to background worker for resampling and export
done with nlm_volume__2__280__458_

Predicting nlm_volume__2__34__212_:
perform_everything_on_device: False
Input shape: torch.Size([1, 178, 650, 650])
step_size: 0.5
mirror_axes: None
n_steps 200, image size is torch.Size([178, 650, 650]), tile_size [128, 128, 128], tile_step_size 0.5
steps:
[[0, 50], [0, 58, 116, 174, 232, 290, 348, 406, 464, 522], [0, 58, 116, 174, 232, 290, 348, 406, 464, 522]]
move image to device cpu
preallocating results arrays on device cpu

  0%|          | 0/200 [00:00<?, ?it/s]
  1%|1         | 2/200 [00:00<00:12, 16.39it/s]
  2%|2         | 4/200 [00:00<00:10, 17.95it/s]
  3%|3         | 6/200 [00:00<00:10, 18.28it/s]
  4%|4         | 8/200 [00:00<00:10, 18.71it/s]
  5%|5         | 10/200 [00:00<00:09, 19.03it/s]
  6%|6         | 12/200 [00:00<00:09, 19.10it/s]
  7%|7         | 14/200 [00:00<00:09, 19.14it/s]
  8%|8         | 16/200 [00:00<00:09, 19.29it/s]
  9%|9         | 18/200 [00:00<00:09, 19.33it/s]
 10%|#         | 20/200 [00:01<00:09, 19.24it/s]
 11%|#1        | 22/200 [00:01<00:09, 19.24it/s]
 12%|#2        | 24/200 [00:01<00:09, 19.24it/s]
 13%|#3        | 26/200 [00:01<00:08, 19.35it/s]
 14%|#4        | 28/200 [00:01<00:08, 19.37it/s]
 15%|#5        | 30/200 [00:01<00:08, 19.33it/s]
 16%|#6        | 32/200 [00:01<00:08, 19.13it/s]
 17%|#7        | 34/200 [00:01<00:08, 19.05it/s]
 18%|#8        | 36/200 [00:01<00:08, 19.16it/s]
 19%|#9        | 38/200 [00:01<00:08, 19.07it/s]
 20%|##        | 40/200 [00:02<00:08, 19.06it/s]
 21%|##1       | 42/200 [00:02<00:08, 18.95it/s]
 22%|##2       | 44/200 [00:02<00:08, 18.87it/s]
 23%|##3       | 46/200 [00:02<00:08, 18.87it/s]
 24%|##4       | 48/200 [00:02<00:08, 18.87it/s]
 25%|##5       | 50/200 [00:02<00:08, 18.66it/s]
 26%|##6       | 52/200 [00:02<00:07, 18.83it/s]
 27%|##7       | 54/200 [00:02<00:07, 18.79it/s]
 28%|##8       | 56/200 [00:02<00:07, 18.86it/s]
 29%|##9       | 58/200 [00:03<00:07, 18.92it/s]
 30%|###       | 60/200 [00:03<00:07, 18.96it/s]
 31%|###1      | 62/200 [00:03<00:07, 19.04it/s]
 32%|###2      | 64/200 [00:03<00:07, 19.15it/s]
 33%|###3      | 66/200 [00:03<00:06, 19.17it/s]
 34%|###4      | 68/200 [00:03<00:06, 19.19it/s]
 35%|###5      | 70/200 [00:03<00:06, 19.20it/s]
 36%|###6      | 72/200 [00:03<00:06, 19.27it/s]
 37%|###7      | 74/200 [00:03<00:06, 19.26it/s]
 38%|###8      | 76/200 [00:03<00:06, 19.25it/s]
 39%|###9      | 78/200 [00:04<00:06, 19.24it/s]
 40%|####      | 80/200 [00:04<00:06, 19.02it/s]
 41%|####1     | 82/200 [00:04<00:06, 18.81it/s]
 42%|####2     | 84/200 [00:04<00:06, 18.94it/s]
 43%|####3     | 86/200 [00:04<00:05, 19.02it/s]
 44%|####4     | 88/200 [00:04<00:05, 19.03it/s]
 45%|####5     | 90/200 [00:04<00:05, 19.20it/s]
 46%|####6     | 92/200 [00:04<00:05, 19.21it/s]
 47%|####6     | 94/200 [00:04<00:05, 19.22it/s]
 48%|####8     | 96/200 [00:05<00:05, 18.73it/s]
 49%|####9     | 98/200 [00:05<00:05, 18.72it/s]
 50%|#####     | 100/200 [00:05<00:05, 18.77it/s]
 51%|#####1    | 102/200 [00:05<00:05, 18.90it/s]
 52%|#####2    | 104/200 [00:05<00:05, 19.11it/s]
 53%|#####3    | 106/200 [00:05<00:04, 19.26it/s]
 55%|#####4    | 109/200 [00:05<00:04, 19.54it/s]
 56%|#####5    | 111/200 [00:05<00:04, 19.61it/s]
 57%|#####6    | 114/200 [00:05<00:04, 19.70it/s]
 58%|#####8    | 116/200 [00:06<00:04, 19.73it/s]
 59%|#####8    | 118/200 [00:06<00:04, 19.49it/s]
 60%|######    | 120/200 [00:06<00:04, 19.21it/s]
 61%|######1   | 122/200 [00:06<00:04, 19.16it/s]
 62%|######2   | 124/200 [00:06<00:04, 18.97it/s]
 63%|######3   | 126/200 [00:06<00:03, 18.73it/s]
 64%|######4   | 128/200 [00:06<00:03, 18.57it/s]
 65%|######5   | 130/200 [00:06<00:03, 18.45it/s]
 66%|######6   | 132/200 [00:06<00:03, 18.47it/s]
 67%|######7   | 134/200 [00:07<00:03, 18.28it/s]
 68%|######8   | 136/200 [00:07<00:03, 18.51it/s]
 69%|######9   | 138/200 [00:07<00:03, 18.77it/s]
 70%|#######   | 140/200 [00:07<00:03, 18.96it/s]
 71%|#######1  | 142/200 [00:07<00:03, 19.15it/s]
 72%|#######2  | 144/200 [00:07<00:02, 19.23it/s]
 73%|#######3  | 146/200 [00:07<00:02, 19.28it/s]
 74%|#######4  | 148/200 [00:07<00:02, 19.21it/s]
 75%|#######5  | 150/200 [00:07<00:02, 19.22it/s]
 76%|#######6  | 152/200 [00:07<00:02, 19.28it/s]
 77%|#######7  | 154/200 [00:08<00:02, 19.43it/s]
 78%|#######8  | 156/200 [00:08<00:02, 19.37it/s]
 79%|#######9  | 158/200 [00:08<00:02, 19.33it/s]
 80%|########  | 160/200 [00:08<00:02, 19.30it/s]
 81%|########1 | 162/200 [00:08<00:01, 19.39it/s]
 82%|########2 | 164/200 [00:08<00:01, 19.34it/s]
 83%|########2 | 166/200 [00:08<00:01, 19.31it/s]
 84%|########4 | 168/200 [00:08<00:01, 19.29it/s]
 85%|########5 | 170/200 [00:08<00:01, 19.16it/s]
 86%|########6 | 172/200 [00:09<00:01, 18.96it/s]
 87%|########7 | 174/200 [00:09<00:01, 18.83it/s]
 88%|########8 | 176/200 [00:09<00:01, 18.68it/s]
 89%|########9 | 178/200 [00:09<00:01, 18.68it/s]
 90%|######### | 180/200 [00:09<00:01, 18.69it/s]
 91%|#########1| 182/200 [00:09<00:00, 18.58it/s]
 92%|#########2| 184/200 [00:09<00:00, 18.67it/s]
 93%|#########3| 186/200 [00:09<00:00, 18.68it/s]
 94%|#########3| 188/200 [00:09<00:00, 18.79it/s]
 95%|#########5| 190/200 [00:09<00:00, 18.81it/s]
 96%|#########6| 192/200 [00:10<00:00, 18.83it/s]
 97%|#########7| 194/200 [00:10<00:00, 18.73it/s]
 98%|#########8| 196/200 [00:10<00:00, 18.83it/s]
 99%|#########9| 198/200 [00:10<00:00, 18.95it/s]
100%|##########| 200/200 [00:10<00:00, 18.98it/s]
100%|##########| 200/200 [00:10<00:00, 19.02it/s]
Prediction done
sending off prediction to background worker for resampling and export
done with nlm_volume__2__34__212_

Predicting nlm_volume__2__362__540_:
perform_everything_on_device: False
Input shape: torch.Size([1, 178, 650, 650])
step_size: 0.5
mirror_axes: None
n_steps 200, image size is torch.Size([178, 650, 650]), tile_size [128, 128, 128], tile_step_size 0.5
steps:
[[0, 50], [0, 58, 116, 174, 232, 290, 348, 406, 464, 522], [0, 58, 116, 174, 232, 290, 348, 406, 464, 522]]
move image to device cpu
preallocating results arrays on device cpu

  0%|          | 0/200 [00:00<?, ?it/s]
  1%|1         | 2/200 [00:00<00:12, 16.26it/s]
  2%|2         | 4/200 [00:00<00:10, 18.08it/s]
  3%|3         | 6/200 [00:00<00:10, 18.74it/s]
  4%|4         | 8/200 [00:00<00:10, 19.00it/s]
  5%|5         | 10/200 [00:00<00:09, 19.09it/s]
  6%|6         | 12/200 [00:00<00:09, 19.13it/s]
  7%|7         | 14/200 [00:00<00:09, 19.17it/s]
  8%|8         | 16/200 [00:00<00:09, 19.13it/s]
  9%|9         | 18/200 [00:00<00:09, 19.22it/s]
 10%|#         | 20/200 [00:01<00:09, 19.11it/s]
 11%|#1        | 22/200 [00:01<00:09, 19.15it/s]
 12%|#2        | 24/200 [00:01<00:09, 19.12it/s]
 13%|#3        | 26/200 [00:01<00:09, 19.10it/s]
 14%|#4        | 28/200 [00:01<00:09, 18.97it/s]
 15%|#5        | 30/200 [00:01<00:09, 18.89it/s]
 16%|#6        | 32/200 [00:01<00:08, 19.04it/s]
 17%|#7        | 34/200 [00:01<00:08, 19.15it/s]
 18%|#8        | 36/200 [00:01<00:08, 19.12it/s]
 19%|#9        | 38/200 [00:02<00:08, 19.10it/s]
 20%|##        | 40/200 [00:02<00:08, 19.03it/s]
 21%|##1       | 42/200 [00:02<00:08, 19.09it/s]
 22%|##2       | 44/200 [00:02<00:08, 19.13it/s]
 23%|##3       | 46/200 [00:02<00:08, 18.89it/s]
 24%|##4       | 48/200 [00:02<00:08, 18.94it/s]
 25%|##5       | 50/200 [00:02<00:07, 18.92it/s]
 26%|##6       | 52/200 [00:02<00:07, 18.90it/s]
 27%|##7       | 54/200 [00:02<00:07, 18.73it/s]
 28%|##8       | 56/200 [00:02<00:07, 18.62it/s]
 29%|##9       | 58/200 [00:03<00:07, 18.64it/s]
 30%|###       | 60/200 [00:03<00:07, 18.45it/s]
 31%|###1      | 62/200 [00:03<00:07, 18.47it/s]
 32%|###2      | 64/200 [00:03<00:07, 18.38it/s]
 33%|###3      | 66/200 [00:03<00:07, 18.63it/s]
 34%|###4      | 68/200 [00:03<00:07, 18.60it/s]
 35%|###5      | 70/200 [00:03<00:06, 18.57it/s]
 36%|###6      | 72/200 [00:03<00:06, 18.50it/s]
 37%|###7      | 74/200 [00:03<00:06, 18.36it/s]
 38%|###8      | 76/200 [00:04<00:06, 18.40it/s]
 39%|###9      | 78/200 [00:04<00:06, 18.49it/s]
 40%|####      | 80/200 [00:04<00:06, 18.65it/s]
 41%|####1     | 82/200 [00:04<00:06, 18.77it/s]
 42%|####2     | 84/200 [00:04<00:06, 18.91it/s]
 43%|####3     | 86/200 [00:04<00:06, 18.89it/s]
 44%|####4     | 88/200 [00:04<00:05, 18.73it/s]
 45%|####5     | 90/200 [00:04<00:05, 18.66it/s]
 46%|####6     | 92/200 [00:04<00:05, 18.78it/s]
 47%|####6     | 94/200 [00:04<00:05, 18.86it/s]
 48%|####8     | 96/200 [00:05<00:05, 18.86it/s]
 49%|####9     | 98/200 [00:05<00:05, 18.81it/s]
 50%|#####     | 100/200 [00:05<00:05, 18.88it/s]
 51%|#####1    | 102/200 [00:05<00:05, 18.93it/s]
 52%|#####2    | 104/200 [00:05<00:05, 19.07it/s]
 53%|#####3    | 106/200 [00:05<00:04, 19.18it/s]
 54%|#####4    | 108/200 [00:05<00:04, 19.14it/s]
 55%|#####5    | 110/200 [00:05<00:04, 19.17it/s]
 56%|#####6    | 112/200 [00:05<00:05, 17.20it/s]
 57%|#####6    | 114/200 [00:06<00:05, 17.04it/s]
 58%|#####8    | 116/200 [00:06<00:04, 16.97it/s]
 59%|#####8    | 118/200 [00:06<00:04, 16.83it/s]
 60%|######    | 120/200 [00:06<00:04, 16.74it/s]
 61%|######1   | 122/200 [00:06<00:04, 17.33it/s]
 62%|######2   | 124/200 [00:06<00:04, 17.86it/s]
 63%|######3   | 126/200 [00:06<00:04, 18.10it/s]
 64%|######4   | 128/200 [00:06<00:03, 18.32it/s]
 65%|######5   | 130/200 [00:06<00:03, 18.54it/s]
 66%|######6   | 132/200 [00:07<00:03, 18.63it/s]
 67%|######7   | 134/200 [00:07<00:03, 18.65it/s]
 68%|######8   | 136/200 [00:07<00:03, 18.66it/s]
 69%|######9   | 138/200 [00:07<00:03, 18.62it/s]
 70%|#######   | 140/200 [00:07<00:03, 18.64it/s]
 71%|#######1  | 142/200 [00:07<00:03, 18.76it/s]
 72%|#######2  | 144/200 [00:07<00:02, 19.06it/s]
 73%|#######3  | 146/200 [00:07<00:02, 19.33it/s]
 74%|#######4  | 148/200 [00:07<00:02, 19.42it/s]
 75%|#######5  | 150/200 [00:08<00:02, 19.47it/s]
 76%|#######6  | 152/200 [00:08<00:02, 19.46it/s]
 77%|#######7  | 154/200 [00:08<00:02, 19.44it/s]
 78%|#######8  | 156/200 [00:08<00:02, 19.38it/s]
 79%|#######9  | 158/200 [00:08<00:02, 19.39it/s]
 80%|########  | 160/200 [00:08<00:02, 19.51it/s]
 81%|########1 | 162/200 [00:08<00:01, 19.54it/s]
 82%|########2 | 165/200 [00:08<00:01, 19.72it/s]
 84%|########3 | 167/200 [00:08<00:01, 19.79it/s]
 85%|########5 | 170/200 [00:09<00:01, 19.82it/s]
 86%|########6 | 172/200 [00:09<00:01, 19.82it/s]
 87%|########7 | 174/200 [00:09<00:01, 19.81it/s]
 88%|########8 | 176/200 [00:09<00:01, 19.75it/s]
 89%|########9 | 178/200 [00:09<00:01, 19.77it/s]
 90%|######### | 180/200 [00:09<00:01, 19.78it/s]
 91%|#########1| 182/200 [00:09<00:00, 19.78it/s]
 92%|#########2| 184/200 [00:09<00:00, 19.79it/s]
 93%|#########3| 186/200 [00:09<00:00, 19.51it/s]
 94%|#########3| 188/200 [00:09<00:00, 19.26it/s]
 95%|#########5| 190/200 [00:10<00:00, 19.03it/s]
 96%|#########6| 192/200 [00:10<00:00, 18.77it/s]
 97%|#########7| 194/200 [00:10<00:00, 18.91it/s]
 98%|#########8| 196/200 [00:10<00:00, 18.89it/s]
 99%|#########9| 198/200 [00:10<00:00, 18.52it/s]
100%|##########| 200/200 [00:10<00:00, 18.47it/s]
100%|##########| 200/200 [00:10<00:00, 18.83it/s]
Prediction done
sending off prediction to background worker for resampling and export
done with nlm_volume__2__362__540_

Predicting nlm_volume__2__444__622_:
perform_everything_on_device: False
Input shape: torch.Size([1, 178, 650, 650])
step_size: 0.5
mirror_axes: None
n_steps 200, image size is torch.Size([178, 650, 650]), tile_size [128, 128, 128], tile_step_size 0.5
steps:
[[0, 50], [0, 58, 116, 174, 232, 290, 348, 406, 464, 522], [0, 58, 116, 174, 232, 290, 348, 406, 464, 522]]
move image to device cpu
preallocating results arrays on device cpu

  0%|          | 0/200 [00:00<?, ?it/s]
  1%|1         | 2/200 [00:00<00:11, 16.67it/s]
  2%|2         | 4/200 [00:00<00:10, 18.08it/s]
  3%|3         | 6/200 [00:00<00:10, 18.75it/s]
  4%|4         | 8/200 [00:00<00:10, 19.01it/s]
  5%|5         | 10/200 [00:00<00:09, 19.15it/s]
  6%|6         | 12/200 [00:00<00:09, 19.31it/s]
  7%|7         | 14/200 [00:00<00:09, 19.22it/s]
  8%|8         | 16/200 [00:00<00:09, 19.22it/s]
  9%|9         | 18/200 [00:00<00:09, 19.17it/s]
 10%|#         | 20/200 [00:01<00:09, 19.13it/s]
 11%|#1        | 22/200 [00:01<00:09, 19.16it/s]
 12%|#2        | 24/200 [00:01<00:09, 19.18it/s]
 13%|#3        | 26/200 [00:01<00:09, 19.25it/s]
 14%|#4        | 28/200 [00:01<00:08, 19.30it/s]
 15%|#5        | 30/200 [00:01<00:08, 19.34it/s]
 16%|#6        | 32/200 [00:01<00:08, 19.42it/s]
 17%|#7        | 34/200 [00:01<00:08, 19.30it/s]
 18%|#8        | 37/200 [00:01<00:08, 19.62it/s]
 20%|#9        | 39/200 [00:02<00:08, 19.31it/s]
 20%|##        | 41/200 [00:02<00:08, 19.18it/s]
 22%|##1       | 43/200 [00:02<00:08, 19.20it/s]
 22%|##2       | 45/200 [00:02<00:08, 19.15it/s]
 24%|##3       | 47/200 [00:02<00:08, 19.02it/s]
 24%|##4       | 49/200 [00:02<00:07, 19.03it/s]
 26%|##5       | 51/200 [00:02<00:07, 18.93it/s]
 26%|##6       | 53/200 [00:02<00:07, 18.96it/s]
 28%|##7       | 55/200 [00:02<00:07, 19.10it/s]
 28%|##8       | 57/200 [00:02<00:07, 19.19it/s]
 30%|##9       | 59/200 [00:03<00:07, 19.20it/s]
 30%|###       | 61/200 [00:03<00:07, 19.27it/s]
 32%|###1      | 63/200 [00:03<00:07, 19.31it/s]
 32%|###2      | 65/200 [00:03<00:06, 19.29it/s]
 34%|###3      | 67/200 [00:03<00:06, 19.21it/s]
 34%|###4      | 69/200 [00:03<00:06, 19.33it/s]
 36%|###5      | 71/200 [00:03<00:06, 19.36it/s]
 36%|###6      | 73/200 [00:03<00:06, 19.37it/s]
 38%|###7      | 75/200 [00:03<00:06, 19.39it/s]
 38%|###8      | 77/200 [00:04<00:06, 19.34it/s]
 40%|###9      | 79/200 [00:04<00:06, 19.25it/s]
 40%|####      | 81/200 [00:04<00:06, 19.30it/s]
 42%|####1     | 83/200 [00:04<00:06, 19.22it/s]
 42%|####2     | 85/200 [00:04<00:05, 19.34it/s]
 44%|####3     | 87/200 [00:04<00:05, 19.31it/s]
 44%|####4     | 89/200 [00:04<00:05, 19.23it/s]
 46%|####5     | 91/200 [00:04<00:05, 19.12it/s]
 46%|####6     | 93/200 [00:04<00:05, 19.04it/s]
 48%|####7     | 95/200 [00:04<00:05, 18.99it/s]
 48%|####8     | 97/200 [00:05<00:05, 18.90it/s]
 50%|####9     | 99/200 [00:05<00:05, 18.78it/s]
 50%|#####     | 101/200 [00:05<00:05, 18.76it/s]
 52%|#####1    | 103/200 [00:05<00:05, 18.63it/s]
 52%|#####2    | 105/200 [00:05<00:05, 18.81it/s]
 54%|#####3    | 107/200 [00:05<00:04, 19.04it/s]
 55%|#####4    | 109/200 [00:05<00:04, 19.15it/s]
 56%|#####5    | 111/200 [00:05<00:04, 19.18it/s]
 56%|#####6    | 113/200 [00:05<00:04, 19.19it/s]
 57%|#####7    | 115/200 [00:06<00:04, 19.20it/s]
 58%|#####8    | 117/200 [00:06<00:04, 19.27it/s]
 60%|#####9    | 119/200 [00:06<00:04, 19.31it/s]
 60%|######    | 121/200 [00:06<00:04, 19.29it/s]
 62%|######1   | 123/200 [00:06<00:03, 19.33it/s]
 62%|######2   | 125/200 [00:06<00:03, 19.35it/s]
 64%|######3   | 127/200 [00:06<00:03, 19.37it/s]
 64%|######4   | 129/200 [00:06<00:03, 19.39it/s]
 66%|######5   | 131/200 [00:06<00:03, 19.34it/s]
 66%|######6   | 133/200 [00:06<00:03, 19.36it/s]
 68%|######7   | 135/200 [00:07<00:03, 19.32it/s]
 68%|######8   | 137/200 [00:07<00:03, 19.24it/s]
 70%|######9   | 139/200 [00:07<00:03, 19.18it/s]
 70%|#######   | 141/200 [00:07<00:03, 18.92it/s]
 72%|#######1  | 143/200 [00:07<00:03, 18.80it/s]
 72%|#######2  | 145/200 [00:07<00:02, 18.72it/s]
 74%|#######3  | 147/200 [00:07<00:02, 18.76it/s]
 74%|#######4  | 149/200 [00:07<00:02, 18.69it/s]
 76%|#######5  | 151/200 [00:07<00:02, 18.74it/s]
 76%|#######6  | 153/200 [00:08<00:02, 18.83it/s]
 78%|#######7  | 155/200 [00:08<00:02, 18.95it/s]
 78%|#######8  | 157/200 [00:08<00:02, 19.09it/s]
 80%|#######9  | 159/200 [00:08<00:02, 19.08it/s]
 80%|########  | 161/200 [00:08<00:02, 19.12it/s]
 82%|########1 | 163/200 [00:08<00:01, 19.26it/s]
 82%|########2 | 165/200 [00:08<00:01, 19.42it/s]
 84%|########3 | 167/200 [00:08<00:01, 19.42it/s]
 84%|########4 | 169/200 [00:08<00:01, 19.48it/s]
 86%|########5 | 171/200 [00:08<00:01, 19.52it/s]
 86%|########6 | 173/200 [00:09<00:01, 19.49it/s]
 88%|########7 | 175/200 [00:09<00:01, 19.30it/s]
 88%|########8 | 177/200 [00:09<00:01, 19.11it/s]
 90%|########9 | 179/200 [00:09<00:01, 19.09it/s]
 90%|######### | 181/200 [00:09<00:00, 19.08it/s]
 92%|#########1| 183/200 [00:09<00:00, 18.96it/s]
 92%|#########2| 185/200 [00:09<00:00, 18.77it/s]
 94%|#########3| 187/200 [00:09<00:00, 18.64it/s]
 94%|#########4| 189/200 [00:09<00:00, 18.55it/s]
 96%|#########5| 191/200 [00:09<00:00, 18.49it/s]
 96%|#########6| 193/200 [00:10<00:00, 18.66it/s]
 98%|#########7| 195/200 [00:10<00:00, 18.82it/s]
 98%|#########8| 197/200 [00:10<00:00, 18.94it/s]
100%|#########9| 199/200 [00:10<00:00, 19.03it/s]
100%|##########| 200/200 [00:10<00:00, 19.11it/s]
Prediction done
sending off prediction to background worker for resampling and export
done with nlm_volume__2__444__622_

Predicting nlm_volume__2__526__652_:
perform_everything_on_device: False
Input shape: torch.Size([1, 126, 650, 650])
step_size: 0.5
mirror_axes: None
n_steps 100, image size is torch.Size([128, 650, 650]), tile_size [128, 128, 128], tile_step_size 0.5
steps:
[[0], [0, 58, 116, 174, 232, 290, 348, 406, 464, 522], [0, 58, 116, 174, 232, 290, 348, 406, 464, 522]]
move image to device cpu
preallocating results arrays on device cpu

  0%|          | 0/100 [00:00<?, ?it/s]
  1%|1         | 1/100 [00:00<00:14,  6.67it/s]
  2%|2         | 2/100 [00:00<00:13,  7.39it/s]
  4%|4         | 4/100 [00:00<00:08, 11.90it/s]
  6%|6         | 6/100 [00:00<00:06, 14.32it/s]
  8%|8         | 8/100 [00:00<00:05, 15.86it/s]
 10%|#         | 10/100 [00:00<00:05, 16.59it/s]
 12%|#2        | 12/100 [00:00<00:05, 17.25it/s]
 14%|#4        | 14/100 [00:00<00:04, 17.96it/s]
 16%|#6        | 16/100 [00:01<00:04, 18.51it/s]
 18%|#8        | 18/100 [00:01<00:04, 18.95it/s]
 20%|##        | 20/100 [00:01<00:04, 19.15it/s]
 22%|##2       | 22/100 [00:01<00:04, 19.29it/s]
 24%|##4       | 24/100 [00:01<00:03, 19.44it/s]
 26%|##6       | 26/100 [00:01<00:03, 19.55it/s]
 28%|##8       | 28/100 [00:01<00:03, 19.57it/s]
 30%|###       | 30/100 [00:01<00:03, 19.52it/s]
 32%|###2      | 32/100 [00:01<00:03, 19.32it/s]
 34%|###4      | 34/100 [00:01<00:03, 19.18it/s]
 36%|###6      | 36/100 [00:02<00:03, 19.14it/s]
 38%|###8      | 38/100 [00:02<00:03, 19.06it/s]
 40%|####      | 40/100 [00:02<00:03, 18.95it/s]
 42%|####2     | 42/100 [00:02<00:03, 18.98it/s]
 44%|####4     | 44/100 [00:02<00:02, 18.94it/s]
 46%|####6     | 46/100 [00:02<00:02, 18.92it/s]
 48%|####8     | 48/100 [00:02<00:02, 19.01it/s]
 50%|#####     | 50/100 [00:02<00:02, 19.08it/s]
 52%|#####2    | 52/100 [00:02<00:02, 19.18it/s]
 54%|#####4    | 54/100 [00:02<00:02, 19.19it/s]
 56%|#####6    | 56/100 [00:03<00:02, 19.15it/s]
 58%|#####8    | 58/100 [00:03<00:02, 19.17it/s]
 60%|######    | 60/100 [00:03<00:02, 19.19it/s]
 62%|######2   | 62/100 [00:03<00:01, 19.15it/s]
 64%|######4   | 64/100 [00:03<00:01, 19.17it/s]
 66%|######6   | 66/100 [00:03<00:01, 19.08it/s]
 68%|######8   | 68/100 [00:03<00:01, 19.02it/s]
 70%|#######   | 70/100 [00:03<00:01, 18.86it/s]
 72%|#######2  | 72/100 [00:03<00:01, 18.81it/s]
 74%|#######4  | 74/100 [00:04<00:01, 18.83it/s]
 76%|#######6  | 76/100 [00:04<00:01, 18.89it/s]
 78%|#######8  | 78/100 [00:04<00:01, 18.89it/s]
 80%|########  | 80/100 [00:04<00:01, 18.88it/s]
 82%|########2 | 82/100 [00:04<00:00, 18.88it/s]
 84%|########4 | 84/100 [00:04<00:00, 18.98it/s]
 86%|########6 | 86/100 [00:04<00:00, 19.00it/s]
 88%|########8 | 88/100 [00:04<00:00, 19.07it/s]
 90%|######### | 90/100 [00:04<00:00, 19.01it/s]
 92%|#########2| 92/100 [00:04<00:00, 19.18it/s]
 94%|#########3| 94/100 [00:05<00:00, 19.25it/s]
 96%|#########6| 96/100 [00:05<00:00, 19.25it/s]
 98%|#########8| 98/100 [00:05<00:00, 19.30it/s]
100%|##########| 100/100 [00:05<00:00, 19.28it/s]
100%|##########| 100/100 [00:05<00:00, 18.51it/s]
Prediction done
sending off prediction to background worker for resampling and export
done with nlm_volume__2__526__652_
Inference complete.

=== Step 2: Concatenation ===
nlm_volume: 8 files found


======================================================================
DONE - fresh_bnei_reem prediction:
  \\hive3065\Yael_Mishael\Rony\remote_computer backup\nnUNet_resources\bnei_reem_fresh_bnei_reem\inference_concatenated\nlm_volume.nii.gz  (10.3 MB)
======================================================================
[OK] volume: \\hive3065\Yael_Mishael\Rony\remote_computer backup\10.5\nlm_volume.tif
[OK] GT: \\hive3065\Yael_Mishael\Rony\remote_computer backup\microSAM_inputs\merged_GT.nii.gz
[OK] pred_continue: \\hive3065\Yael_Mishael\Rony\remote_computer backup\nnUNet_resources\bnei_reem_iter04_continue\inference_concatenated\nlm_volume.nii.gz
[OK] pred_fresh: \\hive3065\Yael_Mishael\Rony\remote_computer backup\nnUNet_resources\bnei_reem_fresh_bnei_reem\inference_concatenated\nlm_volume.nii.gz
[000.0s] Loading volume: \\hive3065\Yael_Mishael\Rony\remote_computer backup\10.5\nlm_volume.tif | RAM: 0.03 GB
[001.7s]   shape=(20, 650, 650)  dtype=float32 | RAM: 0.14 GB
[001.7s] Loading prediction: \\hive3065\Yael_Mishael\Rony\remote_computer backup\nnUNet_resources\bnei_reem_iter04_continue\inference_concatenated\nlm_volume.nii.gz | RAM: 0.14 GB
[002.2s]   shape=(20, 650, 650) | RAM: 0.17 GB
[002.2s] Loading GT: \\hive3065\Yael_Mishael\Rony\remote_computer backup\microSAM_inputs\merged_GT.nii.gz | RAM: 0.17 GB
[002.2s]   shape=(20, 650, 650) | RAM: 0.17 GB
[002.2s] Creating viewer ... | RAM: 0.17 GB
[006.8s] Adding volume layer ... | RAM: 0.37 GB
[007.6s] Volume layer added. | RAM: 0.38 GB
[007.6s] Adding prediction layer ... | RAM: 0.38 GB
[008.8s] Prediction layer added. | RAM: 0.68 GB
[008.8s] Adding GT layer ... | RAM: 0.68 GB
[010.0s] GT layer added. | RAM: 0.97 GB
[010.0s] Loading extra layer 'pred_fresh': \\hive3065\Yael_Mishael\Rony\remote_computer backup\nnUNet_resources\bnei_reem_fresh_bnei_reem\inference_concatenated\nlm_volume.nii.gz | RAM: 0.97 GB
[011.3s]   'pred_fresh' layer added. | RAM: 1.26 GB
[016.9s] Building dock widgets ... | RAM: 1.84 GB
[017.1s] Widgets ready. Entering napari event loop ... | RAM: 1.84 GB

[OK] Fresh inference complete.

======================================================================
Step 2: Generating comparison chart
======================================================================
Saved: C:\Users\rony.schwartz\Documents\nnUNet4SoilXrayCT\_comparison_iter04_continue_vs_fresh.png
Saved: C:\Users\rony.schwartz\Documents\nnUNet4SoilXrayCT\_comparison_iter04_continue_vs_fresh.pdf

=== Summary ===
iter04_continue : epochs=44  | best_val_loss=-0.8498 (ep 24) | final_val=-0.7723
fresh_bnei_reem : epochs=167 | best_val_loss=-0.6158 (ep 146) | final_val=-0.5158

======================================================================
Step 3: Launching napari — GT + both predictions (slices 50-70)
======================================================================
