Wed Jul  1 14:58:22 2026       
+-----------------------------------------------------------------------------------------+
| NVIDIA-SMI 572.61                 Driver Version: 572.61         CUDA Version: 12.8     |
|-----------------------------------------+------------------------+----------------------+
| GPU  Name                  Driver-Model | Bus-Id          Disp.A | Volatile Uncorr. ECC |
| Fan  Temp   Perf          Pwr:Usage/Cap |           Memory-Usage | GPU-Util  Compute M. |
|                                         |                        |               MIG M. |
|=========================================+========================+======================|
|   0  NVIDIA RTX A6000             WDDM  |   00000000:3B:00.0 Off |                    0 |
| 30%   33C    P8             15W /  300W |    3953MiB /  46068MiB |      0%      Default |
|                                         |                        |                  N/A |
+-----------------------------------------+------------------------+----------------------+
|   1  NVIDIA RTX A6000             WDDM  |   00000000:D8:00.0 Off |                    0 |
| 30%   42C    P8             18W /  300W |    1692MiB /  46068MiB |      4%      Default |
|                                         |                        |                  N/A |
+-----------------------------------------+------------------------+----------------------+
                                                                                         
+-----------------------------------------------------------------------------------------+
| Processes:                                                                              |
|  GPU   GI   CI              PID   Type   Process name                        GPU Memory |
|        ID   ID                                                               Usage      |
|=========================================================================================|
|    0   N/A  N/A           41784      C   ...a\envs\venv-napari\python.exe      N/A      |
|    1   N/A  N/A            5252    C+G   C:\Windows\explorer.exe               N/A      |
|    1   N/A  N/A           19424    C+G   ...a\envs\venv-napari\python.exe      N/A      |
|    1   N/A  N/A           20560    C+G   ...na_cw5n1h2txyewy\SearchUI.exe      N/A      |
|    1   N/A  N/A           29964    C+G   ...ms\Microsoft VS Code\Code.exe      N/A      |
|    1   N/A  N/A           41784    C+G   ...a\envs\venv-napari\python.exe      N/A      |
|    1   N/A  N/A           42876    C+G   ...xyewy\ShellExperienceHost.exe      N/A      |
|    1   N/A  N/A           48388    C+G   ...Chrome\Application\chrome.exe      N/A      |
|    1   N/A  N/A           50616    C+G   ...a\envs\venv-napari\python.exe      N/A      |
+-----------------------------------------------------------------------------------------+
Fingerprint extraction...
Dataset777_GCEF
Using <class 'nnunetv2.imageio.simpleitk_reader_writer.SimpleITKIO'> as reader/writer

####################
verify_dataset_integrity Done. 
If you didn't see any error messages then your dataset is most likely OK!
####################

Using <class 'nnunetv2.imageio.simpleitk_reader_writer.SimpleITKIO'> as reader/writer
Experiment planning...

############################
INFO: You are using the old nnU-Net default planner. We have updated our recommendations. Please consider using those instead! Read more here: https://github.com/MIC-DKFZ/nnUNet/blob/master/documentation/resenc_presets.md
############################

Attempting to find 3d_lowres config. 
Current spacing: [1.03 1.03 1.03]. 
Current patch size: (np.int64(128), np.int64(128), np.int64(128)). 
Current median shape: [582.52427184 631.06796117 631.06796117]
Attempting to find 3d_lowres config. 
Current spacing: [1.0609 1.0609 1.0609]. 
Current patch size: (np.int64(128), np.int64(128), np.int64(128)). 
Current median shape: [565.55754548 612.68734094 612.68734094]
Attempting to find 3d_lowres config. 
Current spacing: [1.092727 1.092727 1.092727]. 
Current patch size: (np.int64(128), np.int64(128), np.int64(128)). 
Current median shape: [549.08499561 594.84207858 594.84207858]
Attempting to find 3d_lowres config. 
Current spacing: [1.12550881 1.12550881 1.12550881]. 
Current patch size: (np.int64(128), np.int64(128), np.int64(128)). 
Current median shape: [533.09222875 577.51658115 577.51658115]
Attempting to find 3d_lowres config. 
Current spacing: [1.15927407 1.15927407 1.15927407]. 
Current patch size: (np.int64(128), np.int64(128), np.int64(128)). 
Current median shape: [517.56527063 560.69570985 560.69570985]
Attempting to find 3d_lowres config. 
Current spacing: [1.1940523 1.1940523 1.1940523]. 
Current patch size: (np.int64(128), np.int64(128), np.int64(128)). 
Current median shape: [502.49055401 544.36476684 544.36476684]
Attempting to find 3d_lowres config. 
Current spacing: [1.22987387 1.22987387 1.22987387]. 
Current patch size: (np.int64(128), np.int64(128), np.int64(128)). 
Current median shape: [487.85490681 528.50948237 528.50948237]
Attempting to find 3d_lowres config. 
Current spacing: [1.26677008 1.26677008 1.26677008]. 
Current patch size: (np.int64(128), np.int64(128), np.int64(128)). 
Current median shape: [473.64554059 513.1160023  513.1160023 ]
Attempting to find 3d_lowres config. 
Current spacing: [1.30477318 1.30477318 1.30477318]. 
Current patch size: (np.int64(128), np.int64(128), np.int64(128)). 
Current median shape: [459.85003941 498.17087602 498.17087602]
Attempting to find 3d_lowres config. 
Current spacing: [1.34391638 1.34391638 1.34391638]. 
Current patch size: (np.int64(128), np.int64(128), np.int64(128)). 
Current median shape: [446.45634894 483.66104468 483.66104468]
Attempting to find 3d_lowres config. 
Current spacing: [1.38423387 1.38423387 1.38423387]. 
Current patch size: (np.int64(128), np.int64(128), np.int64(128)). 
Current median shape: [433.45276596 469.57382979 469.57382979]
Attempting to find 3d_lowres config. 
Current spacing: [1.42576089 1.42576089 1.42576089]. 
Current patch size: (np.int64(128), np.int64(128), np.int64(128)). 
Current median shape: [420.82792812 455.89692213 455.89692213]
Attempting to find 3d_lowres config. 
Current spacing: [1.46853371 1.46853371 1.46853371]. 
Current patch size: (np.int64(128), np.int64(128), np.int64(128)). 
Current median shape: [408.570804 442.618371 442.618371]
Attempting to find 3d_lowres config. 
Current spacing: [1.51258972 1.51258972 1.51258972]. 
Current patch size: (np.int64(128), np.int64(128), np.int64(128)). 
Current median shape: [396.67068349 429.72657378 429.72657378]
Attempting to find 3d_lowres config. 
Current spacing: [1.55796742 1.55796742 1.55796742]. 
Current patch size: (np.int64(128), np.int64(128), np.int64(128)). 
Current median shape: [385.11716844 417.21026581 417.21026581]
Attempting to find 3d_lowres config. 
Current spacing: [1.60470644 1.60470644 1.60470644]. 
Current patch size: (np.int64(128), np.int64(128), np.int64(128)). 
Current median shape: [373.90016353 405.05851049 405.05851049]
Attempting to find 3d_lowres config. 
Current spacing: [1.65284763 1.65284763 1.65284763]. 
Current patch size: (np.int64(128), np.int64(128), np.int64(128)). 
Current median shape: [363.00986751 393.2606898  393.2606898 ]
Attempting to find 3d_lowres config. 
Current spacing: [1.70243306 1.70243306 1.70243306]. 
Current patch size: (np.int64(128), np.int64(128), np.int64(128)). 
Current median shape: [352.43676457 381.80649495 381.80649495]
Attempting to find 3d_lowres config. 
Current spacing: [1.75350605 1.75350605 1.75350605]. 
Current patch size: (np.int64(128), np.int64(128), np.int64(128)). 
Current median shape: [342.17161609 370.68591743 370.68591743]
Attempting to find 3d_lowres config. 
Current spacing: [1.80611123 1.80611123 1.80611123]. 
Current patch size: (np.int64(128), np.int64(128), np.int64(128)). 
Current median shape: [332.20545251 359.88924022 359.88924022]
Attempting to find 3d_lowres config. 
Current spacing: [1.86029457 1.86029457 1.86029457]. 
Current patch size: (np.int64(128), np.int64(128), np.int64(128)). 
Current median shape: [322.52956555 349.40702934 349.40702934]
Attempting to find 3d_lowres config. 
Current spacing: [1.91610341 1.91610341 1.91610341]. 
Current patch size: (np.int64(128), np.int64(128), np.int64(128)). 
Current median shape: [313.13550053 339.23012557 339.23012557]
Attempting to find 3d_lowres config. 
Current spacing: [1.97358651 1.97358651 1.97358651]. 
Current patch size: (np.int64(128), np.int64(128), np.int64(128)). 
Current median shape: [304.01504906 329.34963648 329.34963648]
Attempting to find 3d_lowres config. 
Current spacing: [2.03279411 2.03279411 2.03279411]. 
Current patch size: (np.int64(128), np.int64(128), np.int64(128)). 
Current median shape: [295.1602418  319.75692862 319.75692862]
Attempting to find 3d_lowres config. 
Current spacing: [2.09377793 2.09377793 2.09377793]. 
Current patch size: (np.int64(128), np.int64(128), np.int64(128)). 
Current median shape: [286.56334156 310.44362002 310.44362002]
Attempting to find 3d_lowres config. 
Current spacing: [2.15659127 2.15659127 2.15659127]. 
Current patch size: (np.int64(128), np.int64(128), np.int64(128)). 
Current median shape: [278.21683646 301.40157284 301.40157284]
Attempting to find 3d_lowres config. 
Current spacing: [2.22128901 2.22128901 2.22128901]. 
Current patch size: (np.int64(128), np.int64(128), np.int64(128)). 
Current median shape: [270.11343346 292.62288625 292.62288625]
Attempting to find 3d_lowres config. 
Current spacing: [2.28792768 2.28792768 2.28792768]. 
Current patch size: (np.int64(128), np.int64(128), np.int64(128)). 
Current median shape: [262.2460519  284.09988956 284.09988956]
Attempting to find 3d_lowres config. 
Current spacing: [2.35656551 2.35656551 2.35656551]. 
Current patch size: (np.int64(128), np.int64(128), np.int64(128)). 
Current median shape: [254.60781738 275.8251355  275.8251355 ]
Attempting to find 3d_lowres config. 
Current spacing: [2.42726247 2.42726247 2.42726247]. 
Current patch size: (np.int64(128), np.int64(128), np.int64(128)). 
Current median shape: [247.19205571 267.79139369 267.79139369]
Attempting to find 3d_lowres config. 
Current spacing: [2.50008035 2.50008035 2.50008035]. 
Current patch size: (np.int64(128), np.int64(128), np.int64(128)). 
Current median shape: [239.9922871  259.99164435 259.99164435]
Attempting to find 3d_lowres config. 
Current spacing: [2.57508276 2.57508276 2.57508276]. 
Current patch size: (np.int64(128), np.int64(128), np.int64(128)). 
Current median shape: [233.00222048 252.41907219 252.41907219]
Attempting to find 3d_lowres config. 
Current spacing: [2.65233524 2.65233524 2.65233524]. 
Current patch size: (np.int64(128), np.int64(128), np.int64(128)). 
Current median shape: [226.21574804 245.06706038 245.06706038]
Attempting to find 3d_lowres config. 
Current spacing: [2.7319053 2.7319053 2.7319053]. 
Current patch size: (np.int64(128), np.int64(128), np.int64(128)). 
Current median shape: [219.62693985 237.92918483 237.92918483]
Attempting to find 3d_lowres config. 
Current spacing: [2.81386245 2.81386245 2.81386245]. 
Current patch size: (np.int64(128), np.int64(128), np.int64(128)). 
Current median shape: [213.23003869 230.99920858 230.99920858]
Attempting to find 3d_lowres config. 
Current spacing: [2.89827833 2.89827833 2.89827833]. 
Current patch size: (np.int64(128), np.int64(128), np.int64(128)). 
Current median shape: [207.01945503 224.27107629 224.27107629]
Attempting to find 3d_lowres config. 
Current spacing: [2.98522668 2.98522668 2.98522668]. 
Current patch size: (np.int64(128), np.int64(128), np.int64(128)). 
Current median shape: [200.98976217 217.73890902 217.73890902]
Attempting to find 3d_lowres config. 
Current spacing: [3.07478348 3.07478348 3.07478348]. 
Current patch size: (np.int64(128), np.int64(128), np.int64(128)). 
Current median shape: [195.13569143 211.39699905 211.39699905]
Attempting to find 3d_lowres config. 
Current spacing: [3.16702698 3.16702698 3.16702698]. 
Current patch size: (np.int64(128), np.int64(128), np.int64(128)). 
Current median shape: [189.4521276 205.2398049 205.2398049]
2D U-Net configuration:
{'data_identifier': 'nnUNetPlans_2d', 'preprocessor_name': 'DefaultPreprocessor', 'batch_size': 5, 'patch_size': (np.int64(768), np.int64(768)), 'median_image_size_in_voxels': array([650., 650.]), 'spacing': array([1., 1.]), 'normalization_schemes': ['NoNormalization'], 'use_mask_for_norm': [False], 'resampling_fn_data': 'resample_data_or_seg_to_shape', 'resampling_fn_seg': 'resample_data_or_seg_to_shape', 'resampling_fn_data_kwargs': {'is_seg': False, 'order': 3, 'order_z': 0, 'force_separate_z': None}, 'resampling_fn_seg_kwargs': {'is_seg': True, 'order': 1, 'order_z': 0, 'force_separate_z': None}, 'resampling_fn_probabilities': 'resample_data_or_seg_to_shape', 'resampling_fn_probabilities_kwargs': {'is_seg': False, 'order': 1, 'order_z': 0, 'force_separate_z': None}, 'architecture': {'network_class_name': 'dynamic_network_architectures.architectures.unet.PlainConvUNet', 'arch_kwargs': {'n_stages': 8, 'features_per_stage': (32, 64, 128, 256, 512, 512, 512, 512), 'conv_op': 'torch.nn.modules.conv.Conv2d', 'kernel_sizes': ((3, 3), (3, 3), (3, 3), (3, 3), (3, 3), (3, 3), (3, 3), (3, 3)), 'strides': ((1, 1), (2, 2), (2, 2), (2, 2), (2, 2), (2, 2), (2, 2), (2, 2)), 'n_conv_per_stage': (2, 2, 2, 2, 2, 2, 2, 2), 'n_conv_per_stage_decoder': (2, 2, 2, 2, 2, 2, 2), 'conv_bias': True, 'norm_op': 'torch.nn.modules.instancenorm.InstanceNorm2d', 'norm_op_kwargs': {'eps': 1e-05, 'affine': True}, 'dropout_op': None, 'dropout_op_kwargs': None, 'nonlin': 'torch.nn.LeakyReLU', 'nonlin_kwargs': {'inplace': True}}, '_kw_requires_import': ('conv_op', 'norm_op', 'dropout_op', 'nonlin')}, 'batch_dice': True}

Using <class 'nnunetv2.imageio.simpleitk_reader_writer.SimpleITKIO'> as reader/writer
3D lowres U-Net configuration:
{'data_identifier': 'nnUNetPlans_3d_lowres', 'preprocessor_name': 'DefaultPreprocessor', 'batch_size': 2, 'patch_size': (np.int64(128), np.int64(128), np.int64(128)), 'median_image_size_in_voxels': (189, 205, 205), 'spacing': array([3.16702698, 3.16702698, 3.16702698]), 'normalization_schemes': ['NoNormalization'], 'use_mask_for_norm': [False], 'resampling_fn_data': 'resample_data_or_seg_to_shape', 'resampling_fn_seg': 'resample_data_or_seg_to_shape', 'resampling_fn_data_kwargs': {'is_seg': False, 'order': 3, 'order_z': 0, 'force_separate_z': None}, 'resampling_fn_seg_kwargs': {'is_seg': True, 'order': 1, 'order_z': 0, 'force_separate_z': None}, 'resampling_fn_probabilities': 'resample_data_or_seg_to_shape', 'resampling_fn_probabilities_kwargs': {'is_seg': False, 'order': 1, 'order_z': 0, 'force_separate_z': None}, 'architecture': {'network_class_name': 'dynamic_network_architectures.architectures.unet.PlainConvUNet', 'arch_kwargs': {'n_stages': 6, 'features_per_stage': (32, 64, 128, 256, 320, 320), 'conv_op': 'torch.nn.modules.conv.Conv3d', 'kernel_sizes': ((3, 3, 3), (3, 3, 3), (3, 3, 3), (3, 3, 3), (3, 3, 3), (3, 3, 3)), 'strides': ((1, 1, 1), (2, 2, 2), (2, 2, 2), (2, 2, 2), (2, 2, 2), (2, 2, 2)), 'n_conv_per_stage': (2, 2, 2, 2, 2, 2), 'n_conv_per_stage_decoder': (2, 2, 2, 2, 2), 'conv_bias': True, 'norm_op': 'torch.nn.modules.instancenorm.InstanceNorm3d', 'norm_op_kwargs': {'eps': 1e-05, 'affine': True}, 'dropout_op': None, 'dropout_op_kwargs': None, 'nonlin': 'torch.nn.LeakyReLU', 'nonlin_kwargs': {'inplace': True}}, '_kw_requires_import': ('conv_op', 'norm_op', 'dropout_op', 'nonlin')}, 'batch_dice': False, 'next_stage': '3d_cascade_fullres'}

3D fullres U-Net configuration:
{'data_identifier': 'nnUNetPlans_3d_fullres', 'preprocessor_name': 'DefaultPreprocessor', 'batch_size': 2, 'patch_size': (np.int64(128), np.int64(128), np.int64(128)), 'median_image_size_in_voxels': array([600., 650., 650.]), 'spacing': array([1., 1., 1.]), 'normalization_schemes': ['NoNormalization'], 'use_mask_for_norm': [False], 'resampling_fn_data': 'resample_data_or_seg_to_shape', 'resampling_fn_seg': 'resample_data_or_seg_to_shape', 'resampling_fn_data_kwargs': {'is_seg': False, 'order': 3, 'order_z': 0, 'force_separate_z': None}, 'resampling_fn_seg_kwargs': {'is_seg': True, 'order': 1, 'order_z': 0, 'force_separate_z': None}, 'resampling_fn_probabilities': 'resample_data_or_seg_to_shape', 'resampling_fn_probabilities_kwargs': {'is_seg': False, 'order': 1, 'order_z': 0, 'force_separate_z': None}, 'architecture': {'network_class_name': 'dynamic_network_architectures.architectures.unet.PlainConvUNet', 'arch_kwargs': {'n_stages': 6, 'features_per_stage': (32, 64, 128, 256, 320, 320), 'conv_op': 'torch.nn.modules.conv.Conv3d', 'kernel_sizes': ((3, 3, 3), (3, 3, 3), (3, 3, 3), (3, 3, 3), (3, 3, 3), (3, 3, 3)), 'strides': ((1, 1, 1), (2, 2, 2), (2, 2, 2), (2, 2, 2), (2, 2, 2), (2, 2, 2)), 'n_conv_per_stage': (2, 2, 2, 2, 2, 2), 'n_conv_per_stage_decoder': (2, 2, 2, 2, 2), 'conv_bias': True, 'norm_op': 'torch.nn.modules.instancenorm.InstanceNorm3d', 'norm_op_kwargs': {'eps': 1e-05, 'affine': True}, 'dropout_op': None, 'dropout_op_kwargs': None, 'nonlin': 'torch.nn.LeakyReLU', 'nonlin_kwargs': {'inplace': True}}, '_kw_requires_import': ('conv_op', 'norm_op', 'dropout_op', 'nonlin')}, 'batch_dice': True}

Plans were saved to \\hive3065\Yael_Mishael\Rony\remote_computer backup\nnUNet_resources\multi_sample_fresh_bnei_reem_i3\nnUNet_preprocessed\Dataset777_GCEF\nnUNetPlans.json
Preprocessing...
Preprocessing dataset Dataset777_GCEF
Configuration: 2d...
Configuration: 3d_fullres...
Configuration: 3d_lowres...
Copied: C:\Users\rony.schwartz\Documents\nnUNet4SoilXrayCT\nnUNetTrainer_betterIgnoreSampling.py -> C:\Users\rony.schwartz\.conda\envs\venv-napari\Lib\site-packages\nnunetv2\training\nnUNetTrainer\variants\sampling\nnUNetTrainer_betterIgnoreSampling.py
[OK] Custom trainer registered: nnUNetTrainer_betterIgnoreSampling_earlyStopValLoss
Training sample:   nlm_volume
Raw TIF:           \\hive3065\Yael_Mishael\Rony\remote_computer backup\10.5\nlm_volume.tif
New annotation:    \\hive3065\Yael_Mishael\Rony\remote_computer backup\nnUNet_resources\fresh_train_annotations_bnei_reem\annotations_i3.nii.gz
Pretrained weights: \\hive3065\Yael_Mishael\Rony\remote_computer backup\nnUNet_resources\multi_sample_fresh_bnei_reem_i2\nnUNet_results\Dataset777_GCEF\nnUNetTrainer_betterIgnoreSampling_earlyStopValLoss__nnUNetPlans__3d_fullres\fold_0\checkpoint_final.pth

LOCAL_BASE: \\hive3065\Yael_Mishael\Rony\remote_computer backup\nnUNet_resources\multi_sample_fresh_bnei_reem_i3
nnUNet_raw: \\hive3065\Yael_Mishael\Rony\remote_computer backup\nnUNet_resources\multi_sample_fresh_bnei_reem_i3\nnUNet_raw
nnUNet_preprocessed: \\hive3065\Yael_Mishael\Rony\remote_computer backup\nnUNet_resources\multi_sample_fresh_bnei_reem_i3\nnUNet_preprocessed
nnUNet_results: \\hive3065\Yael_Mishael\Rony\remote_computer backup\nnUNet_resources\multi_sample_fresh_bnei_reem_i3\nnUNet_results
Step 1: Loading raw image TIF...
  Image shape (X, Y, Z): (650, 650, 652)
Step 2: Loading annotation NIfTI...
  Annotation shape as loaded: (650, 650, 652)
  Unique labels: [0, 1, 2, 3, 6]
  Axis convention: (X, Y, Z) — no transpose needed.
  Annotation shape after axis alignment: (650, 650, 652)
Step 3: Cropping to annotated z-range...
  Annotated z-range: 26-551 -> crop [0, 600]
  Cropped — image: (650, 650, 600), annotation: (650, 650, 600)
Step 4: Applying nnUNet label mapping...
  nnUNet labels after remapping: [0, 1, 2, 5, 6]
Step 5: Saving nnUNet dataset...
  Saved image:  \\hive3065\Yael_Mishael\Rony\remote_computer backup\nnUNet_resources\multi_sample_fresh_bnei_reem_i3\nnUNet_raw\Dataset777_GCEF\imagesTr\nlm_volume_0000.nii.gz
  Saved label:  \\hive3065\Yael_Mishael\Rony\remote_computer backup\nnUNet_resources\multi_sample_fresh_bnei_reem_i3\nnUNet_raw\Dataset777_GCEF\labelsTr\nlm_volume.nii.gz
Step 6: Generating dataset.json...
  Generated dataset.json in \\hive3065\Yael_Mishael\Rony\remote_computer backup\nnUNet_resources\multi_sample_fresh_bnei_reem_i3\nnUNet_raw\Dataset777_GCEF

Dataset preparation complete.
imagesTr: 1 | labelsTr: 1
[OK] Dataset ready.
[OK] Planning and preprocessing complete.
Wrote \\hive3065\Yael_Mishael\Rony\remote_computer backup\nnUNet_resources\multi_sample_fresh_bnei_reem_i3\nnUNet_preprocessed\Dataset777_GCEF\splits_final.json
[
  {
    "train": [
      "nlm_volume"
    ],
    "val": [
      "nlm_volume"
    ]
  }
]
Early stopping env: {'NNUNET_EARLY_STOP_ENABLED': '1', 'NNUNET_EARLY_STOP_PATIENCE': '20', 'NNUNET_EARLY_STOP_MIN_DELTA': '0.001'}
Pretrained weights: \\hive3065\Yael_Mishael\Rony\remote_computer backup\nnUNet_resources\multi_sample_fresh_bnei_reem_i2\nnUNet_results\Dataset777_GCEF\nnUNetTrainer_betterIgnoreSampling_earlyStopValLoss__nnUNetPlans__3d_fullres\fold_0\checkpoint_final.pth
C:\Users\rony.schwartz\.conda\envs\venv-napari\Lib\site-packages\nnunetv2\training\nnUNetTrainer\nnUNetTrainer.py:161: FutureWarning: `torch.cuda.amp.GradScaler(args...)` is deprecated. Please use `torch.amp.GradScaler('cuda', args...)` instead.
  self.grad_scaler = GradScaler() if self.device.type == 'cuda' else None
C:\Users\rony.schwartz\.conda\envs\venv-napari\Lib\site-packages\nnunetv2\training\nnUNetTrainer\nnUNetTrainer.py:1044: RuntimeWarning: invalid value encountered in scalar divide
  global_dc_per_class = [i for i in [2 * i / (2 * i + j + k) for i, j, k in zip(tp, fp, fn)]]

############################
INFO: You are using the old nnU-Net default plans. We have updated our recommendations. Please consider using those instead! Read more here: https://github.com/MIC-DKFZ/nnUNet/blob/master/documentation/resenc_presets.md
############################

Using device: cuda:0

#######################################################################
Please cite the following paper when using nnU-Net:
Isensee, F., Jaeger, P. F., Kohl, S. A., Petersen, J., & Maier-Hein, K. H. (2021). nnU-Net: a self-configuring method for deep learning-based biomedical image segmentation. Nature methods, 18(2), 203-211.
#######################################################################

[pretrained_weights] Loaded 292/292 keys from checkpoint.
2026-07-01 15:06:14.219695: do_dummy_2d_data_aug: False
2026-07-01 15:06:14.236703: Using splits from existing split file: \\hive3065\Yael_Mishael\Rony\remote_computer backup\nnUNet_resources\multi_sample_fresh_bnei_reem_i3\nnUNet_preprocessed\Dataset777_GCEF\splits_final.json
2026-07-01 15:06:14.267703: The split file contains 1 splits.
2026-07-01 15:06:14.294702: Desired fold for training: 0
2026-07-01 15:06:14.321702: This split has 1 training and 1 validation cases.
2026-07-01 15:06:14.348702: WARNING: Some validation cases are also in the training set. Please check the splits.json or ignore if this is intentional.
using pin_memory on device 0
using pin_memory on device 0

This is the configuration used by this training:
Configuration name: 3d_fullres
 {'data_identifier': 'nnUNetPlans_3d_fullres', 'preprocessor_name': 'DefaultPreprocessor', 'batch_size': 2, 'patch_size': [128, 128, 128], 'median_image_size_in_voxels': [600.0, 650.0, 650.0], 'spacing': [1.0, 1.0, 1.0], 'normalization_schemes': ['NoNormalization'], 'use_mask_for_norm': [False], 'resampling_fn_data': 'resample_data_or_seg_to_shape', 'resampling_fn_seg': 'resample_data_or_seg_to_shape', 'resampling_fn_data_kwargs': {'is_seg': False, 'order': 3, 'order_z': 0, 'force_separate_z': None}, 'resampling_fn_seg_kwargs': {'is_seg': True, 'order': 1, 'order_z': 0, 'force_separate_z': None}, 'resampling_fn_probabilities': 'resample_data_or_seg_to_shape', 'resampling_fn_probabilities_kwargs': {'is_seg': False, 'order': 1, 'order_z': 0, 'force_separate_z': None}, 'architecture': {'network_class_name': 'dynamic_network_architectures.architectures.unet.PlainConvUNet', 'arch_kwargs': {'n_stages': 6, 'features_per_stage': [32, 64, 128, 256, 320, 320], 'conv_op': 'torch.nn.modules.conv.Conv3d', 'kernel_sizes': [[3, 3, 3], [3, 3, 3], [3, 3, 3], [3, 3, 3], [3, 3, 3], [3, 3, 3]], 'strides': [[1, 1, 1], [2, 2, 2], [2, 2, 2], [2, 2, 2], [2, 2, 2], [2, 2, 2]], 'n_conv_per_stage': [2, 2, 2, 2, 2, 2], 'n_conv_per_stage_decoder': [2, 2, 2, 2, 2], 'conv_bias': True, 'norm_op': 'torch.nn.modules.instancenorm.InstanceNorm3d', 'norm_op_kwargs': {'eps': 1e-05, 'affine': True}, 'dropout_op': None, 'dropout_op_kwargs': None, 'nonlin': 'torch.nn.LeakyReLU', 'nonlin_kwargs': {'inplace': True}, 'deep_supervision': True}, '_kw_requires_import': ['conv_op', 'norm_op', 'dropout_op', 'nonlin']}, 'batch_dice': True} 

These are the global plan.json settings:
 {'dataset_name': 'Dataset777_GCEF', 'plans_name': 'nnUNetPlans', 'original_median_spacing_after_transp': [1.0, 1.0, 1.0], 'original_median_shape_after_transp': [600, 650, 650], 'image_reader_writer': 'SimpleITKIO', 'transpose_forward': [0, 1, 2], 'transpose_backward': [0, 1, 2], 'experiment_planner_used': 'ExperimentPlanner', 'label_manager': 'LabelManager', 'foreground_intensity_properties_per_channel': {'0': {'max': 1.0, 'mean': 0.6639092564582825, 'median': 0.7579227089881897, 'min': 0.003021601587533951, 'percentile_00_5': 0.12038014829158783, 'percentile_99_5': 0.9756746295094487, 'std': 0.21991291642189026}}} 

2026-07-01 15:07:40.354512: unpacking dataset...
2026-07-01 15:07:55.305669: unpacking done...
2026-07-01 15:07:55.376786: Unable to plot network architecture:
2026-07-01 15:07:55.407308: No module named 'hiddenlayer'
2026-07-01 15:07:55.483388: Early stopping config | enabled=True | patience=20 | min_delta=0.001
2026-07-01 15:07:55.515909: 
2026-07-01 15:07:55.546431: Epoch 0
2026-07-01 15:07:55.577347: Current learning rate: 0.01
2026-07-01 15:10:05.886292: train_loss -0.4839
2026-07-01 15:10:05.925841: val_loss -0.4804
2026-07-01 15:10:05.956373: Pseudo dice [np.float32(0.5262), np.float32(0.8044), np.float32(nan), np.float32(nan), np.float32(0.9539)]
2026-07-01 15:10:05.984923: Epoch time: 130.37 s
2026-07-01 15:10:06.015216: Yayy! New best EMA pseudo Dice: 0.7615000009536743
2026-07-01 15:10:08.088977: Early stopping: baseline val_loss=-0.480378
2026-07-01 15:10:08.119011: 
2026-07-01 15:10:08.147043: Epoch 1
2026-07-01 15:10:08.176110: Current learning rate: 0.00999
2026-07-01 15:12:10.362609: train_loss -0.5081
2026-07-01 15:12:10.404640: val_loss -0.4983
2026-07-01 15:12:10.443663: Pseudo dice [np.float32(0.5447), np.float32(0.885), np.float32(nan), np.float32(nan), np.float32(0.9663)]
2026-07-01 15:12:10.482175: Epoch time: 122.25 s
2026-07-01 15:12:10.521199: Yayy! New best EMA pseudo Dice: 0.7652000188827515
2026-07-01 15:12:12.344859: Early stopping: improvement detected | val_loss=-0.49833 | delta=0.017952
2026-07-01 15:12:12.386861: 
2026-07-01 15:12:12.426411: Epoch 2
2026-07-01 15:12:12.463576: Current learning rate: 0.00998
2026-07-01 15:14:12.019877: train_loss -0.5172
2026-07-01 15:14:12.052877: val_loss -0.519
2026-07-01 15:14:12.081885: Pseudo dice [np.float32(0.4001), np.float32(0.9012), np.float32(nan), np.float32(nan), np.float32(0.9575)]
2026-07-01 15:14:12.110287: Epoch time: 119.64 s
2026-07-01 15:14:13.312549: Early stopping: improvement detected | val_loss=-0.519038 | delta=0.020708
2026-07-01 15:14:13.349549: 
2026-07-01 15:14:13.394550: Epoch 3
2026-07-01 15:14:13.439549: Current learning rate: 0.00997
2026-07-01 15:16:14.005838: train_loss -0.5309
2026-07-01 15:16:14.036869: val_loss -0.5105
2026-07-01 15:16:14.067936: Pseudo dice [np.float32(0.36), np.float32(0.9015), np.float32(nan), np.float32(nan), np.float32(0.9702)]
2026-07-01 15:16:14.096967: Epoch time: 120.66 s
2026-07-01 15:16:15.796276: Early stopping: no significant improvement | val_loss=-0.510526 | best_val_loss=-0.519038 | delta=-0.008512 | wait=1/20
2026-07-01 15:16:15.827340: 
2026-07-01 15:16:15.854879: Epoch 4
2026-07-01 15:16:15.882973: Current learning rate: 0.00996
2026-07-01 15:18:19.371930: train_loss -0.5339
2026-07-01 15:18:19.407007: val_loss -0.5322
2026-07-01 15:18:19.435557: Pseudo dice [np.float32(0.524), np.float32(0.8839), np.float32(nan), np.float32(nan), np.float32(0.9599)]
2026-07-01 15:18:19.465611: Epoch time: 123.55 s
2026-07-01 15:18:21.024580: Early stopping: improvement detected | val_loss=-0.532219 | delta=0.013181
2026-07-01 15:18:21.061593: 
2026-07-01 15:18:21.101620: Epoch 5
2026-07-01 15:18:21.142648: Current learning rate: 0.00995
2026-07-01 15:20:24.393662: train_loss -0.5248
2026-07-01 15:20:24.437219: val_loss -0.5102
2026-07-01 15:20:24.472571: Pseudo dice [np.float32(0.4187), np.float32(0.9158), np.float32(nan), np.float32(nan), np.float32(0.9657)]
2026-07-01 15:20:24.512581: Epoch time: 123.34 s
2026-07-01 15:20:26.028652: Early stopping: no significant improvement | val_loss=-0.510198 | best_val_loss=-0.532219 | delta=-0.022021 | wait=1/20
2026-07-01 15:20:26.059652: 
2026-07-01 15:20:26.089653: Epoch 6
2026-07-01 15:20:26.118653: Current learning rate: 0.00995
2026-07-01 15:22:26.224419: train_loss -0.5192
2026-07-01 15:22:26.256418: val_loss -0.4911
2026-07-01 15:22:26.285419: Pseudo dice [np.float32(0.4725), np.float32(0.8563), np.float32(nan), np.float32(nan), np.float32(0.9581)]
2026-07-01 15:22:26.315419: Epoch time: 120.17 s
2026-07-01 15:22:27.452431: Early stopping: no significant improvement | val_loss=-0.49108 | best_val_loss=-0.532219 | delta=-0.041139 | wait=2/20
2026-07-01 15:22:27.525431: 
2026-07-01 15:22:27.586431: Epoch 7
2026-07-01 15:22:27.629500: Current learning rate: 0.00994
2026-07-01 15:24:37.846405: train_loss -0.53
2026-07-01 15:24:37.878408: val_loss -0.5412
2026-07-01 15:24:37.914397: Pseudo dice [np.float32(0.5183), np.float32(0.907), np.float32(nan), np.float32(nan), np.float32(0.966)]
2026-07-01 15:24:37.990398: Epoch time: 130.33 s
2026-07-01 15:24:38.107397: Yayy! New best EMA pseudo Dice: 0.7678999900817871
2026-07-01 15:24:40.012793: Early stopping: improvement detected | val_loss=-0.541208 | delta=0.008989
2026-07-01 15:24:40.043972: 
2026-07-01 15:24:40.072498: Epoch 8
2026-07-01 15:24:40.102056: Current learning rate: 0.00993
2026-07-01 15:26:45.536608: train_loss -0.4852
2026-07-01 15:26:45.575212: val_loss -0.4256
2026-07-01 15:26:45.619245: Pseudo dice [np.float32(0.3774), np.float32(0.6537), np.float32(nan), np.float32(nan), np.float32(0.9343)]
2026-07-01 15:26:45.677244: Epoch time: 125.49 s
2026-07-01 15:26:47.011992: Early stopping: no significant improvement | val_loss=-0.425572 | best_val_loss=-0.541208 | delta=-0.115635 | wait=1/20
2026-07-01 15:26:47.040603: 
2026-07-01 15:26:47.067706: Epoch 9
2026-07-01 15:26:47.093424: Current learning rate: 0.00992
2026-07-01 15:28:50.180927: train_loss -0.475
2026-07-01 15:28:50.212441: val_loss -0.5046
2026-07-01 15:28:50.241471: Pseudo dice [np.float32(0.3881), np.float32(0.8608), np.float32(nan), np.float32(nan), np.float32(0.9619)]
2026-07-01 15:28:50.281497: Epoch time: 123.14 s
2026-07-01 15:28:51.432602: Early stopping: no significant improvement | val_loss=-0.504571 | best_val_loss=-0.541208 | delta=-0.036637 | wait=2/20
2026-07-01 15:28:51.462605: 
2026-07-01 15:28:51.492604: Epoch 10
2026-07-01 15:28:51.523597: Current learning rate: 0.00991
2026-07-01 15:30:51.451266: train_loss -0.5174
2026-07-01 15:30:51.480787: val_loss -0.4765
2026-07-01 15:30:51.509843: Pseudo dice [np.float32(0.4205), np.float32(0.8781), np.float32(nan), np.float32(nan), np.float32(0.9548)]
2026-07-01 15:30:51.538368: Epoch time: 119.99 s
2026-07-01 15:30:53.057826: Early stopping: no significant improvement | val_loss=-0.476488 | best_val_loss=-0.541208 | delta=-0.064719 | wait=3/20
2026-07-01 15:30:53.088836: 
2026-07-01 15:30:53.117836: Epoch 11
2026-07-01 15:30:53.146968: Current learning rate: 0.0099
2026-07-01 15:32:56.287176: train_loss -0.4972
2026-07-01 15:32:56.323178: val_loss -0.4499
2026-07-01 15:32:56.352175: Pseudo dice [np.float32(0.5559), np.float32(0.8729), np.float32(nan), np.float32(nan), np.float32(0.9196)]
2026-07-01 15:32:56.382175: Epoch time: 123.2 s
2026-07-01 15:32:57.613684: Early stopping: no significant improvement | val_loss=-0.449936 | best_val_loss=-0.541208 | delta=-0.091272 | wait=4/20
2026-07-01 15:32:57.645750: 
2026-07-01 15:32:57.675786: Epoch 12
2026-07-01 15:32:57.705848: Current learning rate: 0.00989
2026-07-01 15:35:00.938026: train_loss -0.449
2026-07-01 15:35:00.975026: val_loss -0.4709
2026-07-01 15:35:01.014029: Pseudo dice [np.float32(0.4824), np.float32(0.8322), np.float32(nan), np.float32(nan), np.float32(0.9501)]
2026-07-01 15:35:01.059029: Epoch time: 123.29 s
2026-07-01 15:35:02.315116: Early stopping: no significant improvement | val_loss=-0.470898 | best_val_loss=-0.541208 | delta=-0.07031 | wait=5/20
2026-07-01 15:35:02.348127: 
2026-07-01 15:35:02.377126: Epoch 13
2026-07-01 15:35:02.406757: Current learning rate: 0.00988
2026-07-01 15:37:05.246883: train_loss -0.51
2026-07-01 15:37:05.284950: val_loss -0.5306
2026-07-01 15:37:05.316033: Pseudo dice [np.float32(0.5636), np.float32(0.884), np.float32(nan), np.float32(nan), np.float32(0.9522)]
2026-07-01 15:37:05.344065: Epoch time: 122.9 s
2026-07-01 15:37:07.347312: Early stopping: no significant improvement | val_loss=-0.530587 | best_val_loss=-0.541208 | delta=-0.010621 | wait=6/20
2026-07-01 15:37:07.378932: 
2026-07-01 15:37:07.410184: Epoch 14
2026-07-01 15:37:07.440612: Current learning rate: 0.00987
2026-07-01 15:39:08.064039: train_loss -0.493
2026-07-01 15:39:08.108564: val_loss -0.3908
2026-07-01 15:39:08.150076: Pseudo dice [np.float32(0.4416), np.float32(0.7273), np.float32(nan), np.float32(nan), np.float32(0.9304)]
2026-07-01 15:39:08.200078: Epoch time: 120.69 s
2026-07-01 15:39:09.489151: Early stopping: no significant improvement | val_loss=-0.390781 | best_val_loss=-0.541208 | delta=-0.150426 | wait=7/20
2026-07-01 15:39:09.523151: 
2026-07-01 15:39:09.559144: Epoch 15
2026-07-01 15:39:09.593152: Current learning rate: 0.00986
2026-07-01 15:41:13.437840: train_loss -0.3925
2026-07-01 15:41:13.470931: val_loss -0.4263
2026-07-01 15:41:13.500968: Pseudo dice [np.float32(0.4796), np.float32(0.8608), np.float32(nan), np.float32(nan), np.float32(0.9045)]
2026-07-01 15:41:13.531479: Epoch time: 123.92 s
2026-07-01 15:41:14.749327: Early stopping: no significant improvement | val_loss=-0.426318 | best_val_loss=-0.541208 | delta=-0.11489 | wait=8/20
2026-07-01 15:41:14.787338: 
2026-07-01 15:41:14.817388: Epoch 16
2026-07-01 15:41:14.847425: Current learning rate: 0.00986
2026-07-01 15:43:18.028526: train_loss -0.4772
2026-07-01 15:43:18.060565: val_loss -0.4906
2026-07-01 15:43:18.091092: Pseudo dice [np.float32(0.5018), np.float32(0.8531), np.float32(nan), np.float32(nan), np.float32(0.9656)]
2026-07-01 15:43:18.121147: Epoch time: 123.24 s
2026-07-01 15:43:19.825391: Early stopping: no significant improvement | val_loss=-0.490594 | best_val_loss=-0.541208 | delta=-0.050614 | wait=9/20
2026-07-01 15:43:19.855390: 
2026-07-01 15:43:19.884390: Epoch 17
2026-07-01 15:43:19.912390: Current learning rate: 0.00985
2026-07-01 15:45:20.248731: train_loss -0.5088
2026-07-01 15:45:20.285730: val_loss -0.4974
2026-07-01 15:45:20.318731: Pseudo dice [np.float32(0.4433), np.float32(0.8781), np.float32(nan), np.float32(nan), np.float32(0.9588)]
2026-07-01 15:45:20.349732: Epoch time: 120.39 s
2026-07-01 15:45:21.608157: Early stopping: no significant improvement | val_loss=-0.497367 | best_val_loss=-0.541208 | delta=-0.043841 | wait=10/20
2026-07-01 15:45:21.641220: 
2026-07-01 15:45:21.671253: Epoch 18
2026-07-01 15:45:21.703250: Current learning rate: 0.00984
2026-07-01 15:47:27.125620: train_loss -0.4935
2026-07-01 15:47:27.157628: val_loss -0.4537
2026-07-01 15:47:27.188620: Pseudo dice [np.float32(0.4731), np.float32(0.8161), np.float32(nan), np.float32(nan), np.float32(0.931)]
2026-07-01 15:47:27.218621: Epoch time: 125.49 s
2026-07-01 15:47:28.605353: Early stopping: no significant improvement | val_loss=-0.45368 | best_val_loss=-0.541208 | delta=-0.087528 | wait=11/20
2026-07-01 15:47:28.636442: 
2026-07-01 15:47:28.665439: Epoch 19
2026-07-01 15:47:28.696440: Current learning rate: 0.00983
2026-07-01 15:49:31.622298: train_loss -0.47
2026-07-01 15:49:31.670298: val_loss -0.4338
2026-07-01 15:49:31.718298: Pseudo dice [np.float32(0.3583), np.float32(0.8659), np.float32(nan), np.float32(nan), np.float32(0.9692)]
2026-07-01 15:49:31.768298: Epoch time: 122.99 s
2026-07-01 15:49:33.241785: Early stopping: no significant improvement | val_loss=-0.433834 | best_val_loss=-0.541208 | delta=-0.107374 | wait=12/20
2026-07-01 15:49:33.276968: 
2026-07-01 15:49:33.309991: Epoch 20
2026-07-01 15:49:33.343990: Current learning rate: 0.00982
2026-07-01 15:51:34.659386: train_loss -0.4901
2026-07-01 15:51:34.690386: val_loss -0.4702
2026-07-01 15:51:34.719943: Pseudo dice [np.float32(0.4634), np.float32(0.8633), np.float32(nan), np.float32(nan), np.float32(0.9606)]
2026-07-01 15:51:34.749729: Epoch time: 121.38 s
2026-07-01 15:51:35.960413: Early stopping: no significant improvement | val_loss=-0.470211 | best_val_loss=-0.541208 | delta=-0.070997 | wait=13/20
2026-07-01 15:51:35.991936: 
2026-07-01 15:51:36.022971: Epoch 21
2026-07-01 15:51:36.054496: Current learning rate: 0.00981
2026-07-01 15:53:37.852305: train_loss -0.5087
2026-07-01 15:53:37.893305: val_loss -0.5072
2026-07-01 15:53:37.927305: Pseudo dice [np.float32(0.4699), np.float32(0.8569), np.float32(nan), np.float32(nan), np.float32(0.9563)]
2026-07-01 15:53:37.959306: Epoch time: 121.86 s
2026-07-01 15:53:39.716340: Early stopping: no significant improvement | val_loss=-0.507196 | best_val_loss=-0.541208 | delta=-0.034011 | wait=14/20
2026-07-01 15:53:39.748340:C:\Users\rony.schwartz\.conda\envs\venv-napari\Lib\site-packages\nnunetv2\evaluation\evaluate_predictions.py:157: RuntimeWarning: Mean of empty slice
  means[r][m] = np.nanmean([i['metrics'][r][m] for i in results])
 
2026-07-01 15:53:39.780342: Epoch 22
2026-07-01 15:53:39.812347: Current learning rate: 0.0098
2026-07-01 15:55:38.779415: train_loss -0.5005
2026-07-01 15:55:38.823417: val_loss -0.4787
2026-07-01 15:55:38.855417: Pseudo dice [np.float32(0.3023), np.float32(0.8569), np.float32(nan), np.float32(nan), np.float32(0.95)]
2026-07-01 15:55:38.890433: Epoch time: 119.03 s
2026-07-01 15:55:40.220320: Early stopping: no significant improvement | val_loss=-0.478673 | best_val_loss=-0.541208 | delta=-0.062535 | wait=15/20
2026-07-01 15:55:40.267319: 
2026-07-01 15:55:40.299329: Epoch 23
2026-07-01 15:55:40.331370: Current learning rate: 0.00979
2026-07-01 15:57:42.316143: train_loss -0.4987
2026-07-01 15:57:42.354142: val_loss -0.5091
2026-07-01 15:57:42.385143: Pseudo dice [np.float32(0.4015), np.float32(0.8595), np.float32(nan), np.float32(nan), np.float32(0.956)]
2026-07-01 15:57:42.417142: Epoch time: 122.05 s
2026-07-01 15:57:43.767069: Early stopping: no significant improvement | val_loss=-0.509083 | best_val_loss=-0.541208 | delta=-0.032125 | wait=16/20
2026-07-01 15:57:43.799240: 
2026-07-01 15:57:43.829863: Epoch 24
2026-07-01 15:57:43.862098: Current learning rate: 0.00978
2026-07-01 15:59:47.672314: train_loss -0.5241
2026-07-01 15:59:47.716921: val_loss -0.5384
2026-07-01 15:59:47.747482: Pseudo dice [np.float32(0.4622), np.float32(0.9151), np.float32(nan), np.float32(nan), np.float32(0.959)]
2026-07-01 15:59:47.778181: Epoch time: 123.87 s
2026-07-01 15:59:49.515990: Early stopping: no significant improvement | val_loss=-0.538395 | best_val_loss=-0.541208 | delta=-0.002813 | wait=17/20
2026-07-01 15:59:49.549537: 
2026-07-01 15:59:49.581089: Epoch 25
2026-07-01 15:59:49.611623: Current learning rate: 0.00977
2026-07-01 16:01:54.878227: train_loss -0.5225
2026-07-01 16:01:54.910229: val_loss -0.5382
2026-07-01 16:01:54.942228: Pseudo dice [np.float32(0.4396), np.float32(0.9149), np.float32(nan), np.float32(nan), np.float32(0.967)]
2026-07-01 16:01:54.975228: Epoch time: 125.33 s
2026-07-01 16:01:56.241011: Early stopping: no significant improvement | val_loss=-0.538153 | best_val_loss=-0.541208 | delta=-0.003054 | wait=18/20
2026-07-01 16:01:56.290010: 
2026-07-01 16:01:56.333011: Epoch 26
2026-07-01 16:01:56.388569: Current learning rate: 0.00977
2026-07-01 16:03:56.299738: train_loss -0.5275
2026-07-01 16:03:56.332738: val_loss -0.5351
2026-07-01 16:03:56.363738: Pseudo dice [np.float32(0.5329), np.float32(0.8996), np.float32(nan), np.float32(nan), np.float32(0.9691)]
2026-07-01 16:03:56.394738: Epoch time: 120.01 s
2026-07-01 16:03:57.789809: Early stopping: no significant improvement | val_loss=-0.535114 | best_val_loss=-0.541208 | delta=-0.006094 | wait=19/20
2026-07-01 16:03:57.829857: 
2026-07-01 16:03:57.890370: Epoch 27
2026-07-01 16:03:57.939370: Current learning rate: 0.00976
2026-07-01 16:05:58.607740: train_loss -0.5455
2026-07-01 16:05:58.640748: val_loss -0.5406
2026-07-01 16:05:58.673748: Pseudo dice [np.float32(0.6092), np.float32(0.9043), np.float32(nan), np.float32(nan), np.float32(0.9669)]
2026-07-01 16:05:58.705749: Epoch time: 120.78 s
2026-07-01 16:05:59.956289: Early stopping: no significant improvement | val_loss=-0.540563 | best_val_loss=-0.541208 | delta=-0.000645 | wait=20/20
2026-07-01 16:05:59.993289: Early stopping triggered at epoch 28 | best_val_loss=-0.541208
2026-07-01 16:06:00.765954: Training done.
2026-07-01 16:06:00.881946: Using splits from existing split file: \\hive3065\Yael_Mishael\Rony\remote_computer backup\nnUNet_resources\multi_sample_fresh_bnei_reem_i3\nnUNet_preprocessed\Dataset777_GCEF\splits_final.json
2026-07-01 16:06:00.931944: The split file contains 1 splits.
2026-07-01 16:06:00.976950: Desired fold for training: 0
2026-07-01 16:06:01.019952: This split has 1 training and 1 validation cases.
2026-07-01 16:06:01.059949: WARNING: Some validation cases are also in the training set. Please check the splits.json or ignore if this is intentional.
2026-07-01 16:06:01.095951: predicting nlm_volume
2026-07-01 16:06:01.408950: nlm_volume, shape torch.Size([1, 600, 650, 650]), rank 0
2026-07-01 16:12:06.959968: Validation complete
2026-07-01 16:12:06.990968: Mean Validation Dice:  nan

Saved summary CSV: \\hive3065\Yael_Mishael\Rony\remote_computer backup\nnUNet_resources\multi_sample_fresh_bnei_reem_i3\nnUNet_results\Dataset777_GCEF\nnUNetTrainer_betterIgnoreSampling_earlyStopValLoss__nnUNetPlans__3d_fullres\analytics\training_metrics_summary.csv

=== Training Summary ===
  epochs:      27
  train_loss:  -0.545500
  val_loss:    -0.540600
  mean_dice:   32.000000

[OK] Analytics saved to \\hive3065\Yael_Mishael\Rony\remote_computer backup\nnUNet_resources\multi_sample_fresh_bnei_reem_i3\nnUNet_results\Dataset777_GCEF\nnUNetTrainer_betterIgnoreSampling_earlyStopValLoss__nnUNetPlans__3d_fullres\analytics

======================================================================
Running inference with fresh_bnei_reem_i3 model ...
======================================================================
Input chunks (8):
  nlm_volume__2__0__130__0000.nii.gz
  nlm_volume__2__116__294__0000.nii.gz
  nlm_volume__2__198__376__0000.nii.gz
  nlm_volume__2__280__458__0000.nii.gz
  nlm_volume__2__34__212__0000.nii.gz
  nlm_volume__2__362__540__0000.nii.gz
  nlm_volume__2__444__622__0000.nii.gz
  nlm_volume__2__526__652__0000.nii.gz
Checkpoint: checkpoint_final.pth
CUDA available: True

=== Step 1: Inference ===
There are 8 cases in the source folder
I am process 0 out of 1 (max process ID is 0, we start counting with 0!)
There are 8 cases that I would like to predict

Predicting nlm_volume__2__0__130_:
perform_everything_on_device: False
Input shape: torch.Size([1, 130, 650, 650])
step_size: 0.5
mirror_axes: None
n_steps 200, image size is torch.Size([130, 650, 650]), tile_size [128, 128, 128], tile_step_size 0.5
steps:
[[0, 2], [0, 58, 116, 174, 232, 290, 348, 406, 464, 522], [0, 58, 116, 174, 232, 290, 348, 406, 464, 522]]
move image to device cpu
preallocating results arrays on device cpu

  0%|          | 0/200 [00:00<?, ?it/s]
  0%|          | 1/200 [00:01<04:16,  1.29s/it]
  2%|1         | 3/200 [00:01<01:13,  2.69it/s]
  3%|3         | 6/200 [00:01<00:33,  5.76it/s]
  4%|4         | 9/200 [00:01<00:22,  8.68it/s]
  6%|6         | 12/200 [00:01<00:16, 11.25it/s]
  8%|7         | 15/200 [00:01<00:13, 13.47it/s]
  9%|9         | 18/200 [00:02<00:11, 15.27it/s]
 10%|#         | 21/200 [00:02<00:10, 16.61it/s]
 12%|#2        | 24/200 [00:02<00:09, 17.76it/s]
 14%|#3        | 27/200 [00:02<00:09, 18.62it/s]
 15%|#5        | 30/200 [00:02<00:08, 19.22it/s]
 16%|#6        | 33/200 [00:02<00:08, 19.60it/s]
 18%|#8        | 36/200 [00:02<00:08, 19.84it/s]
 20%|#9        | 39/200 [00:03<00:08, 20.01it/s]
 21%|##1       | 42/200 [00:03<00:07, 19.97it/s]
 22%|##2       | 45/200 [00:03<00:07, 20.06it/s]
 24%|##4       | 48/200 [00:03<00:07, 20.04it/s]
 26%|##5       | 51/200 [00:03<00:07, 20.15it/s]
 27%|##7       | 54/200 [00:03<00:07, 20.19it/s]
 28%|##8       | 57/200 [00:04<00:07, 20.25it/s]
 30%|###       | 60/200 [00:04<00:06, 20.26it/s]
 32%|###1      | 63/200 [00:04<00:06, 20.34it/s]
 33%|###3      | 66/200 [00:04<00:06, 20.36it/s]
 34%|###4      | 69/200 [00:04<00:06, 20.42it/s]
 36%|###6      | 72/200 [00:04<00:06, 20.46it/s]
 38%|###7      | 75/200 [00:04<00:06, 20.48it/s]
 39%|###9      | 78/200 [00:05<00:05, 20.42it/s]
 40%|####      | 81/200 [00:05<00:05, 20.42it/s]
 42%|####2     | 84/200 [00:05<00:05, 20.46it/s]
 44%|####3     | 87/200 [00:05<00:05, 20.48it/s]
 45%|####5     | 90/200 [00:05<00:05, 20.50it/s]
 46%|####6     | 93/200 [00:05<00:05, 20.47it/s]
 48%|####8     | 96/200 [00:05<00:05, 20.37it/s]
 50%|####9     | 99/200 [00:06<00:04, 20.38it/s]
 51%|#####1    | 102/200 [00:06<00:04, 20.43it/s]
 52%|#####2    | 105/200 [00:06<00:04, 20.51it/s]
 54%|#####4    | 108/200 [00:06<00:04, 20.48it/s]
 56%|#####5    | 111/200 [00:06<00:04, 20.58it/s]
 57%|#####6    | 114/200 [00:06<00:04, 20.45it/s]
 58%|#####8    | 117/200 [00:06<00:04, 20.44it/s]
 60%|######    | 120/200 [00:07<00:03, 20.39it/s]
 62%|######1   | 123/200 [00:07<00:03, 20.35it/s]
 63%|######3   | 126/200 [00:07<00:03, 20.33it/s]
 64%|######4   | 129/200 [00:07<00:03, 20.48it/s]
 66%|######6   | 132/200 [00:07<00:03, 20.46it/s]
 68%|######7   | 135/200 [00:07<00:03, 20.32it/s]
 69%|######9   | 138/200 [00:08<00:03, 20.06it/s]
 70%|#######   | 141/200 [00:08<00:02, 20.04it/s]
 72%|#######2  | 144/200 [00:08<00:02, 20.07it/s]
 74%|#######3  | 147/200 [00:08<00:02, 20.21it/s]
 75%|#######5  | 150/200 [00:08<00:02, 20.27it/s]
 76%|#######6  | 153/200 [00:08<00:02, 20.27it/s]
 78%|#######8  | 156/200 [00:08<00:02, 20.31it/s]
 80%|#######9  | 159/200 [00:09<00:02, 20.30it/s]
 81%|########1 | 162/200 [00:09<00:01, 20.33it/s]
 82%|########2 | 165/200 [00:09<00:01, 20.44it/s]
 84%|########4 | 168/200 [00:09<00:01, 20.43it/s]
 86%|########5 | 171/200 [00:09<00:01, 20.42it/s]
 87%|########7 | 174/200 [00:09<00:01, 20.38it/s]
 88%|########8 | 177/200 [00:09<00:01, 20.30it/s]
 90%|######### | 180/200 [00:10<00:00, 20.25it/s]
 92%|#########1| 183/200 [00:10<00:00, 20.34it/s]
 93%|#########3| 186/200 [00:10<00:00, 20.32it/s]
 94%|#########4| 189/200 [00:10<00:00, 20.35it/s]
 96%|#########6| 192/200 [00:10<00:00, 20.41it/s]
 98%|#########7| 195/200 [00:10<00:00, 20.41it/s]
 99%|#########9| 198/200 [00:10<00:00, 20.41it/s]
100%|##########| 200/200 [00:11<00:00, 18.09it/s]
Prediction done
sending off prediction to background worker for resampling and export
done with nlm_volume__2__0__130_

Predicting nlm_volume__2__116__294_:
perform_everything_on_device: False
Input shape: torch.Size([1, 178, 650, 650])
step_size: 0.5
mirror_axes: None
n_steps 200, image size is torch.Size([178, 650, 650]), tile_size [128, 128, 128], tile_step_size 0.5
steps:
[[0, 50], [0, 58, 116, 174, 232, 290, 348, 406, 464, 522], [0, 58, 116, 174, 232, 290, 348, 406, 464, 522]]
move image to device cpu
preallocating results arrays on device cpu

  0%|          | 0/200 [00:00<?, ?it/s]
  1%|1         | 2/200 [00:00<00:21,  9.17it/s]
  2%|2         | 4/200 [00:00<00:15, 12.29it/s]
  3%|3         | 6/200 [00:00<00:14, 13.83it/s]
  4%|4         | 9/200 [00:00<00:11, 16.41it/s]
  6%|6         | 12/200 [00:00<00:10, 17.86it/s]
  8%|7         | 15/200 [00:00<00:09, 18.73it/s]
  9%|9         | 18/200 [00:01<00:09, 19.24it/s]
 10%|#         | 21/200 [00:01<00:09, 19.57it/s]
 12%|#2        | 24/200 [00:01<00:08, 19.83it/s]
 13%|#3        | 26/200 [00:01<00:08, 19.87it/s]
 14%|#4        | 29/200 [00:01<00:08, 20.00it/s]
 16%|#6        | 32/200 [00:01<00:08, 20.00it/s]
 18%|#7        | 35/200 [00:01<00:08, 19.79it/s]
 18%|#8        | 37/200 [00:02<00:08, 19.84it/s]
 20%|##        | 40/200 [00:02<00:08, 19.94it/s]
 22%|##1       | 43/200 [00:02<00:07, 20.13it/s]
 23%|##3       | 46/200 [00:02<00:07, 20.22it/s]
 24%|##4       | 49/200 [00:02<00:07, 20.28it/s]
 26%|##6       | 52/200 [00:02<00:07, 20.23it/s]
 28%|##7       | 55/200 [00:02<00:07, 20.24it/s]
 29%|##9       | 58/200 [00:03<00:07, 20.17it/s]
 30%|###       | 61/200 [00:03<00:06, 20.20it/s]
 32%|###2      | 64/200 [00:03<00:06, 19.98it/s]
 34%|###3      | 67/200 [00:03<00:06, 19.98it/s]
 35%|###5      | 70/200 [00:03<00:06, 20.03it/s]
 36%|###6      | 73/200 [00:03<00:06, 20.02it/s]
 38%|###8      | 76/200 [00:03<00:06, 20.05it/s]
 40%|###9      | 79/200 [00:04<00:06, 20.04it/s]
 41%|####1     | 82/200 [00:04<00:05, 20.07it/s]
 42%|####2     | 85/200 [00:04<00:05, 20.05it/s]
 44%|####4     | 88/200 [00:04<00:05, 20.07it/s]
 46%|####5     | 91/200 [00:04<00:05, 20.09it/s]
 47%|####6     | 94/200 [00:04<00:05, 20.10it/s]
 48%|####8     | 97/200 [00:04<00:05, 20.11it/s]
 50%|#####     | 100/200 [00:05<00:04, 20.12it/s]
 52%|#####1    | 103/200 [00:05<00:04, 20.16it/s]
 53%|#####3    | 106/200 [00:05<00:04, 20.07it/s]
 55%|#####4    | 109/200 [00:05<00:04, 20.05it/s]
 56%|#####6    | 112/200 [00:05<00:04, 20.04it/s]
 57%|#####7    | 115/200 [00:05<00:04, 20.03it/s]
 59%|#####8    | 118/200 [00:06<00:04, 20.06it/s]
 60%|######    | 121/200 [00:06<00:03, 20.16it/s]
 62%|######2   | 124/200 [00:06<00:03, 20.24it/s]
 64%|######3   | 127/200 [00:06<00:03, 20.16it/s]
 65%|######5   | 130/200 [00:06<00:03, 19.87it/s]
 66%|######6   | 132/200 [00:06<00:03, 19.68it/s]
 67%|######7   | 134/200 [00:06<00:03, 19.62it/s]
 68%|######8   | 136/200 [00:06<00:03, 19.72it/s]
 69%|######9   | 138/200 [00:07<00:03, 19.74it/s]
 70%|#######   | 141/200 [00:07<00:02, 19.88it/s]
 72%|#######1  | 143/200 [00:07<00:02, 19.86it/s]
 72%|#######2  | 145/200 [00:07<00:02, 19.79it/s]
 74%|#######3  | 147/200 [00:07<00:02, 19.85it/s]
 74%|#######4  | 149/200 [00:07<00:02, 19.72it/s]
 76%|#######6  | 152/200 [00:07<00:02, 19.78it/s]
 78%|#######7  | 155/200 [00:07<00:02, 19.86it/s]
 79%|#######9  | 158/200 [00:08<00:02, 19.99it/s]
 80%|########  | 161/200 [00:08<00:01, 19.95it/s]
 82%|########1 | 163/200 [00:08<00:01, 19.96it/s]
 83%|########2 | 166/200 [00:08<00:01, 20.02it/s]
 84%|########4 | 169/200 [00:08<00:01, 20.10it/s]
 86%|########6 | 172/200 [00:08<00:01, 20.11it/s]
 88%|########7 | 175/200 [00:08<00:01, 20.20it/s]
 89%|########9 | 178/200 [00:09<00:01, 20.27it/s]
 90%|######### | 181/200 [00:09<00:00, 20.14it/s]
 92%|#########2| 184/200 [00:09<00:00, 19.98it/s]
 93%|#########3| 186/200 [00:09<00:00, 19.89it/s]
 94%|#########3| 188/200 [00:09<00:00, 19.82it/s]
 95%|#########5| 190/200 [00:09<00:00, 19.67it/s]
 96%|#########6| 192/200 [00:09<00:00, 19.65it/s]
 98%|#########7| 195/200 [00:09<00:00, 19.83it/s]
 98%|#########8| 197/200 [00:09<00:00, 19.82it/s]
100%|##########| 200/200 [00:10<00:00, 19.84it/s]
100%|##########| 200/200 [00:10<00:00, 19.70it/s]
Prediction done
sending off prediction to background worker for resampling and export
done with nlm_volume__2__116__294_

Predicting nlm_volume__2__198__376_:
perform_everything_on_device: False
Input shape: torch.Size([1, 178, 650, 650])
step_size: 0.5
mirror_axes: None
n_steps 200, image size is torch.Size([178, 650, 650]), tile_size [128, 128, 128], tile_step_size 0.5
steps:
[[0, 50], [0, 58, 116, 174, 232, 290, 348, 406, 464, 522], [0, 58, 116, 174, 232, 290, 348, 406, 464, 522]]
move image to device cpu
preallocating results arrays on device cpu

  0%|          | 0/200 [00:00<?, ?it/s]
  0%|          | 1/200 [00:00<00:47,  4.22it/s]
  2%|1         | 3/200 [00:00<00:23,  8.41it/s]
  2%|2         | 5/200 [00:00<00:16, 11.95it/s]
  4%|3         | 7/200 [00:00<00:13, 14.27it/s]
  4%|4         | 9/200 [00:00<00:12, 15.81it/s]
  6%|5         | 11/200 [00:00<00:11, 16.91it/s]
  6%|6         | 13/200 [00:00<00:10, 17.72it/s]
  8%|8         | 16/200 [00:01<00:09, 18.65it/s]
  9%|9         | 18/200 [00:01<00:09, 18.86it/s]
 10%|#         | 20/200 [00:01<00:09, 19.02it/s]
 11%|#1        | 22/200 [00:01<00:09, 19.13it/s]
 12%|#2        | 24/200 [00:01<00:09, 19.33it/s]
 13%|#3        | 26/200 [00:01<00:08, 19.52it/s]
 14%|#4        | 29/200 [00:01<00:08, 19.55it/s]
 16%|#5        | 31/200 [00:01<00:08, 19.52it/s]
 16%|#6        | 33/200 [00:01<00:08, 19.44it/s]
 18%|#7        | 35/200 [00:02<00:08, 19.54it/s]
 18%|#8        | 37/200 [00:02<00:08, 19.67it/s]
 20%|#9        | 39/200 [00:02<00:08, 19.60it/s]
 20%|##        | 41/200 [00:02<00:08, 19.60it/s]
 22%|##1       | 43/200 [00:02<00:08, 19.55it/s]
 22%|##2       | 45/200 [00:02<00:07, 19.45it/s]
 24%|##3       | 47/200 [00:02<00:07, 19.50it/s]
 24%|##4       | 49/200 [00:02<00:07, 19.42it/s]
 26%|##5       | 51/200 [00:02<00:07, 19.36it/s]
 26%|##6       | 53/200 [00:02<00:07, 19.32it/s]
 28%|##7       | 55/200 [00:03<00:07, 19.29it/s]
 28%|##8       | 57/200 [00:03<00:07, 19.28it/s]
 30%|##9       | 59/200 [00:03<00:07, 19.15it/s]
 30%|###       | 61/200 [00:03<00:07, 19.01it/s]
 32%|###1      | 63/200 [00:03<00:07, 18.60it/s]
 32%|###2      | 65/200 [00:03<00:07, 17.14it/s]
 34%|###3      | 67/200 [00:03<00:08, 16.49it/s]
 34%|###4      | 69/200 [00:03<00:07, 16.50it/s]
 36%|###5      | 71/200 [00:03<00:07, 16.51it/s]
 36%|###6      | 73/200 [00:04<00:07, 17.02it/s]
 38%|###7      | 75/200 [00:04<00:07, 17.77it/s]
 38%|###8      | 77/200 [00:04<00:06, 18.33it/s]
 40%|###9      | 79/200 [00:04<00:06, 18.59it/s]
 40%|####      | 81/200 [00:04<00:06, 18.78it/s]
 42%|####1     | 83/200 [00:04<00:06, 18.97it/s]
 42%|####2     | 85/200 [00:04<00:06, 19.10it/s]
 44%|####4     | 88/200 [00:04<00:05, 19.49it/s]
 45%|####5     | 90/200 [00:04<00:05, 19.63it/s]
 46%|####6     | 92/200 [00:05<00:05, 19.68it/s]
 47%|####6     | 94/200 [00:05<00:05, 19.66it/s]
 48%|####8     | 96/200 [00:05<00:05, 19.70it/s]
 49%|####9     | 98/200 [00:05<00:05, 19.79it/s]
 50%|#####     | 100/200 [00:05<00:05, 19.73it/s]
 51%|#####1    | 102/200 [00:05<00:04, 19.70it/s]
 52%|#####2    | 104/200 [00:05<00:04, 19.73it/s]
 53%|#####3    | 106/200 [00:05<00:04, 19.75it/s]
 54%|#####4    | 108/200 [00:05<00:04, 19.82it/s]
 55%|#####5    | 110/200 [00:05<00:04, 19.82it/s]
 56%|#####6    | 112/200 [00:06<00:04, 19.75it/s]
 57%|#####7    | 115/200 [00:06<00:04, 19.80it/s]
 58%|#####8    | 117/200 [00:06<00:04, 19.54it/s]
 60%|#####9    | 119/200 [00:06<00:04, 19.40it/s]
 60%|######    | 121/200 [00:06<00:04, 19.30it/s]
 62%|######1   | 123/200 [00:06<00:03, 19.28it/s]
 62%|######2   | 125/200 [00:06<00:03, 19.37it/s]
 64%|######3   | 127/200 [00:06<00:03, 19.50it/s]
 65%|######5   | 130/200 [00:07<00:03, 19.69it/s]
 66%|######6   | 132/200 [00:07<00:03, 19.67it/s]
 67%|######7   | 134/200 [00:07<00:03, 19.49it/s]
 68%|######8   | 136/200 [00:07<00:03, 19.52it/s]
 69%|######9   | 138/200 [00:07<00:03, 19.55it/s]
 70%|#######   | 140/200 [00:07<00:03, 19.62it/s]
 71%|#######1  | 142/200 [00:07<00:02, 19.67it/s]
 72%|#######2  | 145/200 [00:07<00:02, 19.75it/s]
 74%|#######3  | 147/200 [00:07<00:02, 19.66it/s]
 74%|#######4  | 149/200 [00:08<00:02, 18.30it/s]
 76%|#######5  | 151/200 [00:08<00:02, 18.12it/s]
 76%|#######6  | 153/200 [00:08<00:02, 18.38it/s]
 78%|#######7  | 155/200 [00:08<00:02, 18.62it/s]
 78%|#######8  | 157/200 [00:08<00:02, 18.80it/s]
 80%|#######9  | 159/200 [00:08<00:02, 18.98it/s]
 80%|########  | 161/200 [00:08<00:02, 19.21it/s]
 82%|########1 | 163/200 [00:08<00:01, 19.27it/s]
 82%|########2 | 165/200 [00:08<00:01, 19.43it/s]
 84%|########3 | 167/200 [00:08<00:01, 19.31it/s]
 84%|########4 | 169/200 [00:09<00:01, 19.07it/s]
 86%|########5 | 171/200 [00:09<00:01, 19.06it/s]
 86%|########6 | 173/200 [00:09<00:01, 19.11it/s]
 88%|########7 | 175/200 [00:09<00:01, 19.26it/s]
 88%|########8 | 177/200 [00:09<00:01, 19.25it/s]
 90%|########9 | 179/200 [00:09<00:01, 19.41it/s]
 90%|######### | 181/200 [00:09<00:00, 19.53it/s]
 92%|#########1| 183/200 [00:09<00:00, 19.49it/s]
 92%|#########2| 185/200 [00:09<00:00, 19.41it/s]
 94%|#########3| 187/200 [00:09<00:00, 19.47it/s]
 94%|#########4| 189/200 [00:10<00:00, 19.51it/s]
 96%|#########5| 191/200 [00:10<00:00, 19.54it/s]
 96%|#########6| 193/200 [00:10<00:00, 19.62it/s]
 98%|#########8| 196/200 [00:10<00:00, 19.77it/s]
 99%|#########9| 198/200 [00:10<00:00, 19.72it/s]
100%|##########| 200/200 [00:10<00:00, 19.32it/s]
100%|##########| 200/200 [00:10<00:00, 18.79it/s]
Prediction done
sending off prediction to background worker for resampling and export
done with nlm_volume__2__198__376_

Predicting nlm_volume__2__280__458_:
perform_everything_on_device: False
Input shape: torch.Size([1, 178, 650, 650])
step_size: 0.5
mirror_axes: None
n_steps 200, image size is torch.Size([178, 650, 650]), tile_size [128, 128, 128], tile_step_size 0.5
steps:
[[0, 50], [0, 58, 116, 174, 232, 290, 348, 406, 464, 522], [0, 58, 116, 174, 232, 290, 348, 406, 464, 522]]
move image to device cpu
preallocating results arrays on device cpu

  0%|          | 0/200 [00:00<?, ?it/s]
  0%|          | 1/200 [00:00<00:26,  7.46it/s]
  2%|1         | 3/200 [00:00<00:18, 10.39it/s]
  2%|2         | 5/200 [00:00<00:15, 12.89it/s]
  4%|3         | 7/200 [00:00<00:12, 15.07it/s]
  4%|4         | 9/200 [00:00<00:11, 16.62it/s]
  6%|5         | 11/200 [00:00<00:10, 17.55it/s]
  6%|6         | 13/200 [00:00<00:10, 18.24it/s]
  8%|8         | 16/200 [00:00<00:09, 18.94it/s]
  9%|9         | 18/200 [00:01<00:09, 19.12it/s]
 10%|#         | 20/200 [00:01<00:09, 19.26it/s]
 12%|#1        | 23/200 [00:01<00:09, 19.49it/s]
 13%|#3        | 26/200 [00:01<00:08, 19.71it/s]
 14%|#4        | 28/200 [00:01<00:08, 19.69it/s]
 15%|#5        | 30/200 [00:01<00:08, 19.61it/s]
 16%|#6        | 32/200 [00:01<00:08, 19.61it/s]
 17%|#7        | 34/200 [00:01<00:08, 19.67it/s]
 18%|#8        | 36/200 [00:01<00:08, 19.70it/s]
 19%|#9        | 38/200 [00:02<00:08, 19.73it/s]
 20%|##        | 40/200 [00:02<00:08, 19.75it/s]
 21%|##1       | 42/200 [00:02<00:07, 19.77it/s]
 22%|##2       | 44/200 [00:02<00:07, 19.72it/s]
 23%|##3       | 46/200 [00:02<00:07, 19.69it/s]
 24%|##4       | 48/200 [00:02<00:07, 19.66it/s]
 25%|##5       | 50/200 [00:02<00:07, 19.65it/s]
 26%|##6       | 52/200 [00:02<00:07, 19.58it/s]
 27%|##7       | 54/200 [00:02<00:07, 19.59it/s]
 28%|##8       | 56/200 [00:03<00:07, 19.42it/s]
 29%|##9       | 58/200 [00:03<00:07, 19.48it/s]
 30%|###       | 60/200 [00:03<00:07, 19.35it/s]
 31%|###1      | 62/200 [00:03<00:07, 19.31it/s]
 32%|###2      | 64/200 [00:03<00:07, 19.07it/s]
 33%|###3      | 66/200 [00:03<00:07, 19.12it/s]
 34%|###4      | 68/200 [00:03<00:06, 19.15it/s]
 35%|###5      | 70/200 [00:03<00:06, 19.23it/s]
 36%|###6      | 72/200 [00:03<00:06, 19.29it/s]
 37%|###7      | 74/200 [00:03<00:06, 19.32it/s]
 38%|###8      | 76/200 [00:04<00:06, 19.35it/s]
 39%|###9      | 78/200 [00:04<00:06, 19.37it/s]
 40%|####      | 80/200 [00:04<00:06, 19.33it/s]
 41%|####1     | 82/200 [00:04<00:06, 19.41it/s]
 42%|####2     | 84/200 [00:04<00:05, 19.41it/s]
 43%|####3     | 86/200 [00:04<00:05, 19.47it/s]
 44%|####4     | 88/200 [00:04<00:05, 19.51it/s]
 45%|####5     | 90/200 [00:04<00:05, 19.48it/s]
 46%|####6     | 92/200 [00:04<00:05, 19.46it/s]
 47%|####6     | 94/200 [00:04<00:05, 19.45it/s]
 48%|####8     | 96/200 [00:05<00:05, 19.44it/s]
 49%|####9     | 98/200 [00:05<00:05, 19.49it/s]
 50%|#####     | 100/200 [00:05<00:05, 19.53it/s]
 51%|#####1    | 102/200 [00:05<00:05, 19.38it/s]
 52%|#####2    | 104/200 [00:05<00:04, 19.33it/s]
 53%|#####3    | 106/200 [00:05<00:04, 19.30it/s]
 54%|#####4    | 108/200 [00:05<00:04, 19.28it/s]
 55%|#####5    | 110/200 [00:05<00:04, 19.27it/s]
 56%|#####6    | 112/200 [00:05<00:04, 19.26it/s]
 57%|#####6    | 114/200 [00:06<00:04, 19.42it/s]
 58%|#####8    | 116/200 [00:06<00:04, 19.53it/s]
 59%|#####8    | 118/200 [00:06<00:04, 19.44it/s]
 60%|######    | 120/200 [00:06<00:04, 19.26it/s]
 61%|######1   | 122/200 [00:06<00:04, 19.31it/s]
 62%|######2   | 124/200 [00:06<00:03, 19.29it/s]
 63%|######3   | 126/200 [00:06<00:03, 19.49it/s]
 64%|######4   | 128/200 [00:06<00:03, 19.59it/s]
 66%|######5   | 131/200 [00:06<00:03, 19.75it/s]
 66%|######6   | 133/200 [00:06<00:03, 19.66it/s]
 68%|######7   | 135/200 [00:07<00:03, 19.48it/s]
 68%|######8   | 137/200 [00:07<00:03, 19.36it/s]
 70%|######9   | 139/200 [00:07<00:03, 19.32it/s]
 70%|#######   | 141/200 [00:07<00:03, 19.29it/s]
 72%|#######1  | 143/200 [00:07<00:02, 19.44it/s]
 72%|#######2  | 145/200 [00:07<00:02, 19.60it/s]
 74%|#######4  | 148/200 [00:07<00:02, 19.76it/s]
 75%|#######5  | 150/200 [00:07<00:02, 19.56it/s]
 76%|#######6  | 152/200 [00:07<00:02, 19.41it/s]
 77%|#######7  | 154/200 [00:08<00:02, 19.15it/s]
 78%|#######8  | 156/200 [00:08<00:02, 19.23it/s]
 79%|#######9  | 158/200 [00:08<00:02, 19.34it/s]
 80%|########  | 160/200 [00:08<00:02, 19.47it/s]
 81%|########1 | 162/200 [00:08<00:01, 19.57it/s]
 82%|########2 | 164/200 [00:08<00:01, 19.58it/s]
 83%|########2 | 166/200 [00:08<00:01, 19.53it/s]
 84%|########4 | 168/200 [00:08<00:01, 19.50it/s]
 85%|########5 | 170/200 [00:08<00:01, 19.47it/s]
 86%|########6 | 172/200 [00:08<00:01, 19.51it/s]
 87%|########7 | 174/200 [00:09<00:01, 19.54it/s]
 88%|########8 | 176/200 [00:09<00:01, 19.56it/s]
 89%|########9 | 178/200 [00:09<00:01, 19.57it/s]
 90%|######### | 180/200 [00:09<00:01, 19.53it/s]
 91%|#########1| 182/200 [00:09<00:00, 19.49it/s]
 92%|#########2| 184/200 [00:09<00:00, 19.41it/s]
 93%|#########3| 186/200 [00:09<00:00, 19.47it/s]
 94%|#########3| 188/200 [00:09<00:00, 19.51it/s]
 95%|#########5| 190/200 [00:09<00:00, 19.60it/s]
 96%|#########6| 192/200 [00:10<00:00, 19.54it/s]
 97%|#########7| 194/200 [00:10<00:00, 19.56it/s]
 98%|#########8| 196/200 [00:10<00:00, 19.41it/s]
 99%|#########9| 198/200 [00:10<00:00, 19.30it/s]
100%|##########| 200/200 [00:10<00:00, 19.22it/s]
100%|##########| 200/200 [00:10<00:00, 19.18it/s]
Prediction done
sending off prediction to background worker for resampling and export
done with nlm_volume__2__280__458_

Predicting nlm_volume__2__34__212_:
perform_everything_on_device: False
Input shape: torch.Size([1, 178, 650, 650])
step_size: 0.5
mirror_axes: None
n_steps 200, image size is torch.Size([178, 650, 650]), tile_size [128, 128, 128], tile_step_size 0.5
steps:
[[0, 50], [0, 58, 116, 174, 232, 290, 348, 406, 464, 522], [0, 58, 116, 174, 232, 290, 348, 406, 464, 522]]
move image to device cpu
preallocating results arrays on device cpu

  0%|          | 0/200 [00:00<?, ?it/s]
  1%|1         | 2/200 [00:00<00:11, 16.67it/s]
  2%|2         | 4/200 [00:00<00:10, 17.90it/s]
  4%|3         | 7/200 [00:00<00:10, 18.94it/s]
  4%|4         | 9/200 [00:00<00:10, 19.04it/s]
  6%|5         | 11/200 [00:00<00:09, 19.29it/s]
  7%|7         | 14/200 [00:00<00:09, 19.58it/s]
  8%|8         | 16/200 [00:00<00:09, 19.64it/s]
 10%|9         | 19/200 [00:00<00:09, 19.82it/s]
 11%|#1        | 22/200 [00:01<00:08, 19.93it/s]
 12%|#2        | 24/200 [00:01<00:08, 19.80it/s]
 13%|#3        | 26/200 [00:01<00:08, 19.80it/s]
 14%|#4        | 28/200 [00:01<00:08, 19.75it/s]
 15%|#5        | 30/200 [00:01<00:08, 19.71it/s]
 16%|#6        | 32/200 [00:01<00:08, 19.73it/s]
 17%|#7        | 34/200 [00:01<00:08, 19.59it/s]
 18%|#8        | 36/200 [00:01<00:08, 19.65it/s]
 19%|#9        | 38/200 [00:01<00:08, 19.47it/s]
 20%|##        | 40/200 [00:02<00:08, 19.45it/s]
 21%|##1       | 42/200 [00:02<00:08, 19.56it/s]
 22%|##2       | 44/200 [00:02<00:07, 19.57it/s]
 23%|##3       | 46/200 [00:02<00:07, 19.64it/s]
 24%|##4       | 48/200 [00:02<00:07, 19.63it/s]
 25%|##5       | 50/200 [00:02<00:07, 19.68it/s]
 26%|##6       | 52/200 [00:02<00:07, 19.72it/s]
 27%|##7       | 54/200 [00:02<00:07, 19.63it/s]
 28%|##8       | 56/200 [00:02<00:07, 19.56it/s]
 29%|##9       | 58/200 [00:02<00:07, 19.29it/s]
 30%|###       | 60/200 [00:03<00:07, 19.27it/s]
 31%|###1      | 62/200 [00:03<00:07, 19.32it/s]
 32%|###2      | 64/200 [00:03<00:07, 19.35it/s]
 33%|###3      | 66/200 [00:03<00:06, 19.26it/s]
 34%|###4      | 68/200 [00:03<00:06, 19.25it/s]
 35%|###5      | 70/200 [00:03<00:06, 18.86it/s]
 36%|###6      | 72/200 [00:03<00:06, 18.40it/s]
 37%|###7      | 74/200 [00:03<00:06, 18.13it/s]
 38%|###8      | 76/200 [00:03<00:06, 18.10it/s]
 39%|###9      | 78/200 [00:04<00:06, 18.12it/s]
 40%|####      | 80/200 [00:04<00:06, 18.24it/s]
 41%|####1     | 82/200 [00:04<00:06, 18.27it/s]
 42%|####2     | 84/200 [00:04<00:06, 18.55it/s]
 43%|####3     | 86/200 [00:04<00:06, 18.75it/s]
 44%|####4     | 88/200 [00:04<00:05, 18.78it/s]
 45%|####5     | 90/200 [00:04<00:05, 18.86it/s]
 46%|####6     | 92/200 [00:04<00:05, 18.92it/s]
 47%|####6     | 94/200 [00:04<00:05, 18.90it/s]
 48%|####8     | 96/200 [00:05<00:05, 18.89it/s]
 49%|####9     | 98/200 [00:05<00:05, 18.88it/s]
 50%|#####     | 100/200 [00:05<00:05, 18.77it/s]
 51%|#####1    | 102/200 [00:05<00:05, 18.91it/s]
 52%|#####2    | 104/200 [00:05<00:05, 19.00it/s]
 53%|#####3    | 106/200 [00:05<00:04, 19.07it/s]
 54%|#####4    | 108/200 [00:05<00:04, 19.23it/s]
 55%|#####5    | 110/200 [00:05<00:04, 19.23it/s]
 56%|#####6    | 112/200 [00:05<00:04, 19.23it/s]
 57%|#####6    | 114/200 [00:05<00:04, 19.23it/s]
 58%|#####8    | 116/200 [00:06<00:04, 19.34it/s]
 59%|#####8    | 118/200 [00:06<00:04, 19.36it/s]
 60%|######    | 120/200 [00:06<00:04, 19.44it/s]
 61%|######1   | 122/200 [00:06<00:04, 19.49it/s]
 62%|######2   | 124/200 [00:06<00:03, 19.35it/s]
 63%|######3   | 126/200 [00:06<00:03, 19.21it/s]
 64%|######4   | 128/200 [00:06<00:03, 18.94it/s]
 65%|######5   | 130/200 [00:06<00:03, 18.76it/s]
 66%|######6   | 132/200 [00:06<00:03, 18.74it/s]
 67%|######7   | 134/200 [00:06<00:03, 18.78it/s]
 68%|######8   | 136/200 [00:07<00:03, 18.80it/s]
 69%|######9   | 138/200 [00:07<00:03, 18.82it/s]
 70%|#######   | 140/200 [00:07<00:03, 18.84it/s]
 71%|#######1  | 142/200 [00:07<00:03, 18.95it/s]
 72%|#######2  | 144/200 [00:07<00:02, 19.04it/s]
 73%|#######3  | 146/200 [00:07<00:02, 18.93it/s]
 74%|#######4  | 148/200 [00:07<00:02, 19.02it/s]
 75%|#######5  | 150/200 [00:07<00:02, 19.14it/s]
 76%|#######6  | 152/200 [00:07<00:02, 19.22it/s]
 77%|#######7  | 154/200 [00:08<00:02, 19.28it/s]
 78%|#######8  | 156/200 [00:08<00:02, 19.32it/s]
 79%|#######9  | 158/200 [00:08<00:02, 19.29it/s]
 80%|########  | 160/200 [00:08<00:02, 18.63it/s]
 81%|########1 | 162/200 [00:08<00:02, 17.85it/s]
 82%|########2 | 164/200 [00:08<00:02, 17.48it/s]
 83%|########2 | 166/200 [00:08<00:01, 17.18it/s]
 84%|########4 | 168/200 [00:08<00:01, 16.68it/s]
 85%|########5 | 170/200 [00:08<00:01, 16.89it/s]
 86%|########6 | 172/200 [00:09<00:01, 17.53it/s]
 87%|########7 | 174/200 [00:09<00:01, 17.96it/s]
 88%|########8 | 176/200 [00:09<00:01, 18.27it/s]
 89%|########9 | 178/200 [00:09<00:01, 18.60it/s]
 90%|######### | 180/200 [00:09<00:01, 18.73it/s]
 91%|#########1| 182/200 [00:09<00:00, 18.77it/s]
 92%|#########2| 184/200 [00:09<00:00, 18.85it/s]
 93%|#########3| 186/200 [00:09<00:00, 18.86it/s]
 94%|#########3| 188/200 [00:09<00:00, 18.86it/s]
 95%|#########5| 190/200 [00:10<00:00, 18.92it/s]
 96%|#########6| 192/200 [00:10<00:00, 18.96it/s]
 97%|#########7| 194/200 [00:10<00:00, 19.04it/s]
 98%|#########8| 196/200 [00:10<00:00, 19.04it/s]
 99%|#########9| 198/200 [00:10<00:00, 19.04it/s]
100%|##########| 200/200 [00:10<00:00, 19.15it/s]
100%|##########| 200/200 [00:10<00:00, 18.96it/s]
Prediction done
sending off prediction to background worker for resampling and export
done with nlm_volume__2__34__212_

Predicting nlm_volume__2__362__540_:
perform_everything_on_device: False
Input shape: torch.Size([1, 178, 650, 650])
step_size: 0.5
mirror_axes: None
n_steps 200, image size is torch.Size([178, 650, 650]), tile_size [128, 128, 128], tile_step_size 0.5
steps:
[[0, 50], [0, 58, 116, 174, 232, 290, 348, 406, 464, 522], [0, 58, 116, 174, 232, 290, 348, 406, 464, 522]]
move image to device cpu
preallocating results arrays on device cpu

  0%|          | 0/200 [00:00<?, ?it/s]
  0%|          | 1/200 [00:00<00:36,  5.46it/s]
  2%|1         | 3/200 [00:00<00:16, 11.68it/s]
  2%|2         | 5/200 [00:00<00:13, 14.69it/s]
  4%|3         | 7/200 [00:00<00:11, 16.38it/s]
  4%|4         | 9/200 [00:00<00:11, 17.35it/s]
  6%|5         | 11/200 [00:00<00:10, 17.96it/s]
  6%|6         | 13/200 [00:00<00:10, 18.48it/s]
  8%|7         | 15/200 [00:00<00:09, 18.77it/s]
  8%|8         | 17/200 [00:01<00:09, 18.97it/s]
 10%|9         | 19/200 [00:01<00:09, 19.05it/s]
 10%|#         | 21/200 [00:01<00:09, 19.28it/s]
 12%|#1        | 23/200 [00:01<00:09, 19.38it/s]
 13%|#3        | 26/200 [00:01<00:08, 19.67it/s]
 14%|#4        | 28/200 [00:01<00:08, 19.71it/s]
 16%|#5        | 31/200 [00:01<00:08, 19.67it/s]
 17%|#7        | 34/200 [00:01<00:08, 19.74it/s]
 18%|#8        | 36/200 [00:01<00:08, 19.61it/s]
 19%|#9        | 38/200 [00:02<00:08, 19.61it/s]
 20%|##        | 40/200 [00:02<00:08, 19.66it/s]
 21%|##1       | 42/200 [00:02<00:08, 19.70it/s]
 22%|##2       | 44/200 [00:02<00:07, 19.67it/s]
 23%|##3       | 46/200 [00:02<00:07, 19.71it/s]
 24%|##4       | 48/200 [00:02<00:07, 19.74it/s]
 25%|##5       | 50/200 [00:02<00:07, 19.64it/s]
 26%|##6       | 52/200 [00:02<00:07, 19.75it/s]
 27%|##7       | 54/200 [00:02<00:07, 19.76it/s]
 28%|##8       | 56/200 [00:02<00:07, 19.77it/s]
 29%|##9       | 58/200 [00:03<00:07, 19.78it/s]
 30%|###       | 60/200 [00:03<00:07, 19.79it/s]
 31%|###1      | 62/200 [00:03<00:06, 19.79it/s]
 32%|###2      | 64/200 [00:03<00:06, 19.80it/s]
 33%|###3      | 66/200 [00:03<00:06, 19.74it/s]
 34%|###4      | 68/200 [00:03<00:06, 19.70it/s]
 35%|###5      | 70/200 [00:03<00:06, 19.61it/s]
 36%|###6      | 72/200 [00:03<00:06, 19.55it/s]
 37%|###7      | 74/200 [00:03<00:06, 19.57it/s]
 38%|###8      | 76/200 [00:04<00:06, 19.52it/s]
 39%|###9      | 78/200 [00:04<00:06, 19.49it/s]
 40%|####      | 80/200 [00:04<00:06, 19.47it/s]
 41%|####1     | 82/200 [00:04<00:06, 19.51it/s]
 42%|####2     | 84/200 [00:04<00:05, 19.48it/s]
 43%|####3     | 86/200 [00:04<00:05, 19.41it/s]
 44%|####4     | 88/200 [00:04<00:05, 19.35it/s]
 45%|####5     | 90/200 [00:04<00:05, 19.32it/s]
 46%|####6     | 92/200 [00:04<00:05, 19.24it/s]
 47%|####6     | 94/200 [00:04<00:05, 19.18it/s]
 48%|####8     | 96/200 [00:05<00:05, 19.19it/s]
 49%|####9     | 98/200 [00:05<00:05, 19.26it/s]
 50%|#####     | 100/200 [00:05<00:05, 19.36it/s]
 51%|#####1    | 102/200 [00:05<00:05, 19.38it/s]
 52%|#####2    | 104/200 [00:05<00:04, 19.33it/s]
 53%|#####3    | 106/200 [00:05<00:04, 19.36it/s]
 54%|#####4    | 108/200 [00:05<00:04, 19.38it/s]
 55%|#####5    | 110/200 [00:05<00:04, 19.39it/s]
 56%|#####6    | 112/200 [00:05<00:04, 19.34it/s]
 57%|#####6    | 114/200 [00:05<00:04, 19.36it/s]
 58%|#####8    | 116/200 [00:06<00:04, 19.27it/s]
 59%|#####8    | 118/200 [00:06<00:04, 19.37it/s]
 60%|######    | 120/200 [00:06<00:04, 19.38it/s]
 61%|######1   | 122/200 [00:06<00:04, 19.34it/s]
 62%|######2   | 124/200 [00:06<00:03, 19.36it/s]
 63%|######3   | 126/200 [00:06<00:03, 19.38it/s]
 64%|######4   | 128/200 [00:06<00:03, 19.28it/s]
 65%|######5   | 130/200 [00:06<00:03, 19.26it/s]
 66%|######6   | 132/200 [00:06<00:03, 19.20it/s]
 67%|######7   | 134/200 [00:07<00:03, 19.10it/s]
 68%|######8   | 136/200 [00:07<00:03, 19.14it/s]
 69%|######9   | 138/200 [00:07<00:03, 19.22it/s]
 70%|#######   | 140/200 [00:07<00:03, 19.39it/s]
 71%|#######1  | 142/200 [00:07<00:02, 19.46it/s]
 72%|#######2  | 144/200 [00:07<00:02, 19.50it/s]
 73%|#######3  | 146/200 [00:07<00:02, 19.48it/s]
 74%|#######4  | 148/200 [00:07<00:02, 19.52it/s]
 75%|#######5  | 150/200 [00:07<00:02, 19.49it/s]
 76%|#######6  | 152/200 [00:07<00:02, 19.52it/s]
 77%|#######7  | 154/200 [00:08<00:02, 19.49it/s]
 78%|#######8  | 156/200 [00:08<00:02, 19.58it/s]
 79%|#######9  | 158/200 [00:08<00:02, 19.59it/s]
 80%|########  | 160/200 [00:08<00:02, 19.54it/s]
 81%|########1 | 162/200 [00:08<00:01, 19.56it/s]
 82%|########2 | 164/200 [00:08<00:01, 19.35it/s]
 83%|########2 | 166/200 [00:08<00:01, 19.31it/s]
 84%|########4 | 168/200 [00:08<00:01, 19.29it/s]
 85%|########5 | 170/200 [00:08<00:01, 19.16it/s]
 86%|########6 | 172/200 [00:08<00:01, 19.24it/s]
 87%|########7 | 174/200 [00:09<00:01, 19.23it/s]
 88%|########8 | 176/200 [00:09<00:01, 19.18it/s]
 89%|########9 | 178/200 [00:09<00:01, 19.25it/s]
 90%|######### | 180/200 [00:09<00:01, 19.36it/s]
 91%|#########1| 182/200 [00:09<00:00, 19.43it/s]
 92%|#########2| 184/200 [00:09<00:00, 19.43it/s]
 93%|#########3| 186/200 [00:09<00:00, 19.42it/s]
 94%|#########3| 188/200 [00:09<00:00, 19.31it/s]
 95%|#########5| 190/200 [00:09<00:00, 19.23it/s]
 96%|#########6| 192/200 [00:10<00:00, 19.01it/s]
 97%|#########7| 194/200 [00:10<00:00, 18.81it/s]
 98%|#########8| 196/200 [00:10<00:00, 18.77it/s]
 99%|#########9| 198/200 [00:10<00:00, 18.85it/s]
100%|##########| 200/200 [00:10<00:00, 18.86it/s]
100%|##########| 200/200 [00:10<00:00, 19.17it/s]
Prediction done
sending off prediction to background worker for resampling and export
done with nlm_volume__2__362__540_

Predicting nlm_volume__2__444__622_:
perform_everything_on_device: False
Input shape: torch.Size([1, 178, 650, 650])
step_size: 0.5
mirror_axes: None
n_steps 200, image size is torch.Size([178, 650, 650]), tile_size [128, 128, 128], tile_step_size 0.5
steps:
[[0, 50], [0, 58, 116, 174, 232, 290, 348, 406, 464, 522], [0, 58, 116, 174, 232, 290, 348, 406, 464, 522]]
move image to device cpu
preallocating results arrays on device cpu

  0%|          | 0/200 [00:00<?, ?it/s]
  0%|          | 1/200 [00:00<01:06,  2.99it/s]
  2%|1         | 3/200 [00:00<00:24,  8.02it/s]
  2%|2         | 5/200 [00:00<00:16, 11.49it/s]
  4%|3         | 7/200 [00:00<00:14, 13.77it/s]
  4%|4         | 9/200 [00:00<00:12, 15.42it/s]
  6%|5         | 11/200 [00:00<00:11, 16.67it/s]
  6%|6         | 13/200 [00:00<00:10, 17.49it/s]
  8%|7         | 15/200 [00:01<00:10, 18.12it/s]
  8%|8         | 17/200 [00:01<00:09, 18.68it/s]
 10%|9         | 19/200 [00:01<00:09, 19.01it/s]
 10%|#         | 21/200 [00:01<00:09, 19.13it/s]
 12%|#1        | 23/200 [00:01<00:09, 19.11it/s]
 13%|#3        | 26/200 [00:01<00:08, 19.40it/s]
 14%|#4        | 29/200 [00:01<00:08, 19.52it/s]
 16%|#5        | 31/200 [00:01<00:08, 19.54it/s]
 16%|#6        | 33/200 [00:01<00:08, 19.61it/s]
 18%|#7        | 35/200 [00:02<00:08, 19.66it/s]
 18%|#8        | 37/200 [00:02<00:08, 19.59it/s]
 20%|#9        | 39/200 [00:02<00:08, 19.65it/s]
 20%|##        | 41/200 [00:02<00:08, 19.58it/s]
 22%|##1       | 43/200 [00:02<00:08, 19.37it/s]
 22%|##2       | 45/200 [00:02<00:08, 19.33it/s]
 24%|##3       | 47/200 [00:02<00:07, 19.35it/s]
 25%|##5       | 50/200 [00:02<00:07, 19.60it/s]
 26%|##6       | 52/200 [00:02<00:07, 19.55it/s]
 28%|##7       | 55/200 [00:03<00:07, 19.67it/s]
 28%|##8       | 57/200 [00:03<00:07, 19.65it/s]
 30%|##9       | 59/200 [00:03<00:07, 19.59it/s]
 30%|###       | 61/200 [00:03<00:07, 19.65it/s]
 32%|###1      | 63/200 [00:03<00:06, 19.64it/s]
 32%|###2      | 65/200 [00:03<00:06, 19.52it/s]
 34%|###3      | 67/200 [00:03<00:06, 19.60it/s]
 34%|###4      | 69/200 [00:03<00:06, 19.55it/s]
 36%|###5      | 71/200 [00:03<00:06, 19.51it/s]
 36%|###6      | 73/200 [00:04<00:06, 19.59it/s]
 38%|###7      | 75/200 [00:04<00:06, 19.71it/s]
 38%|###8      | 77/200 [00:04<00:06, 19.51it/s]
 40%|###9      | 79/200 [00:04<00:06, 18.21it/s]
 40%|####      | 81/200 [00:04<00:06, 17.44it/s]
 42%|####1     | 83/200 [00:04<00:06, 17.75it/s]
 42%|####2     | 85/200 [00:04<00:06, 17.37it/s]
 44%|####3     | 87/200 [00:04<00:06, 16.93it/s]
 44%|####4     | 89/200 [00:04<00:06, 17.56it/s]
 46%|####5     | 91/200 [00:05<00:05, 18.18it/s]
 46%|####6     | 93/200 [00:05<00:05, 18.58it/s]
 48%|####7     | 95/200 [00:05<00:05, 18.88it/s]
 48%|####8     | 97/200 [00:05<00:05, 19.15it/s]
 50%|####9     | 99/200 [00:05<00:05, 19.23it/s]
 50%|#####     | 101/200 [00:05<00:05, 19.34it/s]
 52%|#####1    | 103/200 [00:05<00:05, 19.36it/s]
 52%|#####2    | 105/200 [00:05<00:04, 19.38it/s]
 54%|#####3    | 107/200 [00:05<00:04, 19.45it/s]
 55%|#####4    | 109/200 [00:05<00:04, 19.55it/s]
 56%|#####5    | 111/200 [00:06<00:04, 19.45it/s]
 56%|#####6    | 113/200 [00:06<00:04, 19.50it/s]
 57%|#####7    | 115/200 [00:06<00:04, 19.48it/s]
 58%|#####8    | 117/200 [00:06<00:04, 19.51it/s]
 60%|#####9    | 119/200 [00:06<00:04, 19.37it/s]
 60%|######    | 121/200 [00:06<00:04, 19.39it/s]
 62%|######1   | 123/200 [00:06<00:03, 19.45it/s]
 62%|######2   | 125/200 [00:06<00:03, 19.44it/s]
 64%|######3   | 127/200 [00:06<00:03, 19.49it/s]
 64%|######4   | 129/200 [00:06<00:03, 19.47it/s]
 66%|######5   | 131/200 [00:07<00:03, 19.45it/s]
 66%|######6   | 133/200 [00:07<00:03, 19.27it/s]
 68%|######7   | 135/200 [00:07<00:03, 19.32it/s]
 68%|######8   | 137/200 [00:07<00:03, 19.24it/s]
 70%|######9   | 139/200 [00:07<00:03, 19.23it/s]
 70%|#######   | 141/200 [00:07<00:03, 19.29it/s]
 72%|#######1  | 143/200 [00:07<00:02, 19.33it/s]
 72%|#######2  | 145/200 [00:07<00:02, 19.35it/s]
 74%|#######3  | 147/200 [00:07<00:02, 19.26it/s]
 74%|#######4  | 149/200 [00:08<00:02, 19.36it/s]
 76%|#######5  | 151/200 [00:08<00:02, 19.44it/s]
 76%|#######6  | 153/200 [00:08<00:02, 19.43it/s]
 78%|#######7  | 155/200 [00:08<00:02, 19.31it/s]
 78%|#######8  | 157/200 [00:08<00:02, 19.18it/s]
 80%|#######9  | 159/200 [00:08<00:02, 19.14it/s]
 80%|########  | 161/200 [00:08<00:02, 19.06it/s]
 82%|########1 | 163/200 [00:08<00:01, 19.27it/s]
 82%|########2 | 165/200 [00:08<00:01, 19.43it/s]
 84%|########3 | 167/200 [00:08<00:01, 19.54it/s]
 84%|########4 | 169/200 [00:09<00:01, 19.62it/s]
 86%|########5 | 171/200 [00:09<00:01, 19.67it/s]
 86%|########6 | 173/200 [00:09<00:01, 19.65it/s]
 88%|########7 | 175/200 [00:09<00:01, 19.52it/s]
 88%|########8 | 177/200 [00:09<00:01, 19.44it/s]
 90%|########9 | 179/200 [00:09<00:01, 19.37it/s]
 90%|######### | 181/200 [00:09<00:00, 19.44it/s]
 92%|#########1| 183/200 [00:09<00:00, 19.55it/s]
 92%|#########2| 185/200 [00:09<00:00, 19.57it/s]
 94%|#########3| 187/200 [00:09<00:00, 19.35it/s]
 94%|#########4| 189/200 [00:10<00:00, 19.20it/s]
 96%|#########5| 191/200 [00:10<00:00, 19.16it/s]
 96%|#########6| 193/200 [00:10<00:00, 19.12it/s]
 98%|#########7| 195/200 [00:10<00:00, 19.10it/s]
 98%|#########8| 197/200 [00:10<00:00, 19.03it/s]
100%|#########9| 199/200 [00:10<00:00, 18.93it/s]
100%|##########| 200/200 [00:10<00:00, 18.76it/s]
Prediction done
sending off prediction to background worker for resampling and export
done with nlm_volume__2__444__622_

Predicting nlm_volume__2__526__652_:
perform_everything_on_device: False
Input shape: torch.Size([1, 126, 650, 650])
step_size: 0.5
mirror_axes: None
n_steps 100, image size is torch.Size([128, 650, 650]), tile_size [128, 128, 128], tile_step_size 0.5
steps:
[[0], [0, 58, 116, 174, 232, 290, 348, 406, 464, 522], [0, 58, 116, 174, 232, 290, 348, 406, 464, 522]]
move image to device cpu
preallocating results arrays on device cpu

  0%|          | 0/100 [00:00<?, ?it/s]
  1%|1         | 1/100 [00:00<00:34,  2.83it/s]
  3%|3         | 3/100 [00:00<00:12,  7.73it/s]
  5%|5         | 5/100 [00:00<00:08, 11.26it/s]
  7%|7         | 7/100 [00:00<00:06, 13.78it/s]
  9%|9         | 9/100 [00:00<00:05, 15.38it/s]
 11%|#1        | 11/100 [00:00<00:05, 16.59it/s]
 13%|#3        | 13/100 [00:00<00:04, 17.49it/s]
 16%|#6        | 16/100 [00:01<00:04, 18.55it/s]
 19%|#9        | 19/100 [00:01<00:04, 19.11it/s]
 22%|##2       | 22/100 [00:01<00:04, 19.50it/s]
 25%|##5       | 25/100 [00:01<00:03, 19.58it/s]
 28%|##8       | 28/100 [00:01<00:03, 19.75it/s]
 30%|###       | 30/100 [00:01<00:03, 19.81it/s]
 32%|###2      | 32/100 [00:01<00:03, 19.81it/s]
 35%|###5      | 35/100 [00:02<00:03, 19.83it/s]
 38%|###8      | 38/100 [00:02<00:03, 20.02it/s]
 41%|####1     | 41/100 [00:02<00:02, 20.06it/s]
 44%|####4     | 44/100 [00:02<00:02, 20.04it/s]
 47%|####6     | 47/100 [00:02<00:02, 19.98it/s]
 49%|####9     | 49/100 [00:02<00:02, 19.99it/s]
 52%|#####2    | 52/100 [00:02<00:02, 20.08it/s]
 55%|#####5    | 55/100 [00:03<00:02, 19.93it/s]
 57%|#####6    | 57/100 [00:03<00:02, 19.85it/s]
 59%|#####8    | 59/100 [00:03<00:02, 19.84it/s]
 61%|######1   | 61/100 [00:03<00:01, 19.83it/s]
 64%|######4   | 64/100 [00:03<00:01, 19.94it/s]
 66%|######6   | 66/100 [00:03<00:01, 19.90it/s]
 68%|######8   | 68/100 [00:03<00:01, 19.93it/s]
 70%|#######   | 70/100 [00:03<00:01, 19.89it/s]
 72%|#######2  | 72/100 [00:03<00:01, 19.87it/s]
 74%|#######4  | 74/100 [00:04<00:01, 19.85it/s]
 76%|#######6  | 76/100 [00:04<00:01, 19.84it/s]
 78%|#######8  | 78/100 [00:04<00:01, 19.83it/s]
 81%|########1 | 81/100 [00:04<00:00, 19.79it/s]
 83%|########2 | 83/100 [00:04<00:00, 19.79it/s]
 85%|########5 | 85/100 [00:04<00:00, 19.85it/s]
 87%|########7 | 87/100 [00:04<00:00, 19.84it/s]
 89%|########9 | 89/100 [00:04<00:00, 19.83it/s]
 91%|#########1| 91/100 [00:04<00:00, 19.71it/s]
 93%|#########3| 93/100 [00:04<00:00, 19.45it/s]
 95%|#########5| 95/100 [00:05<00:00, 19.55it/s]
 97%|#########7| 97/100 [00:05<00:00, 19.63it/s]
100%|##########| 100/100 [00:05<00:00, 19.82it/s]
100%|##########| 100/100 [00:05<00:00, 18.74it/s]
Prediction done
sending off prediction to background worker for resampling and export
done with nlm_volume__2__526__652_
Inference complete.

=== Step 2: Concatenation ===
nlm_volume: 8 files found


======================================================================
DONE - fresh_bnei_reem_i3 prediction:
  \\hive3065\Yael_Mishael\Rony\remote_computer backup\nnUNet_resources\bnei_reem_fresh_bnei_reem_i3\inference_concatenated\nlm_volume.nii.gz  (10.1 MB)
======================================================================

[OK] fresh_bnei_reem_i3 pipeline complete.
