Tue Jun 30 19:59:30 2026       
+-----------------------------------------------------------------------------------------+
| NVIDIA-SMI 572.61                 Driver Version: 572.61         CUDA Version: 12.8     |
|-----------------------------------------+------------------------+----------------------+
| GPU  Name                  Driver-Model | Bus-Id          Disp.A | Volatile Uncorr. ECC |
| Fan  Temp   Perf          Pwr:Usage/Cap |           Memory-Usage | GPU-Util  Compute M. |
|                                         |                        |               MIG M. |
|=========================================+========================+======================|
|   0  NVIDIA RTX A6000             WDDM  |   00000000:3B:00.0 Off |                    0 |
| 30%   33C    P8             15W /  300W |    3953MiB /  46068MiB |      0%      Default |
|                                         |                        |                  N/A |
+-----------------------------------------+------------------------+----------------------+
|   1  NVIDIA RTX A6000             WDDM  |   00000000:D8:00.0 Off |                    0 |
| 30%   41C    P8             16W /  300W |    1609MiB /  46068MiB |      4%      Default |
|                                         |                        |                  N/A |
+-----------------------------------------+------------------------+----------------------+
                                                                                         
+-----------------------------------------------------------------------------------------+
| Processes:                                                                              |
|  GPU   GI   CI              PID   Type   Process name                        GPU Memory |
|        ID   ID                                                               Usage      |
|=========================================================================================|
|    0   N/A  N/A           41784      C   ...a\envs\venv-napari\python.exe      N/A      |
|    1   N/A  N/A            5252    C+G   C:\Windows\explorer.exe               N/A      |
|    1   N/A  N/A           19424    C+G   ...a\envs\venv-napari\python.exe      N/A      |
|    1   N/A  N/A           20560    C+G   ...na_cw5n1h2txyewy\SearchUI.exe      N/A      |
|    1   N/A  N/A           29964    C+G   ...ms\Microsoft VS Code\Code.exe      N/A      |
|    1   N/A  N/A           41784    C+G   ...a\envs\venv-napari\python.exe      N/A      |
|    1   N/A  N/A           42876    C+G   ...xyewy\ShellExperienceHost.exe      N/A      |
|    1   N/A  N/A           48388    C+G   ...Chrome\Application\chrome.exe      N/A      |
+-----------------------------------------------------------------------------------------+
Fingerprint extraction...
Dataset777_GCEF
Using <class 'nnunetv2.imageio.simpleitk_reader_writer.SimpleITKIO'> as reader/writer

####################
verify_dataset_integrity Done. 
If you didn't see any error messages then your dataset is most likely OK!
####################

Using <class 'nnunetv2.imageio.simpleitk_reader_writer.SimpleITKIO'> as reader/writer
Experiment planning...

############################
INFO: You are using the old nnU-Net default planner. We have updated our recommendations. Please consider using those instead! Read more here: https://github.com/MIC-DKFZ/nnUNet/blob/master/documentation/resenc_presets.md
############################

Attempting to find 3d_lowres config. 
Current spacing: [1.03 1.03 1.03]. 
Current patch size: (np.int64(128), np.int64(128), np.int64(128)). 
Current median shape: [582.52427184 631.06796117 631.06796117]
Attempting to find 3d_lowres config. 
Current spacing: [1.0609 1.0609 1.0609]. 
Current patch size: (np.int64(128), np.int64(128), np.int64(128)). 
Current median shape: [565.55754548 612.68734094 612.68734094]
Attempting to find 3d_lowres config. 
Current spacing: [1.092727 1.092727 1.092727]. 
Current patch size: (np.int64(128), np.int64(128), np.int64(128)). 
Current median shape: [549.08499561 594.84207858 594.84207858]
Attempting to find 3d_lowres config. 
Current spacing: [1.12550881 1.12550881 1.12550881]. 
Current patch size: (np.int64(128), np.int64(128), np.int64(128)). 
Current median shape: [533.09222875 577.51658115 577.51658115]
Attempting to find 3d_lowres config. 
Current spacing: [1.15927407 1.15927407 1.15927407]. 
Current patch size: (np.int64(128), np.int64(128), np.int64(128)). 
Current median shape: [517.56527063 560.69570985 560.69570985]
Attempting to find 3d_lowres config. 
Current spacing: [1.1940523 1.1940523 1.1940523]. 
Current patch size: (np.int64(128), np.int64(128), np.int64(128)). 
Current median shape: [502.49055401 544.36476684 544.36476684]
Attempting to find 3d_lowres config. 
Current spacing: [1.22987387 1.22987387 1.22987387]. 
Current patch size: (np.int64(128), np.int64(128), np.int64(128)). 
Current median shape: [487.85490681 528.50948237 528.50948237]
Attempting to find 3d_lowres config. 
Current spacing: [1.26677008 1.26677008 1.26677008]. 
Current patch size: (np.int64(128), np.int64(128), np.int64(128)). 
Current median shape: [473.64554059 513.1160023  513.1160023 ]
Attempting to find 3d_lowres config. 
Current spacing: [1.30477318 1.30477318 1.30477318]. 
Current patch size: (np.int64(128), np.int64(128), np.int64(128)). 
Current median shape: [459.85003941 498.17087602 498.17087602]
Attempting to find 3d_lowres config. 
Current spacing: [1.34391638 1.34391638 1.34391638]. 
Current patch size: (np.int64(128), np.int64(128), np.int64(128)). 
Current median shape: [446.45634894 483.66104468 483.66104468]
Attempting to find 3d_lowres config. 
Current spacing: [1.38423387 1.38423387 1.38423387]. 
Current patch size: (np.int64(128), np.int64(128), np.int64(128)). 
Current median shape: [433.45276596 469.57382979 469.57382979]
Attempting to find 3d_lowres config. 
Current spacing: [1.42576089 1.42576089 1.42576089]. 
Current patch size: (np.int64(128), np.int64(128), np.int64(128)). 
Current median shape: [420.82792812 455.89692213 455.89692213]
Attempting to find 3d_lowres config. 
Current spacing: [1.46853371 1.46853371 1.46853371]. 
Current patch size: (np.int64(128), np.int64(128), np.int64(128)). 
Current median shape: [408.570804 442.618371 442.618371]
Attempting to find 3d_lowres config. 
Current spacing: [1.51258972 1.51258972 1.51258972]. 
Current patch size: (np.int64(128), np.int64(128), np.int64(128)). 
Current median shape: [396.67068349 429.72657378 429.72657378]
Attempting to find 3d_lowres config. 
Current spacing: [1.55796742 1.55796742 1.55796742]. 
Current patch size: (np.int64(128), np.int64(128), np.int64(128)). 
Current median shape: [385.11716844 417.21026581 417.21026581]
Attempting to find 3d_lowres config. 
Current spacing: [1.60470644 1.60470644 1.60470644]. 
Current patch size: (np.int64(128), np.int64(128), np.int64(128)). 
Current median shape: [373.90016353 405.05851049 405.05851049]
Attempting to find 3d_lowres config. 
Current spacing: [1.65284763 1.65284763 1.65284763]. 
Current patch size: (np.int64(128), np.int64(128), np.int64(128)). 
Current median shape: [363.00986751 393.2606898  393.2606898 ]
Attempting to find 3d_lowres config. 
Current spacing: [1.70243306 1.70243306 1.70243306]. 
Current patch size: (np.int64(128), np.int64(128), np.int64(128)). 
Current median shape: [352.43676457 381.80649495 381.80649495]
Attempting to find 3d_lowres config. 
Current spacing: [1.75350605 1.75350605 1.75350605]. 
Current patch size: (np.int64(128), np.int64(128), np.int64(128)). 
Current median shape: [342.17161609 370.68591743 370.68591743]
Attempting to find 3d_lowres config. 
Current spacing: [1.80611123 1.80611123 1.80611123]. 
Current patch size: (np.int64(128), np.int64(128), np.int64(128)). 
Current median shape: [332.20545251 359.88924022 359.88924022]
Attempting to find 3d_lowres config. 
Current spacing: [1.86029457 1.86029457 1.86029457]. 
Current patch size: (np.int64(128), np.int64(128), np.int64(128)). 
Current median shape: [322.52956555 349.40702934 349.40702934]
Attempting to find 3d_lowres config. 
Current spacing: [1.91610341 1.91610341 1.91610341]. 
Current patch size: (np.int64(128), np.int64(128), np.int64(128)). 
Current median shape: [313.13550053 339.23012557 339.23012557]
Attempting to find 3d_lowres config. 
Current spacing: [1.97358651 1.97358651 1.97358651]. 
Current patch size: (np.int64(128), np.int64(128), np.int64(128)). 
Current median shape: [304.01504906 329.34963648 329.34963648]
Attempting to find 3d_lowres config. 
Current spacing: [2.03279411 2.03279411 2.03279411]. 
Current patch size: (np.int64(128), np.int64(128), np.int64(128)). 
Current median shape: [295.1602418  319.75692862 319.75692862]
Attempting to find 3d_lowres config. 
Current spacing: [2.09377793 2.09377793 2.09377793]. 
Current patch size: (np.int64(128), np.int64(128), np.int64(128)). 
Current median shape: [286.56334156 310.44362002 310.44362002]
Attempting to find 3d_lowres config. 
Current spacing: [2.15659127 2.15659127 2.15659127]. 
Current patch size: (np.int64(128), np.int64(128), np.int64(128)). 
Current median shape: [278.21683646 301.40157284 301.40157284]
Attempting to find 3d_lowres config. 
Current spacing: [2.22128901 2.22128901 2.22128901]. 
Current patch size: (np.int64(128), np.int64(128), np.int64(128)). 
Current median shape: [270.11343346 292.62288625 292.62288625]
Attempting to find 3d_lowres config. 
Current spacing: [2.28792768 2.28792768 2.28792768]. 
Current patch size: (np.int64(128), np.int64(128), np.int64(128)). 
Current median shape: [262.2460519  284.09988956 284.09988956]
Attempting to find 3d_lowres config. 
Current spacing: [2.35656551 2.35656551 2.35656551]. 
Current patch size: (np.int64(128), np.int64(128), np.int64(128)). 
Current median shape: [254.60781738 275.8251355  275.8251355 ]
Attempting to find 3d_lowres config. 
Current spacing: [2.42726247 2.42726247 2.42726247]. 
Current patch size: (np.int64(128), np.int64(128), np.int64(128)). 
Current median shape: [247.19205571 267.79139369 267.79139369]
Attempting to find 3d_lowres config. 
Current spacing: [2.50008035 2.50008035 2.50008035]. 
Current patch size: (np.int64(128), np.int64(128), np.int64(128)). 
Current median shape: [239.9922871  259.99164435 259.99164435]
Attempting to find 3d_lowres config. 
Current spacing: [2.57508276 2.57508276 2.57508276]. 
Current patch size: (np.int64(128), np.int64(128), np.int64(128)). 
Current median shape: [233.00222048 252.41907219 252.41907219]
Attempting to find 3d_lowres config. 
Current spacing: [2.65233524 2.65233524 2.65233524]. 
Current patch size: (np.int64(128), np.int64(128), np.int64(128)). 
Current median shape: [226.21574804 245.06706038 245.06706038]
Attempting to find 3d_lowres config. 
Current spacing: [2.7319053 2.7319053 2.7319053]. 
Current patch size: (np.int64(128), np.int64(128), np.int64(128)). 
Current median shape: [219.62693985 237.92918483 237.92918483]
Attempting to find 3d_lowres config. 
Current spacing: [2.81386245 2.81386245 2.81386245]. 
Current patch size: (np.int64(128), np.int64(128), np.int64(128)). 
Current median shape: [213.23003869 230.99920858 230.99920858]
Attempting to find 3d_lowres config. 
Current spacing: [2.89827833 2.89827833 2.89827833]. 
Current patch size: (np.int64(128), np.int64(128), np.int64(128)). 
Current median shape: [207.01945503 224.27107629 224.27107629]
Attempting to find 3d_lowres config. 
Current spacing: [2.98522668 2.98522668 2.98522668]. 
Current patch size: (np.int64(128), np.int64(128), np.int64(128)). 
Current median shape: [200.98976217 217.73890902 217.73890902]
Attempting to find 3d_lowres config. 
Current spacing: [3.07478348 3.07478348 3.07478348]. 
Current patch size: (np.int64(128), np.int64(128), np.int64(128)). 
Current median shape: [195.13569143 211.39699905 211.39699905]
Attempting to find 3d_lowres config. 
Current spacing: [3.16702698 3.16702698 3.16702698]. 
Current patch size: (np.int64(128), np.int64(128), np.int64(128)). 
Current median shape: [189.4521276 205.2398049 205.2398049]
2D U-Net configuration:
{'data_identifier': 'nnUNetPlans_2d', 'preprocessor_name': 'DefaultPreprocessor', 'batch_size': 5, 'patch_size': (np.int64(768), np.int64(768)), 'median_image_size_in_voxels': array([650., 650.]), 'spacing': array([1., 1.]), 'normalization_schemes': ['NoNormalization'], 'use_mask_for_norm': [False], 'resampling_fn_data': 'resample_data_or_seg_to_shape', 'resampling_fn_seg': 'resample_data_or_seg_to_shape', 'resampling_fn_data_kwargs': {'is_seg': False, 'order': 3, 'order_z': 0, 'force_separate_z': None}, 'resampling_fn_seg_kwargs': {'is_seg': True, 'order': 1, 'order_z': 0, 'force_separate_z': None}, 'resampling_fn_probabilities': 'resample_data_or_seg_to_shape', 'resampling_fn_probabilities_kwargs': {'is_seg': False, 'order': 1, 'order_z': 0, 'force_separate_z': None}, 'architecture': {'network_class_name': 'dynamic_network_architectures.architectures.unet.PlainConvUNet', 'arch_kwargs': {'n_stages': 8, 'features_per_stage': (32, 64, 128, 256, 512, 512, 512, 512), 'conv_op': 'torch.nn.modules.conv.Conv2d', 'kernel_sizes': ((3, 3), (3, 3), (3, 3), (3, 3), (3, 3), (3, 3), (3, 3), (3, 3)), 'strides': ((1, 1), (2, 2), (2, 2), (2, 2), (2, 2), (2, 2), (2, 2), (2, 2)), 'n_conv_per_stage': (2, 2, 2, 2, 2, 2, 2, 2), 'n_conv_per_stage_decoder': (2, 2, 2, 2, 2, 2, 2), 'conv_bias': True, 'norm_op': 'torch.nn.modules.instancenorm.InstanceNorm2d', 'norm_op_kwargs': {'eps': 1e-05, 'affine': True}, 'dropout_op': None, 'dropout_op_kwargs': None, 'nonlin': 'torch.nn.LeakyReLU', 'nonlin_kwargs': {'inplace': True}}, '_kw_requires_import': ('conv_op', 'norm_op', 'dropout_op', 'nonlin')}, 'batch_dice': True}

Using <class 'nnunetv2.imageio.simpleitk_reader_writer.SimpleITKIO'> as reader/writer
3D lowres U-Net configuration:
{'data_identifier': 'nnUNetPlans_3d_lowres', 'preprocessor_name': 'DefaultPreprocessor', 'batch_size': 2, 'patch_size': (np.int64(128), np.int64(128), np.int64(128)), 'median_image_size_in_voxels': (189, 205, 205), 'spacing': array([3.16702698, 3.16702698, 3.16702698]), 'normalization_schemes': ['NoNormalization'], 'use_mask_for_norm': [False], 'resampling_fn_data': 'resample_data_or_seg_to_shape', 'resampling_fn_seg': 'resample_data_or_seg_to_shape', 'resampling_fn_data_kwargs': {'is_seg': False, 'order': 3, 'order_z': 0, 'force_separate_z': None}, 'resampling_fn_seg_kwargs': {'is_seg': True, 'order': 1, 'order_z': 0, 'force_separate_z': None}, 'resampling_fn_probabilities': 'resample_data_or_seg_to_shape', 'resampling_fn_probabilities_kwargs': {'is_seg': False, 'order': 1, 'order_z': 0, 'force_separate_z': None}, 'architecture': {'network_class_name': 'dynamic_network_architectures.architectures.unet.PlainConvUNet', 'arch_kwargs': {'n_stages': 6, 'features_per_stage': (32, 64, 128, 256, 320, 320), 'conv_op': 'torch.nn.modules.conv.Conv3d', 'kernel_sizes': ((3, 3, 3), (3, 3, 3), (3, 3, 3), (3, 3, 3), (3, 3, 3), (3, 3, 3)), 'strides': ((1, 1, 1), (2, 2, 2), (2, 2, 2), (2, 2, 2), (2, 2, 2), (2, 2, 2)), 'n_conv_per_stage': (2, 2, 2, 2, 2, 2), 'n_conv_per_stage_decoder': (2, 2, 2, 2, 2), 'conv_bias': True, 'norm_op': 'torch.nn.modules.instancenorm.InstanceNorm3d', 'norm_op_kwargs': {'eps': 1e-05, 'affine': True}, 'dropout_op': None, 'dropout_op_kwargs': None, 'nonlin': 'torch.nn.LeakyReLU', 'nonlin_kwargs': {'inplace': True}}, '_kw_requires_import': ('conv_op', 'norm_op', 'dropout_op', 'nonlin')}, 'batch_dice': False, 'next_stage': '3d_cascade_fullres'}

3D fullres U-Net configuration:
{'data_identifier': 'nnUNetPlans_3d_fullres', 'preprocessor_name': 'DefaultPreprocessor', 'batch_size': 2, 'patch_size': (np.int64(128), np.int64(128), np.int64(128)), 'median_image_size_in_voxels': array([600., 650., 650.]), 'spacing': array([1., 1., 1.]), 'normalization_schemes': ['NoNormalization'], 'use_mask_for_norm': [False], 'resampling_fn_data': 'resample_data_or_seg_to_shape', 'resampling_fn_seg': 'resample_data_or_seg_to_shape', 'resampling_fn_data_kwargs': {'is_seg': False, 'order': 3, 'order_z': 0, 'force_separate_z': None}, 'resampling_fn_seg_kwargs': {'is_seg': True, 'order': 1, 'order_z': 0, 'force_separate_z': None}, 'resampling_fn_probabilities': 'resample_data_or_seg_to_shape', 'resampling_fn_probabilities_kwargs': {'is_seg': False, 'order': 1, 'order_z': 0, 'force_separate_z': None}, 'architecture': {'network_class_name': 'dynamic_network_architectures.architectures.unet.PlainConvUNet', 'arch_kwargs': {'n_stages': 6, 'features_per_stage': (32, 64, 128, 256, 320, 320), 'conv_op': 'torch.nn.modules.conv.Conv3d', 'kernel_sizes': ((3, 3, 3), (3, 3, 3), (3, 3, 3), (3, 3, 3), (3, 3, 3), (3, 3, 3)), 'strides': ((1, 1, 1), (2, 2, 2), (2, 2, 2), (2, 2, 2), (2, 2, 2), (2, 2, 2)), 'n_conv_per_stage': (2, 2, 2, 2, 2, 2), 'n_conv_per_stage_decoder': (2, 2, 2, 2, 2), 'conv_bias': True, 'norm_op': 'torch.nn.modules.instancenorm.InstanceNorm3d', 'norm_op_kwargs': {'eps': 1e-05, 'affine': True}, 'dropout_op': None, 'dropout_op_kwargs': None, 'nonlin': 'torch.nn.LeakyReLU', 'nonlin_kwargs': {'inplace': True}}, '_kw_requires_import': ('conv_op', 'norm_op', 'dropout_op', 'nonlin')}, 'batch_dice': True}

Plans were saved to \\hive3065\Yael_Mishael\Rony\remote_computer backup\nnUNet_resources\multi_sample_fresh_bnei_reem_i2\nnUNet_preprocessed\Dataset777_GCEF\nnUNetPlans.json
Preprocessing...
Preprocessing dataset Dataset777_GCEF
Configuration: 2d...
Configuration: 3d_fullres...
Configuration: 3d_lowres...
Copied: C:\Users\rony.schwartz\Documents\nnUNet4SoilXrayCT\nnUNetTrainer_betterIgnoreSampling.py -> C:\Users\rony.schwartz\.conda\envs\venv-napari\Lib\site-packages\nnunetv2\training\nnUNetTrainer\variants\sampling\nnUNetTrainer_betterIgnoreSampling.py
[OK] Custom trainer registered: nnUNetTrainer_betterIgnoreSampling_earlyStopValLoss
Training sample:   nlm_volume
Raw TIF:           \\hive3065\Yael_Mishael\Rony\remote_computer backup\10.5\nlm_volume.tif
New annotation:    \\hive3065\Yael_Mishael\Rony\remote_computer backup\nnUNet_resources\fresh_train_annotations_bnei_reem\annotations_i2.nii.gz
Pretrained weights: \\hive3065\Yael_Mishael\Rony\remote_computer backup\nnUNet_resources\bnei_reem_iter04\multi_sample_fresh_bnei_reem\nnUNet_results\Dataset777_GCEF\nnUNetTrainer_betterIgnoreSampling_earlyStopValLoss__nnUNetPlans__3d_fullres\fold_0\checkpoint_final.pth

LOCAL_BASE: \\hive3065\Yael_Mishael\Rony\remote_computer backup\nnUNet_resources\multi_sample_fresh_bnei_reem_i2
nnUNet_raw: \\hive3065\Yael_Mishael\Rony\remote_computer backup\nnUNet_resources\multi_sample_fresh_bnei_reem_i2\nnUNet_raw
nnUNet_preprocessed: \\hive3065\Yael_Mishael\Rony\remote_computer backup\nnUNet_resources\multi_sample_fresh_bnei_reem_i2\nnUNet_preprocessed
nnUNet_results: \\hive3065\Yael_Mishael\Rony\remote_computer backup\nnUNet_resources\multi_sample_fresh_bnei_reem_i2\nnUNet_results
Step 1: Loading raw image TIF...
  Image shape (X, Y, Z): (650, 650, 652)
Step 2: Loading annotation NIfTI...
  Annotation shape as loaded: (650, 650, 652)
  Unique labels: [0, 1, 2, 3, 6]
  Axis convention: (X, Y, Z) — no transpose needed.
  Annotation shape after axis alignment: (650, 650, 652)
Step 3: Cropping to annotated z-range...
  Annotated z-range: 26-551 -> crop [0, 600]
  Cropped — image: (650, 650, 600), annotation: (650, 650, 600)
Step 4: Applying nnUNet label mapping...
  nnUNet labels after remapping: [0, 1, 2, 5, 6]
Step 5: Saving nnUNet dataset...
  Saved image:  \\hive3065\Yael_Mishael\Rony\remote_computer backup\nnUNet_resources\multi_sample_fresh_bnei_reem_i2\nnUNet_raw\Dataset777_GCEF\imagesTr\nlm_volume_0000.nii.gz
  Saved label:  \\hive3065\Yael_Mishael\Rony\remote_computer backup\nnUNet_resources\multi_sample_fresh_bnei_reem_i2\nnUNet_raw\Dataset777_GCEF\labelsTr\nlm_volume.nii.gz
Step 6: Generating dataset.json...
  Generated dataset.json in \\hive3065\Yael_Mishael\Rony\remote_computer backup\nnUNet_resources\multi_sample_fresh_bnei_reem_i2\nnUNet_raw\Dataset777_GCEF

Dataset preparation complete.
imagesTr: 1 | labelsTr: 1
[OK] Dataset ready.
[OK] Planning and preprocessing complete.
Wrote \\hive3065\Yael_Mishael\Rony\remote_computer backup\nnUNet_resources\multi_sample_fresh_bnei_reem_i2\nnUNet_preprocessed\Dataset777_GCEF\splits_final.json
[
  {
    "train": [
      "nlm_volume"
    ],
    "val": [
      "nlm_volume"
    ]
  }
]
Early stopping env: {'NNUNET_EARLY_STOP_ENABLED': '1', 'NNUNET_EARLY_STOP_PATIENCE': '20', 'NNUNET_EARLY_STOP_MIN_DELTA': '0.001'}
Pretrained weights: \\hive3065\Yael_Mishael\Rony\remote_computer backup\nnUNet_resources\bnei_reem_iter04\multi_sample_fresh_bnei_reem\nnUNet_results\Dataset777_GCEF\nnUNetTrainer_betterIgnoreSampling_earlyStopValLoss__nnUNetPlans__3d_fullres\fold_0\checkpoint_final.pth
C:\Users\rony.schwartz\.conda\envs\venv-napari\Lib\site-packages\nnunetv2\training\nnUNetTrainer\nnUNetTrainer.py:161: FutureWarning: `torch.cuda.amp.GradScaler(args...)` is deprecated. Please use `torch.amp.GradScaler('cuda', args...)` instead.
  self.grad_scaler = GradScaler() if self.device.type == 'cuda' else None
C:\Users\rony.schwartz\.conda\envs\venv-napari\Lib\site-packages\nnunetv2\training\nnUNetTrainer\nnUNetTrainer.py:1044: RuntimeWarning: invalid value encountered in scalar divide
  global_dc_per_class = [i for i in [2 * i / (2 * i + j + k) for i, j, k in zip(tp, fp, fn)]]

############################
INFO: You are using the old nnU-Net default plans. We have updated our recommendations. Please consider using those instead! Read more here: https://github.com/MIC-DKFZ/nnUNet/blob/master/documentation/resenc_presets.md
############################

Using device: cuda:0

#######################################################################
Please cite the following paper when using nnU-Net:
Isensee, F., Jaeger, P. F., Kohl, S. A., Petersen, J., & Maier-Hein, K. H. (2021). nnU-Net: a self-configuring method for deep learning-based biomedical image segmentation. Nature methods, 18(2), 203-211.
#######################################################################

[pretrained_weights] Loaded 292/292 keys from checkpoint.
2026-06-30 20:07:20.380543: do_dummy_2d_data_aug: False
2026-06-30 20:07:20.407552: Using splits from existing split file: \\hive3065\Yael_Mishael\Rony\remote_computer backup\nnUNet_resources\multi_sample_fresh_bnei_reem_i2\nnUNet_preprocessed\Dataset777_GCEF\splits_final.json
2026-06-30 20:07:20.443554: The split file contains 1 splits.
2026-06-30 20:07:20.509552: Desired fold for training: 0
2026-06-30 20:07:20.533546: This split has 1 training and 1 validation cases.
2026-06-30 20:07:20.557554: WARNING: Some validation cases are also in the training set. Please check the splits.json or ignore if this is intentional.
using pin_memory on device 0
using pin_memory on device 0

This is the configuration used by this training:
Configuration name: 3d_fullres
 {'data_identifier': 'nnUNetPlans_3d_fullres', 'preprocessor_name': 'DefaultPreprocessor', 'batch_size': 2, 'patch_size': [128, 128, 128], 'median_image_size_in_voxels': [600.0, 650.0, 650.0], 'spacing': [1.0, 1.0, 1.0], 'normalization_schemes': ['NoNormalization'], 'use_mask_for_norm': [False], 'resampling_fn_data': 'resample_data_or_seg_to_shape', 'resampling_fn_seg': 'resample_data_or_seg_to_shape', 'resampling_fn_data_kwargs': {'is_seg': False, 'order': 3, 'order_z': 0, 'force_separate_z': None}, 'resampling_fn_seg_kwargs': {'is_seg': True, 'order': 1, 'order_z': 0, 'force_separate_z': None}, 'resampling_fn_probabilities': 'resample_data_or_seg_to_shape', 'resampling_fn_probabilities_kwargs': {'is_seg': False, 'order': 1, 'order_z': 0, 'force_separate_z': None}, 'architecture': {'network_class_name': 'dynamic_network_architectures.architectures.unet.PlainConvUNet', 'arch_kwargs': {'n_stages': 6, 'features_per_stage': [32, 64, 128, 256, 320, 320], 'conv_op': 'torch.nn.modules.conv.Conv3d', 'kernel_sizes': [[3, 3, 3], [3, 3, 3], [3, 3, 3], [3, 3, 3], [3, 3, 3], [3, 3, 3]], 'strides': [[1, 1, 1], [2, 2, 2], [2, 2, 2], [2, 2, 2], [2, 2, 2], [2, 2, 2]], 'n_conv_per_stage': [2, 2, 2, 2, 2, 2], 'n_conv_per_stage_decoder': [2, 2, 2, 2, 2], 'conv_bias': True, 'norm_op': 'torch.nn.modules.instancenorm.InstanceNorm3d', 'norm_op_kwargs': {'eps': 1e-05, 'affine': True}, 'dropout_op': None, 'dropout_op_kwargs': None, 'nonlin': 'torch.nn.LeakyReLU', 'nonlin_kwargs': {'inplace': True}, 'deep_supervision': True}, '_kw_requires_import': ['conv_op', 'norm_op', 'dropout_op', 'nonlin']}, 'batch_dice': True} 

These are the global plan.json settings:
 {'dataset_name': 'Dataset777_GCEF', 'plans_name': 'nnUNetPlans', 'original_median_spacing_after_transp': [1.0, 1.0, 1.0], 'original_median_shape_after_transp': [600, 650, 650], 'image_reader_writer': 'SimpleITKIO', 'transpose_forward': [0, 1, 2], 'transpose_backward': [0, 1, 2], 'experiment_planner_used': 'ExperimentPlanner', 'label_manager': 'LabelManager', 'foreground_intensity_properties_per_channel': {'0': {'max': 1.0, 'mean': 0.6643111109733582, 'median': 0.7580336332321167, 'min': 0.00340717239305377, 'percentile_00_5': 0.12040085304528475, 'percentile_99_5': 0.9754116535186768, 'std': 0.21962343156337738}}} 

2026-06-30 20:08:47.148608: unpacking dataset...
2026-06-30 20:09:01.621717: unpacking done...
2026-06-30 20:09:01.685825: Unable to plot network architecture:
2026-06-30 20:09:01.716142: No module named 'hiddenlayer'
2026-06-30 20:09:01.791898: Early stopping config | enabled=True | patience=20 | min_delta=0.001
2026-06-30 20:09:01.823430: 
2026-06-30 20:09:01.854073: Epoch 0
2026-06-30 20:09:01.884122: Current learning rate: 0.01
2026-06-30 20:11:07.527250: train_loss -0.2477
2026-06-30 20:11:07.563033: val_loss -0.3616
2026-06-30 20:11:07.595277: Pseudo dice [np.float32(0.2623), np.float32(0.7589), np.float32(nan), np.float32(nan), np.float32(0.9146)]
2026-06-30 20:11:07.626791: Epoch time: 125.7 s
2026-06-30 20:11:07.658306: Yayy! New best EMA pseudo Dice: 0.6452999711036682
2026-06-30 20:11:09.250712: Early stopping: baseline val_loss=-0.361641
2026-06-30 20:11:09.281701: 
2026-06-30 20:11:09.310737: Epoch 1
2026-06-30 20:11:09.338810: Current learning rate: 0.00999
2026-06-30 20:13:12.153285: train_loss -0.4091
2026-06-30 20:13:12.194293: val_loss -0.4354
2026-06-30 20:13:12.222293: Pseudo dice [np.float32(0.0), np.float32(0.8477), np.float32(nan), np.float32(nan), np.float32(0.9586)]
2026-06-30 20:13:12.250295: Epoch time: 122.87 s
2026-06-30 20:13:13.341703: Early stopping: improvement detected | val_loss=-0.43537 | delta=0.073729
2026-06-30 20:13:13.371704: 
2026-06-30 20:13:13.400702: Epoch 2
2026-06-30 20:13:13.429704: Current learning rate: 0.00998
2026-06-30 20:15:19.593009: train_loss -0.3965
2026-06-30 20:15:19.628010: val_loss -0.419
2026-06-30 20:15:19.658011: Pseudo dice [np.float32(0.4637), np.float32(0.8303), np.float32(nan), np.float32(nan), np.float32(0.9307)]
2026-06-30 20:15:19.689013: Epoch time: 126.22 s
2026-06-30 20:15:19.719012: Yayy! New best EMA pseudo Dice: 0.6510000228881836
2026-06-30 20:15:21.686080: Early stopping: no significant improvement | val_loss=-0.419015 | best_val_loss=-0.43537 | delta=-0.016355 | wait=1/20
2026-06-30 20:15:21.729105: 
2026-06-30 20:15:21.766129: Epoch 3
2026-06-30 20:15:21.800176: Current learning rate: 0.00997
2026-06-30 20:17:25.587136: train_loss -0.4468
2026-06-30 20:17:25.618716: val_loss -0.4402
2026-06-30 20:17:25.649265: Pseudo dice [np.float32(0.3609), np.float32(0.8517), np.float32(nan), np.float32(nan), np.float32(0.9634)]
2026-06-30 20:17:25.688283: Epoch time: 123.86 s
2026-06-30 20:17:25.731307: Yayy! New best EMA pseudo Dice: 0.6583999991416931
2026-06-30 20:17:27.897182: Early stopping: improvement detected | val_loss=-0.440203 | delta=0.004833
2026-06-30 20:17:27.927181: 
2026-06-30 20:17:27.954188: Epoch 4
2026-06-30 20:17:27.982188: Current learning rate: 0.00996
2026-06-30 20:19:26.771359: train_loss -0.452
2026-06-30 20:19:26.801423: val_loss -0.4717
2026-06-30 20:19:26.830965: Pseudo dice [np.float32(0.4442), np.float32(0.8942), np.float32(nan), np.float32(nan), np.float32(0.9519)]
2026-06-30 20:19:26.865513: Epoch time: 118.85 s
2026-06-30 20:19:26.895577: Yayy! New best EMA pseudo Dice: 0.6689000129699707
2026-06-30 20:19:29.084797: Early stopping: improvement detected | val_loss=-0.471697 | delta=0.031494
2026-06-30 20:19:29.117429: 
2026-06-30 20:19:29.146015: Epoch 5
2026-06-30 20:19:29.175168: Current learning rate: 0.00995
2026-06-30 20:21:33.105304: train_loss -0.4627
2026-06-30 20:21:33.139827: val_loss -0.4816
2026-06-30 20:21:33.178819: Pseudo dice [np.float32(0.4865), np.float32(0.8774), np.float32(nan), np.float32(nan), np.float32(0.9582)]
2026-06-30 20:21:33.218819: Epoch time: 123.99 s
2026-06-30 20:21:33.251820: Yayy! New best EMA pseudo Dice: 0.6794999837875366
2026-06-30 20:21:34.958249: Early stopping: improvement detected | val_loss=-0.481642 | delta=0.009945
2026-06-30 20:21:34.989247: 
2026-06-30 20:21:35.018246: Epoch 6
2026-06-30 20:21:35.048247: Current learning rate: 0.00995
2026-06-30 20:23:33.691968: train_loss -0.4505
2026-06-30 20:23:33.727969: val_loss -0.4035
2026-06-30 20:23:33.771969: Pseudo dice [np.float32(0.3152), np.float32(0.7571), np.float32(nan), np.float32(nan), np.float32(0.9222)]
2026-06-30 20:23:33.801977: Epoch time: 118.7 s
2026-06-30 20:23:35.144003: Early stopping: no significant improvement | val_loss=-0.403473 | best_val_loss=-0.481642 | delta=-0.078169 | wait=1/20
2026-06-30 20:23:35.179639: 
2026-06-30 20:23:35.210302: Epoch 7
2026-06-30 20:23:35.241902: Current learning rate: 0.00994
2026-06-30 20:25:41.075684: train_loss -0.4052
2026-06-30 20:25:41.108267: val_loss -0.4119
2026-06-30 20:25:41.137816: Pseudo dice [np.float32(0.4962), np.float32(0.8148), np.float32(nan), np.float32(nan), np.float32(0.938)]
2026-06-30 20:25:41.166378: Epoch time: 125.9 s
2026-06-30 20:25:41.196317: Yayy! New best EMA pseudo Dice: 0.6851999759674072
2026-06-30 20:25:42.996459: Early stopping: no significant improvement | val_loss=-0.411892 | best_val_loss=-0.481642 | delta=-0.06975 | wait=2/20
2026-06-30 20:25:43.027467: 
2026-06-30 20:25:43.055465: Epoch 8
2026-06-30 20:25:43.084466: Current learning rate: 0.00993
2026-06-30 20:27:39.429861: train_loss -0.4668
2026-06-30 20:27:39.518861: val_loss -0.4311
2026-06-30 20:27:39.564861: Pseudo dice [np.float32(0.5233), np.float32(0.8792), np.float32(nan), np.float32(nan), np.float32(0.9572)]
2026-06-30 20:27:39.620861: Epoch time: 116.4 s
2026-06-30 20:27:39.661861: Yayy! New best EMA pseudo Dice: 0.6952999830245972
2026-06-30 20:27:41.413468: Early stopping: no significant improvement | val_loss=-0.431055 | best_val_loss=-0.481642 | delta=-0.050587 | wait=3/20
2026-06-30 20:27:41.441824: 
2026-06-30 20:27:41.469038: Epoch 9
2026-06-30 20:27:41.495895: Current learning rate: 0.00992
2026-06-30 20:29:45.621632: train_loss -0.4523
2026-06-30 20:29:45.660634: val_loss -0.4102
2026-06-30 20:29:45.705642: Pseudo dice [np.float32(0.2718), np.float32(0.8561), np.float32(nan), np.float32(nan), np.float32(0.9271)]
2026-06-30 20:29:45.734675: Epoch time: 124.18 s
2026-06-30 20:29:47.006305: Early stopping: no significant improvement | val_loss=-0.410205 | best_val_loss=-0.481642 | delta=-0.071437 | wait=4/20
2026-06-30 20:29:47.046294: 
2026-06-30 20:29:47.087293: Epoch 10
2026-06-30 20:29:47.131293: Current learning rate: 0.00991
2026-06-30 20:31:52.408981: train_loss -0.4843
2026-06-30 20:31:52.446981: val_loss -0.4318
2026-06-30 20:31:52.477096: Pseudo dice [np.float32(0.1962), np.float32(0.8982), np.float32(nan), np.float32(nan), np.float32(0.951)]
2026-06-30 20:31:52.506654: Epoch time: 125.36 s
2026-06-30 20:31:53.868199: Early stopping: no significant improvement | val_loss=-0.431775 | best_val_loss=-0.481642 | delta=-0.049867 | wait=5/20
2026-06-30 20:31:53.900026: 
2026-06-30 20:31:53.930034: Epoch 11
2026-06-30 20:31:53.958579: Current learning rate: 0.0099
2026-06-30 20:33:59.013480: train_loss -0.4932
2026-06-30 20:33:59.076481: val_loss -0.4586
2026-06-30 20:33:59.145481: Pseudo dice [np.float32(0.3156), np.float32(0.8969), np.float32(nan), np.float32(nan), np.float32(0.9649)]
2026-06-30 20:33:59.300481: Epoch time: 125.12 s
2026-06-30 20:33:59.332484: Yayy! New best EMA pseudo Dice: 0.6963000297546387
2026-06-30 20:34:01.123324: Early stopping: no significant improvement | val_loss=-0.458631 | best_val_loss=-0.481642 | delta=-0.023011 | wait=6/20
2026-06-30 20:34:01.152068: 
2026-06-30 20:34:01.181108: Epoch 12
2026-06-30 20:34:01.209207: Current learning rate: 0.00989
2026-06-30 20:36:05.006555: train_loss -0.4901
2026-06-30 20:36:05.046483: val_loss -0.4478
2026-06-30 20:36:05.077278: Pseudo dice [np.float32(0.2743), np.float32(0.9026), np.float32(nan), np.float32(nan), np.float32(0.9596)]
2026-06-30 20:36:05.106278: Epoch time: 123.86 s
2026-06-30 20:36:05.136279: Yayy! New best EMA pseudo Dice: 0.6978999972343445
2026-06-30 20:36:07.433430: Early stopping: no significant improvement | val_loss=-0.447819 | best_val_loss=-0.481642 | delta=-0.033823 | wait=7/20
2026-06-30 20:36:07.465452: 
2026-06-30 20:36:07.495499: Epoch 13
2026-06-30 20:36:07.525394: Current learning rate: 0.00988
2026-06-30 20:38:08.835840: train_loss -0.5156
2026-06-30 20:38:08.877840: val_loss -0.4173
2026-06-30 20:38:08.908839: Pseudo dice [np.float32(0.1326), np.float32(0.8909), np.float32(nan), np.float32(nan), np.float32(0.9619)]
2026-06-30 20:38:08.940840: Epoch time: 121.37 s
2026-06-30 20:38:10.320957: Early stopping: no significant improvement | val_loss=-0.417292 | best_val_loss=-0.481642 | delta=-0.06435 | wait=8/20
2026-06-30 20:38:10.352515: 
2026-06-30 20:38:10.383058: Epoch 14
2026-06-30 20:38:10.413065: Current learning rate: 0.00987
2026-06-30 20:40:16.364498: train_loss -0.5
2026-06-30 20:40:16.394506: val_loss -0.4625
2026-06-30 20:40:16.424509: Pseudo dice [np.float32(0.2919), np.float32(0.8627), np.float32(nan), np.float32(nan), np.float32(0.9529)]
2026-06-30 20:40:16.454509: Epoch time: 126.01 s
2026-06-30 20:40:17.676197: Early stopping: no significant improvement | val_loss=-0.462477 | best_val_loss=-0.481642 | delta=-0.019165 | wait=9/20
2026-06-30 20:40:17.738733: 
2026-06-30 20:40:17.787733: Epoch 15
2026-06-30 20:40:17.838733: Current learning rate: 0.00986
2026-06-30 20:42:18.673309: train_loss -0.5013
2026-06-30 20:42:18.706304: val_loss -0.5009
2026-06-30 20:42:18.737310: Pseudo dice [np.float32(0.4743), np.float32(0.9149), np.float32(nan), np.float32(nan), np.float32(0.9636)]
2026-06-30 20:42:18.768312: Epoch time: 120.94 s
2026-06-30 20:42:18.806301: Yayy! New best EMA pseudo Dice: 0.7039999961853027
2026-06-30 20:42:20.661087: Early stopping: improvement detected | val_loss=-0.500872 | delta=0.01923
2026-06-30 20:42:20.694095: 
2026-06-30 20:42:20.725096: Epoch 16
2026-06-30 20:42:20.756096: Current learning rate: 0.00986
2026-06-30 20:44:21.338580: train_loss -0.4901
2026-06-30 20:44:21.379580: val_loss -0.3987
2026-06-30 20:44:21.409591: Pseudo dice [np.float32(0.0464), np.float32(0.8679), np.float32(nan), np.float32(nan), np.float32(0.9392)]
2026-06-30 20:44:21.439626: Epoch time: 120.65 s
2026-06-30 20:44:23.236495: Early stopping: no significant improvement | val_loss=-0.398688 | best_val_loss=-0.500872 | delta=-0.102184 | wait=1/20
2026-06-30 20:44:23.269494: 
2026-06-30 20:44:23.300503: Epoch 17
2026-06-30 20:44:23.333503: Current learning rate: 0.00985
2026-06-30 20:46:27.026520: train_loss -0.5116
2026-06-30 20:46:27.090552: val_loss -0.4648
2026-06-30 20:46:27.132551: Pseudo dice [np.float32(0.213), np.float32(0.9044), np.float32(nan), np.float32(nan), np.float32(0.9561)]
2026-06-30 20:46:27.174551: Epoch time: 123.76 s
2026-06-30 20:46:28.503831: Early stopping: no significant improvement | val_loss=-0.464815 | best_val_loss=-0.500872 | delta=-0.036058 | wait=2/20
2026-06-30 20:46:28.543831: 
2026-06-30 20:46:28.583830: Epoch 18
2026-06-30 20:46:28.618840: Current learning rate: 0.00984
2026-06-30 20:48:28.870136: train_loss -0.5057
2026-06-30 20:48:28.910140: val_loss -0.4099
2026-06-30 20:48:28.944139: Pseudo dice [np.float32(0.3879), np.float32(0.907), np.float32(nan), np.float32(nan), np.float32(0.9561)]
2026-06-30 20:48:28.976140: Epoch time: 120.33 s
2026-06-30 20:48:30.410800: Early stopping: no significant improvement | val_loss=-0.409887 | best_val_loss=-0.500872 | delta=-0.090985 | wait=3/20
2026-06-30 20:48:30.444868: 
2026-06-30 20:48:30.477937: Epoch 19
2026-06-30 20:48:30.509770: Current learning rate: 0.00983
2026-06-30 20:50:31.497274: train_loss -0.4872
2026-06-30 20:50:31.542274: val_loss -0.4705
2026-06-30 20:50:31.586274: Pseudo dice [np.float32(0.1507), np.float32(0.8916), np.float32(nan), np.float32(nan), np.float32(0.9662)]
2026-06-30 20:50:31.620274: Epoch time: 121.05 s
2026-06-30 20:50:33.153857: Early stopping: no significant improvement | val_loss=-0.470463 | best_val_loss=-0.500872 | delta=-0.030409 | wait=4/20
2026-06-30 20:50:33.203563: 
2026-06-30 20:50:33.242563: Epoch 20
2026-06-30 20:50:33.282566: Current learning rate: 0.00982
2026-06-30 20:52:37.131274: train_loss -0.5136
2026-06-30 20:52:37.168316: val_loss -0.4976
2026-06-30 20:52:37.199384: Pseudo dice [np.float32(0.3153), np.float32(0.8721), np.float32(nan), np.float32(nan), np.float32(0.9712)]
2026-06-30 20:52:37.230008: Epoch time: 123.93 s
2026-06-30 20:52:38.499554: Early stopping: no significant improvement | val_loss=-0.497564 | best_val_loss=-0.500872 | delta=-0.003309 | wait=5/20
2026-06-30 20:52:38.546126: 
2026-06-30 20:52:38.590162: Epoch 21
2026-06-30 20:52:38.634023: Current learning rate: 0.00981
2026-06-30 20:54:44.603106: train_loss -0.5064
2026-06-30 20:54:44.643141: val_loss -0.466
2026-06-30 20:54:44.686711: Pseudo dice [np.float32(0.2129), np.float32(0.8885), np.float32(nan), np.float32(nan), np.float32(0.9585)]
2026-06-30 20:54:44.730690: Epoch time: 126.06 s
2026-06-30 20:54:46.552113: Early stopping: no significant improvement | val_loss=-0.46597 | best_val_loss=-0.500872 | delta=-0.034903 | wait=6/20
2026-06-30 20:54:46.591113: 
2026-06-30 20:54:46.624114: Epoch 22
2026-06-30 20:54:46.656113: Current learning rate: 0.0098
2026-06-30 20:56:45.348854: train_loss -0.5189
2026-06-30 20:56:45.390903: val_loss -0.5308
2026-06-30 20:56:45.425407: Pseudo dice [np.float32(0.3795), np.float32(0.8857), np.float32(nan), np.float32(nan), np.float32(0.9691)]
2026-06-30 20:56:45.458434: Epoch time: 118.76 s
2026-06-30 20:56:46.931633: Early stopping: improvement detected | val_loss=-0.530787 | delta=0.029915
2026-06-30 20:56:46.973622: 
2026-06-30 20:56:47.015623: Epoch 23
2026-06-30 20:56:47.057622: Current learning rate: 0.00979
2026-06-30 20:58:50.434158: train_loss -0.4878
2026-06-30 20:58:50.474158: val_loss -0.4687
2026-06-30 20:58:50.506168: Pseudo dice [np.float32(0.1415), np.float32(0.8165), np.float32(nan), np.float32(nan), np.float32(0.9447)]
2026-06-30 20:58:50.537166: Epoch time: 123.46 s
2026-06-30 20:58:51.705577: Early stopping: no significant improvement | val_loss=-0.468707 | best_val_loss=-0.530787 | delta=-0.06208 | wait=1/20
2026-06-30 20:58:51.739578: 
2026-06-30 20:58:51.772576: Epoch 24
2026-06-30 20:58:51.856577: Current learning rate: 0.00978
2026-06-30 21:00:58.730506: train_loss -0.4465
2026-06-30 21:00:58.788507: val_loss -0.4493
2026-06-30 21:00:58.832546: Pseudo dice [np.float32(0.4381), np.float32(0.7761), np.float32(nan), np.float32(nan), np.float32(0.9446)]
2026-06-30 21:00:59.001541: Epoch time: 126.99 s
2026-06-30 21:01:00.295466: Early stopping: no significant improvement | val_loss=-0.44934 | best_val_loss=-0.530787 | delta=-0.081447 | wait=2/20
2026-06-30 21:01:00.328215: 
2026-06-30 21:01:00.360306: Epoch 25
2026-06-30 21:01:00.392472: Current learning rate: 0.00977
2026-06-30 21:03:04.033138: train_loss -0.4693
2026-06-30 21:03:04.067176: val_loss -0.3957
2026-06-30 21:03:04.097715: Pseudo dice [np.float32(0.1864), np.float32(0.8586), np.float32(nan), np.float32(nan), np.float32(0.9396)]
2026-06-30 21:03:04.128806: Epoch time: 123.71 s
2026-06-30 21:03:05.406075: Early stopping: no significant improvement | val_loss=-0.395705 | best_val_loss=-0.530787 | delta=-0.135082 | wait=3/20
2026-06-30 21:03:05.443077: 
2026-06-30 21:03:05.483076: Epoch 26
2026-06-30 21:03:05.523077: Current learning rate: 0.00977
2026-06-30 21:05:08.442001: train_loss -0.4945
2026-06-30 21:05:08.481037: val_loss -0.5362
2026-06-30 21:05:08.514105: Pseudo dice [np.float32(0.4056), np.float32(0.8865), np.float32(nan), np.float32(nan), np.float32(0.9622)]
2026-06-30 21:05:08.601609: Epoch time: 123.0 s
2026-06-30 21:05:09.932500: Early stopping: improvement detected | val_loss=-0.536195 | delta=0.005408
2026-06-30 21:05:09.983500: 
2026-06-30 21:05:10.033057: Epoch 27
2026-06-30 21:05:10.078059: Current learning rate: 0.00976
2026-06-30 21:07:09.826969: train_loss -0.5043
2026-06-30 21:07:09.871978: val_loss -0.4713
2026-06-30 21:07:09.904978: Pseudo dice [np.float32(0.1512), np.float32(0.8735), np.float32(nan), np.float32(nan), np.float32(0.9555)]
2026-06-30 21:07:09.937978: Epoch time: 119.85 s
2026-06-30 21:07:11.681727: Early stopping: no significant improvement | val_loss=-0.47132 | best_val_loss=-0.536195 | delta=-0.064875 | wait=1/20
2026-06-30 21:07:11.716857: 
2026-06-30 21:07:11.750467: Epoch 28
2026-06-30 21:07:11.783076: Current learning rate: 0.00975
2026-06-30 21:09:12.994882: train_loss -0.4711
2026-06-30 21:09:13.038889: val_loss -0.4715
2026-06-30 21:09:13.071891: Pseudo dice [np.float32(0.3845), np.float32(0.8692), np.float32(nan), np.float32(nan), np.float32(0.9397)]
2026-06-30 21:09:13.112879: Epoch time: 121.28 s
2026-06-30 21:09:14.566325: Early stopping: no significant improvement | val_loss=-0.471492 | best_val_loss=-0.536195 | delta=-0.064703 | wait=2/20
2026-06-30 21:09:14.599469: 
2026-06-30 21:09:14.630280: Epoch 29
2026-06-30 21:09:14.662514: Current learning rate: 0.00974
2026-06-30 21:11:15.441315: train_loss -0.4931
2026-06-30 21:11:15.481315: val_loss -0.4775
2026-06-30 21:11:15.524343: Pseudo dice [np.float32(0.099), np.float32(0.8905), np.float32(nan), np.float32(nan), np.float32(0.9562)]
2026-06-30 21:11:15.568385: Epoch time: 120.84 s
2026-06-30 21:11:17.157579: Early stopping: no significant improvement | val_loss=-0.477494 | best_val_loss=-0.536195 | delta=-0.058701 | wait=3/20
2026-06-30 21:11:17.191633: 
2026-06-30 21:11:17.224704: Epoch 30
2026-06-30 21:11:17.256736: Current learning rate: 0.00973
2026-06-30 21:13:21.359594: train_loss -0.5015
2026-06-30 21:13:21.404108: val_loss -0.4847
2026-06-30 21:13:21.437624: Pseudo dice [np.float32(0.2588), np.float32(0.8482), np.float32(nan), np.float32(nan), np.float32(0.938)]
2026-06-30 21:13:21.474650: Epoch time: 124.17 s
2026-06-30 21:13:22.774218: Early stopping: no significant improvement | val_loss=-0.484692 | best_val_loss=-0.536195 | delta=-0.051502 | wait=4/20
2026-06-30 21:13:22.807859: 
2026-06-30 21:13:22.840429: Epoch 31
2026-06-30 21:13:22.872995: Current learning rate: 0.00972
2026-06-30 21:15:23.151031: train_loss -0.5176
2026-06-30 21:15:23.186029: val_loss -0.52
2026-06-30 21:15:23.219034: Pseudo dice [np.float32(0.4458), np.float32(0.9106), np.float32(nan), np.float32(nan), np.float32(0.9664)]
2026-06-30 21:15:23.253031: Epoch time: 120.34 s
2026-06-30 21:15:24.752756: Early stopping: no significant improvement | val_loss=-0.520022 | best_val_loss=-0.536195 | delta=-0.016173 | wait=5/20
2026-06-30 21:15:24.793772: 
2026-06-30 21:15:24.827174: Epoch 32
2026-06-30 21:15:24.859563: Current learning rate: 0.00971
2026-06-30 21:17:25.441118: train_loss -0.5025
2026-06-30 21:17:25.703631: val_loss -0.4998
2026-06-30 21:17:25.754631: Pseudo dice [np.float32(0.2883), np.float32(0.86), np.float32(nan), np.float32(nan), np.float32(0.9576)]
2026-06-30 21:17:25.809632: Epoch time: 120.65 s
2026-06-30 21:17:26.984969: Early stopping: no significant improvement | val_loss=-0.499813 | best_val_loss=-0.536195 | delta=-0.036382 | wait=6/20
2026-06-30 21:17:27.019861: 
2026-06-30 21:17:27.065859: Epoch 33
2026-06-30 21:17:27.103858: Current learning rate: 0.0097
2026-06-30 21:19:30.495149: train_loss -0.5111
2026-06-30 21:19:30.530210: val_loss -0.4992
2026-06-30 21:19:30.561761: Pseudo dice [np.float32(0.3946), np.float32(0.8825), np.float32(nan), np.float32(nan), np.float32(0.9616)]
2026-06-30 21:19:30.593862: Epoch time: 123.48 s
2026-06-30 21:19:30.626412: Yayy! New best EMA pseudo Dice: 0.7059999704360962
2026-06-30 21:19:32.484804: Early stopping: no significant improvement | val_loss=-0.499185 | best_val_loss=-0.536195 | delta=-0.03701 | wait=7/20
2026-06-30 21:19:32.527831: 
2026-06-30 21:19:32.575581: Epoch 34
2026-06-30 21:19:32.622143: Current learning rate: 0.00969
2026-06-30 21:21:34.389310: train_loss -0.5329
2026-06-30 21:21:34.436210: val_loss -0.5097
2026-06-30 21:21:34.481211: Pseudo dice [np.float32(0.2347), np.float32(0.8888), np.float32(nan), np.float32(nan), np.float32(0.9614)]
2026-06-30 21:21:34.513210: Epoch time: 121.86 s
2026-06-30 21:21:35.662769: Early stopping: no significant improvement | val_loss=-0.509743 | best_val_loss=-0.536195 | delta=-0.026452 | wait=8/20
2026-06-30 21:21:35.799768: 
2026-06-30 21:21:35.853795: Epoch 35
2026-06-30 21:21:35.925794: Current learning rate: 0.00968
2026-06-30 21:23:39.590979: train_loss -0.5218
2026-06-30 21:23:39.627982: val_loss -0.4997
2026-06-30 21:23:39.660988: Pseudo dice [np.float32(0.3462), np.float32(0.9003), np.float32(nan), np.float32(nan), np.float32(0.9713)]
2026-06-30 21:23:39.693025: Epoch time: 123.79 s
2026-06-30 21:23:39.723064: Yayy! New best EMA pseudo Dice: 0.7084000110626221
2026-06-30 21:23:41.774745:C:\Users\rony.schwartz\.conda\envs\venv-napari\Lib\site-packages\nnunetv2\evaluation\evaluate_predictions.py:157: RuntimeWarning: Mean of empty slice
  means[r][m] = np.nanmean([i['metrics'][r][m] for i in results])
 Early stopping: no significant improvement | val_loss=-0.499742 | best_val_loss=-0.536195 | delta=-0.036452 | wait=9/20
2026-06-30 21:23:41.806751: 
2026-06-30 21:23:41.846735: Epoch 36
2026-06-30 21:23:41.880735: Current learning rate: 0.00968
2026-06-30 21:25:45.563341: train_loss -0.5185
2026-06-30 21:25:45.605855: val_loss -0.4995
2026-06-30 21:25:45.643855: Pseudo dice [np.float32(0.3482), np.float32(0.9112), np.float32(nan), np.float32(nan), np.float32(0.9619)]
2026-06-30 21:25:45.676858: Epoch time: 123.76 s
2026-06-30 21:25:45.706858: Yayy! New best EMA pseudo Dice: 0.7116000056266785
2026-06-30 21:25:47.789598: Early stopping: no significant improvement | val_loss=-0.499505 | best_val_loss=-0.536195 | delta=-0.03669 | wait=10/20
2026-06-30 21:25:47.819500: 
2026-06-30 21:25:47.847769: Epoch 37
2026-06-30 21:25:47.875594: Current learning rate: 0.00967
2026-06-30 21:27:49.266423: train_loss -0.5084
2026-06-30 21:27:49.309424: val_loss -0.4926
2026-06-30 21:27:49.339423: Pseudo dice [np.float32(0.3733), np.float32(0.9033), np.float32(nan), np.float32(nan), np.float32(0.9598)]
2026-06-30 21:27:49.369424: Epoch time: 121.45 s
2026-06-30 21:27:49.400423: Yayy! New best EMA pseudo Dice: 0.7149999737739563
2026-06-30 21:27:51.582937: Early stopping: no significant improvement | val_loss=-0.492563 | best_val_loss=-0.536195 | delta=-0.043632 | wait=11/20
2026-06-30 21:27:51.613521: 
2026-06-30 21:27:51.643168: Epoch 38
2026-06-30 21:27:51.675296: Current learning rate: 0.00966
2026-06-30 21:29:49.464310: train_loss -0.5134
2026-06-30 21:29:49.496334: val_loss -0.4859
2026-06-30 21:29:49.525334: Pseudo dice [np.float32(0.3612), np.float32(0.8836), np.float32(nan), np.float32(nan), np.float32(0.9588)]
2026-06-30 21:29:49.555334: Epoch time: 117.85 s
2026-06-30 21:29:49.587334: Yayy! New best EMA pseudo Dice: 0.7168999910354614
2026-06-30 21:29:51.493757: Early stopping: no significant improvement | val_loss=-0.485876 | best_val_loss=-0.536195 | delta=-0.050319 | wait=12/20
2026-06-30 21:29:51.524005: 
2026-06-30 21:29:51.553326: Epoch 39
2026-06-30 21:29:51.582145: Current learning rate: 0.00965
2026-06-30 21:31:53.847131: train_loss -0.5352
2026-06-30 21:31:53.919132: val_loss -0.5129
2026-06-30 21:31:53.961131: Pseudo dice [np.float32(0.4034), np.float32(0.8897), np.float32(nan), np.float32(nan), np.float32(0.9574)]
2026-06-30 21:31:54.002131: Epoch time: 122.32 s
2026-06-30 21:31:54.045131: Yayy! New best EMA pseudo Dice: 0.7202000021934509
2026-06-30 21:31:55.878154: Early stopping: no significant improvement | val_loss=-0.512896 | best_val_loss=-0.536195 | delta=-0.023298 | wait=13/20
2026-06-30 21:31:55.909312: 
2026-06-30 21:31:55.939111: Epoch 40
2026-06-30 21:31:55.968208: Current learning rate: 0.00964
2026-06-30 21:33:56.853795: train_loss -0.5179
2026-06-30 21:33:56.898794: val_loss -0.5095
2026-06-30 21:33:56.931795: Pseudo dice [np.float32(0.3023), np.float32(0.914), np.float32(nan), np.float32(nan), np.float32(0.9692)]
2026-06-30 21:33:56.958795: Epoch time: 120.95 s
2026-06-30 21:33:56.986795: Yayy! New best EMA pseudo Dice: 0.7210999727249146
2026-06-30 21:33:58.758822: Early stopping: no significant improvement | val_loss=-0.509545 | best_val_loss=-0.536195 | delta=-0.02665 | wait=14/20
2026-06-30 21:33:58.794821: 
2026-06-30 21:33:58.823832: Epoch 41
2026-06-30 21:33:58.851831: Current learning rate: 0.00963
2026-06-30 21:35:57.984390: train_loss -0.5125
2026-06-30 21:35:58.025614: val_loss -0.519
2026-06-30 21:35:58.056200: Pseudo dice [np.float32(0.3471), np.float32(0.8936), np.float32(nan), np.float32(nan), np.float32(0.9618)]
2026-06-30 21:35:58.085805: Epoch time: 119.19 s
2026-06-30 21:35:58.114971: Yayy! New best EMA pseudo Dice: 0.7224000096321106
2026-06-30 21:36:00.023654: Early stopping: no significant improvement | val_loss=-0.519017 | best_val_loss=-0.536195 | delta=-0.017178 | wait=15/20
2026-06-30 21:36:00.054754: 
2026-06-30 21:36:00.084307: Epoch 42
2026-06-30 21:36:00.114419: Current learning rate: 0.00962
2026-06-30 21:38:00.010933: train_loss -0.5375
2026-06-30 21:38:00.069924: val_loss -0.4957
2026-06-30 21:38:00.212927: Pseudo dice [np.float32(0.3384), np.float32(0.8927), np.float32(nan), np.float32(nan), np.float32(0.965)]
2026-06-30 21:38:00.248927: Epoch time: 119.96 s
2026-06-30 21:38:00.288927: Yayy! New best EMA pseudo Dice: 0.7232999801635742
2026-06-30 21:38:02.204139: Early stopping: no significant improvement | val_loss=-0.495671 | best_val_loss=-0.536195 | delta=-0.040523 | wait=16/20
2026-06-30 21:38:02.234636: 
2026-06-30 21:38:02.265176: Epoch 43
2026-06-30 21:38:02.293788: Current learning rate: 0.00961
2026-06-30 21:40:03.648510: train_loss -0.5253
2026-06-30 21:40:03.689510: val_loss -0.5054
2026-06-30 21:40:03.720516: Pseudo dice [np.float32(0.3775), np.float32(0.8897), np.float32(nan), np.float32(nan), np.float32(0.9578)]
2026-06-30 21:40:03.750516: Epoch time: 121.41 s
2026-06-30 21:40:03.780516: Yayy! New best EMA pseudo Dice: 0.7251999974250793
2026-06-30 21:40:05.968277: Early stopping: no significant improvement | val_loss=-0.505356 | best_val_loss=-0.536195 | delta=-0.030838 | wait=17/20
2026-06-30 21:40:05.998336: 
2026-06-30 21:40:06.027325: Epoch 44
2026-06-30 21:40:06.057879: Current learning rate: 0.0096
2026-06-30 21:42:04.241971: train_loss -0.5271
2026-06-30 21:42:04.284970: val_loss -0.5158
2026-06-30 21:42:04.321970: Pseudo dice [np.float32(0.4396), np.float32(0.8866), np.float32(nan), np.float32(nan), np.float32(0.9576)]
2026-06-30 21:42:04.361970: Epoch time: 118.25 s
2026-06-30 21:42:04.401971: Yayy! New best EMA pseudo Dice: 0.7287999987602234
2026-06-30 21:42:06.234507: Early stopping: no significant improvement | val_loss=-0.515804 | best_val_loss=-0.536195 | delta=-0.020391 | wait=18/20
2026-06-30 21:42:06.264517: 
2026-06-30 21:42:06.292516: Epoch 45
2026-06-30 21:42:06.321518: Current learning rate: 0.00959
2026-06-30 21:44:09.119770: train_loss -0.5324
2026-06-30 21:44:09.165770: val_loss -0.5298
2026-06-30 21:44:09.207770: Pseudo dice [np.float32(0.4089), np.float32(0.8932), np.float32(nan), np.float32(nan), np.float32(0.9629)]
2026-06-30 21:44:09.247770: Epoch time: 122.86 s
2026-06-30 21:44:09.287771: Yayy! New best EMA pseudo Dice: 0.7314000129699707
2026-06-30 21:44:11.457052: Early stopping: no significant improvement | val_loss=-0.52985 | best_val_loss=-0.536195 | delta=-0.006345 | wait=19/20
2026-06-30 21:44:11.488051: 
2026-06-30 21:44:11.516049: Epoch 46
2026-06-30 21:44:11.545049: Current learning rate: 0.00959
2026-06-30 21:46:16.181712: train_loss -0.5119
2026-06-30 21:46:16.213237: val_loss -0.5175
2026-06-30 21:46:16.242308: Pseudo dice [np.float32(0.4425), np.float32(0.8805), np.float32(nan), np.float32(nan), np.float32(0.9658)]
2026-06-30 21:46:16.272852: Epoch time: 124.7 s
2026-06-30 21:46:16.308890: Yayy! New best EMA pseudo Dice: 0.7346000075340271
2026-06-30 21:46:18.057302: Early stopping: no significant improvement | val_loss=-0.517528 | best_val_loss=-0.536195 | delta=-0.018667 | wait=20/20
2026-06-30 21:46:18.086366: Early stopping triggered at epoch 47 | best_val_loss=-0.536195
2026-06-30 21:46:18.943669: Training done.
2026-06-30 21:46:19.038669: Using splits from existing split file: \\hive3065\Yael_Mishael\Rony\remote_computer backup\nnUNet_resources\multi_sample_fresh_bnei_reem_i2\nnUNet_preprocessed\Dataset777_GCEF\splits_final.json
2026-06-30 21:46:19.072668: The split file contains 1 splits.
2026-06-30 21:46:19.103669: Desired fold for training: 0
2026-06-30 21:46:19.142668: This split has 1 training and 1 validation cases.
2026-06-30 21:46:19.178668: WARNING: Some validation cases are also in the training set. Please check the splits.json or ignore if this is intentional.
2026-06-30 21:46:19.216672: predicting nlm_volume
2026-06-30 21:46:19.319669: nlm_volume, shape torch.Size([1, 600, 650, 650]), rank 0
2026-06-30 21:52:13.502499: Validation complete
2026-06-30 21:52:13.530499: Mean Validation Dice:  nan

Saved summary CSV: \\hive3065\Yael_Mishael\Rony\remote_computer backup\nnUNet_resources\multi_sample_fresh_bnei_reem_i2\nnUNet_results\Dataset777_GCEF\nnUNetTrainer_betterIgnoreSampling_earlyStopValLoss__nnUNetPlans__3d_fullres\analytics\training_metrics_summary.csv

=== Training Summary ===
  epochs:      46
  train_loss:  -0.511900
  val_loss:    -0.517500
  mean_dice:   0.734600

[OK] Analytics saved to \\hive3065\Yael_Mishael\Rony\remote_computer backup\nnUNet_resources\multi_sample_fresh_bnei_reem_i2\nnUNet_results\Dataset777_GCEF\nnUNetTrainer_betterIgnoreSampling_earlyStopValLoss__nnUNetPlans__3d_fullres\analytics

======================================================================
Running inference with fresh_bnei_reem_i2 model ...
======================================================================
Input chunks (8):
  nlm_volume__2__0__130__0000.nii.gz
  nlm_volume__2__116__294__0000.nii.gz
  nlm_volume__2__198__376__0000.nii.gz
  nlm_volume__2__280__458__0000.nii.gz
  nlm_volume__2__34__212__0000.nii.gz
  nlm_volume__2__362__540__0000.nii.gz
  nlm_volume__2__444__622__0000.nii.gz
  nlm_volume__2__526__652__0000.nii.gz
Checkpoint: checkpoint_final.pth
CUDA available: True

=== Step 1: Inference ===
There are 8 cases in the source folder
I am process 0 out of 1 (max process ID is 0, we start counting with 0!)
There are 8 cases that I would like to predict

Predicting nlm_volume__2__0__130_:
perform_everything_on_device: False
Input shape: torch.Size([1, 130, 650, 650])
step_size: 0.5
mirror_axes: None
n_steps 200, image size is torch.Size([130, 650, 650]), tile_size [128, 128, 128], tile_step_size 0.5
steps:
[[0, 2], [0, 58, 116, 174, 232, 290, 348, 406, 464, 522], [0, 58, 116, 174, 232, 290, 348, 406, 464, 522]]
move image to device cpu
preallocating results arrays on device cpu

  0%|          | 0/200 [00:00<?, ?it/s]
  0%|          | 1/200 [00:01<04:13,  1.27s/it]
  2%|1         | 3/200 [00:01<01:12,  2.71it/s]
  2%|2         | 5/200 [00:01<00:40,  4.87it/s]
  4%|3         | 7/200 [00:01<00:27,  7.14it/s]
  4%|4         | 9/200 [00:01<00:20,  9.39it/s]
  6%|5         | 11/200 [00:01<00:16, 11.49it/s]
  6%|6         | 13/200 [00:01<00:13, 13.36it/s]
  8%|7         | 15/200 [00:01<00:12, 14.89it/s]
  9%|9         | 18/200 [00:02<00:10, 16.59it/s]
 10%|#         | 20/200 [00:02<00:10, 17.38it/s]
 11%|#1        | 22/200 [00:02<00:09, 18.01it/s]
 12%|#2        | 24/200 [00:02<00:09, 18.49it/s]
 13%|#3        | 26/200 [00:02<00:09, 18.86it/s]
 14%|#4        | 28/200 [00:02<00:08, 19.13it/s]
 15%|#5        | 30/200 [00:02<00:08, 19.32it/s]
 16%|#6        | 32/200 [00:02<00:08, 19.46it/s]
 17%|#7        | 34/200 [00:02<00:08, 19.56it/s]
 18%|#8        | 36/200 [00:03<00:08, 19.63it/s]
 19%|#9        | 38/200 [00:03<00:08, 19.68it/s]
 20%|##        | 40/200 [00:03<00:08, 19.66it/s]
 21%|##1       | 42/200 [00:03<00:08, 19.65it/s]
 22%|##2       | 45/200 [00:03<00:07, 19.83it/s]
 24%|##3       | 47/200 [00:03<00:07, 19.77it/s]
 24%|##4       | 49/200 [00:03<00:07, 19.73it/s]
 26%|##5       | 51/200 [00:03<00:07, 19.75it/s]
 26%|##6       | 53/200 [00:03<00:07, 19.71it/s]
 28%|##7       | 55/200 [00:04<00:07, 19.62it/s]
 28%|##8       | 57/200 [00:04<00:07, 19.39it/s]
 30%|##9       | 59/200 [00:04<00:07, 19.34it/s]
 30%|###       | 61/200 [00:04<00:07, 19.37it/s]
 32%|###1      | 63/200 [00:04<00:07, 19.38it/s]
 32%|###2      | 65/200 [00:04<00:06, 19.50it/s]
 34%|###3      | 67/200 [00:04<00:06, 19.54it/s]
 34%|###4      | 69/200 [00:04<00:06, 19.50it/s]
 36%|###5      | 71/200 [00:04<00:06, 19.59it/s]
 36%|###6      | 73/200 [00:04<00:06, 19.60it/s]
 38%|###7      | 75/200 [00:05<00:06, 19.54it/s]
 38%|###8      | 77/200 [00:05<00:06, 19.50it/s]
 40%|###9      | 79/200 [00:05<00:06, 19.48it/s]
 40%|####      | 81/200 [00:05<00:06, 19.40it/s]
 42%|####1     | 83/200 [00:05<00:06, 19.24it/s]
 42%|####2     | 85/200 [00:05<00:05, 19.18it/s]
 44%|####3     | 87/200 [00:05<00:05, 19.20it/s]
 44%|####4     | 89/200 [00:05<00:05, 19.32it/s]
 46%|####5     | 91/200 [00:05<00:05, 19.35it/s]
 46%|####6     | 93/200 [00:05<00:05, 19.37it/s]
 48%|####7     | 95/200 [00:06<00:05, 19.33it/s]
 48%|####8     | 97/200 [00:06<00:05, 19.24it/s]
 50%|####9     | 99/200 [00:06<00:05, 19.07it/s]
 50%|#####     | 101/200 [00:06<00:05, 19.01it/s]
 52%|#####1    | 103/200 [00:06<00:05, 19.19it/s]
 52%|#####2    | 105/200 [00:06<00:04, 19.31it/s]
 54%|#####3    | 107/200 [00:06<00:04, 19.46it/s]
 55%|#####5    | 110/200 [00:06<00:04, 19.61it/s]
 56%|#####6    | 112/200 [00:06<00:04, 19.51it/s]
 57%|#####6    | 114/200 [00:07<00:04, 19.38it/s]
 58%|#####8    | 116/200 [00:07<00:04, 19.23it/s]
 59%|#####8    | 118/200 [00:07<00:04, 19.18it/s]
 60%|######    | 120/200 [00:07<00:04, 19.19it/s]
 61%|######1   | 122/200 [00:07<00:04, 19.31it/s]
 62%|######2   | 124/200 [00:07<00:03, 19.34it/s]
 63%|######3   | 126/200 [00:07<00:03, 19.31it/s]
 64%|######4   | 128/200 [00:07<00:03, 19.40it/s]
 65%|######5   | 130/200 [00:07<00:03, 19.29it/s]
 66%|######6   | 132/200 [00:07<00:03, 19.27it/s]
 67%|######7   | 134/200 [00:08<00:03, 19.37it/s]
 68%|######8   | 136/200 [00:08<00:03, 19.44it/s]
 69%|######9   | 138/200 [00:08<00:03, 19.43it/s]
 70%|#######   | 140/200 [00:08<00:03, 19.49it/s]
 71%|#######1  | 142/200 [00:08<00:02, 19.52it/s]
 72%|#######2  | 144/200 [00:08<00:02, 19.61it/s]
 73%|#######3  | 146/200 [00:08<00:02, 19.61it/s]
 74%|#######4  | 148/200 [00:08<00:02, 19.61it/s]
 75%|#######5  | 150/200 [00:08<00:02, 19.55it/s]
 76%|#######6  | 152/200 [00:09<00:02, 19.57it/s]
 77%|#######7  | 154/200 [00:09<00:02, 19.52it/s]
 78%|#######8  | 156/200 [00:09<00:02, 19.43it/s]
 79%|#######9  | 158/200 [00:09<00:02, 19.37it/s]
 80%|########  | 160/200 [00:09<00:02, 19.39it/s]
 81%|########1 | 162/200 [00:09<00:01, 19.45it/s]
 82%|########2 | 164/200 [00:09<00:01, 19.50it/s]
 83%|########2 | 166/200 [00:09<00:01, 19.47it/s]
 84%|########4 | 168/200 [00:09<00:01, 19.57it/s]
 85%|########5 | 170/200 [00:09<00:01, 19.58it/s]
 86%|########6 | 172/200 [00:10<00:01, 19.59it/s]
 87%|########7 | 174/200 [00:10<00:01, 19.54it/s]
 88%|########8 | 176/200 [00:10<00:01, 19.56it/s]
 89%|########9 | 178/200 [00:10<00:01, 19.52it/s]
 90%|######### | 180/200 [00:10<00:01, 19.54it/s]
 91%|#########1| 182/200 [00:10<00:00, 19.51it/s]
 92%|#########2| 184/200 [00:10<00:00, 19.54it/s]
 93%|#########3| 186/200 [00:10<00:00, 19.56it/s]
 94%|#########3| 188/200 [00:10<00:00, 19.52it/s]
 95%|#########5| 190/200 [00:10<00:00, 19.49it/s]
 96%|#########6| 192/200 [00:11<00:00, 19.35it/s]
 97%|#########7| 194/200 [00:11<00:00, 19.37it/s]
 98%|#########8| 196/200 [00:11<00:00, 19.39it/s]
 99%|#########9| 198/200 [00:11<00:00, 19.45it/s]
100%|##########| 200/200 [00:11<00:00, 19.50it/s]
100%|##########| 200/200 [00:11<00:00, 17.42it/s]
Prediction done
sending off prediction to background worker for resampling and export
done with nlm_volume__2__0__130_

Predicting nlm_volume__2__116__294_:
perform_everything_on_device: False
Input shape: torch.Size([1, 178, 650, 650])
step_size: 0.5
mirror_axes: None
n_steps 200, image size is torch.Size([178, 650, 650]), tile_size [128, 128, 128], tile_step_size 0.5
steps:
[[0, 50], [0, 58, 116, 174, 232, 290, 348, 406, 464, 522], [0, 58, 116, 174, 232, 290, 348, 406, 464, 522]]
move image to device cpu
preallocating results arrays on device cpu

  0%|          | 0/200 [00:00<?, ?it/s]
  1%|1         | 2/200 [00:00<00:21,  9.01it/s]
  2%|2         | 4/200 [00:00<00:14, 13.21it/s]
  3%|3         | 6/200 [00:00<00:12, 15.52it/s]
  4%|4         | 8/200 [00:00<00:11, 16.97it/s]
  5%|5         | 10/200 [00:00<00:10, 17.78it/s]
  6%|6         | 12/200 [00:00<00:10, 18.13it/s]
  7%|7         | 14/200 [00:00<00:10, 18.37it/s]
  8%|8         | 16/200 [00:00<00:09, 18.52it/s]
  9%|9         | 18/200 [00:01<00:09, 18.68it/s]
 10%|#         | 20/200 [00:01<00:09, 18.90it/s]
 11%|#1        | 22/200 [00:01<00:09, 18.95it/s]
 12%|#2        | 24/200 [00:01<00:09, 18.98it/s]
 13%|#3        | 26/200 [00:01<00:09, 18.11it/s]
 14%|#4        | 28/200 [00:01<00:09, 17.84it/s]
 15%|#5        | 30/200 [00:01<00:09, 17.70it/s]
 16%|#6        | 32/200 [00:01<00:09, 17.24it/s]
 17%|#7        | 34/200 [00:01<00:09, 16.76it/s]
 18%|#8        | 36/200 [00:02<00:09, 16.45it/s]
 19%|#9        | 38/200 [00:02<00:09, 16.72it/s]
 20%|##        | 40/200 [00:02<00:09, 17.45it/s]
 21%|##1       | 42/200 [00:02<00:08, 17.99it/s]
 22%|##2       | 44/200 [00:02<00:08, 18.50it/s]
 23%|##3       | 46/200 [00:02<00:08, 18.87it/s]
 24%|##4       | 48/200 [00:02<00:07, 19.14it/s]
 25%|##5       | 50/200 [00:02<00:07, 19.34it/s]
 26%|##6       | 52/200 [00:02<00:07, 19.30it/s]
 27%|##7       | 54/200 [00:03<00:07, 19.39it/s]
 28%|##8       | 56/200 [00:03<00:07, 19.35it/s]
 29%|##9       | 58/200 [00:03<00:07, 19.20it/s]
 30%|###       | 60/200 [00:03<00:07, 19.15it/s]
 31%|###1      | 62/200 [00:03<00:07, 19.12it/s]
 32%|###2      | 64/200 [00:03<00:07, 19.21it/s]
 33%|###3      | 66/200 [00:03<00:06, 19.16it/s]
 34%|###4      | 68/200 [00:03<00:06, 18.96it/s]
 35%|###5      | 70/200 [00:03<00:06, 18.83it/s]
 36%|###6      | 72/200 [00:03<00:06, 18.73it/s]
 37%|###7      | 74/200 [00:04<00:06, 18.88it/s]
 38%|###8      | 76/200 [00:04<00:06, 18.98it/s]
 39%|###9      | 78/200 [00:04<00:06, 18.95it/s]
 40%|####      | 80/200 [00:04<00:06, 19.03it/s]
 41%|####1     | 82/200 [00:04<00:06, 19.04it/s]
 42%|####2     | 84/200 [00:04<00:06, 19.09it/s]
 43%|####3     | 86/200 [00:04<00:05, 19.19it/s]
 44%|####4     | 88/200 [00:04<00:05, 19.20it/s]
 45%|####5     | 90/200 [00:04<00:05, 19.32it/s]
 46%|####6     | 92/200 [00:05<00:05, 19.35it/s]
 47%|####6     | 94/200 [00:05<00:05, 19.31it/s]
 48%|####8     | 96/200 [00:05<00:05, 19.18it/s]
 49%|####9     | 98/200 [00:05<00:05, 19.08it/s]
 50%|#####     | 100/200 [00:05<00:05, 19.07it/s]
 51%|#####1    | 102/200 [00:05<00:05, 19.12it/s]
 52%|#####2    | 104/200 [00:05<00:04, 19.21it/s]
 53%|#####3    | 106/200 [00:05<00:04, 19.27it/s]
 54%|#####4    | 108/200 [00:05<00:04, 19.37it/s]
 55%|#####5    | 110/200 [00:05<00:04, 19.56it/s]
 56%|#####6    | 112/200 [00:06<00:04, 19.34it/s]
 57%|#####6    | 114/200 [00:06<00:04, 19.31it/s]
 58%|#####8    | 116/200 [00:06<00:04, 19.23it/s]
 59%|#####8    | 118/200 [00:06<00:04, 19.18it/s]
 60%|######    | 120/200 [00:06<00:04, 19.30it/s]
 61%|######1   | 122/200 [00:06<00:04, 19.23it/s]
 62%|######2   | 124/200 [00:06<00:03, 19.17it/s]
 63%|######3   | 126/200 [00:06<00:03, 19.24it/s]
 64%|######4   | 128/200 [00:06<00:03, 19.35it/s]
 65%|######5   | 130/200 [00:06<00:03, 19.32it/s]
 66%|######6   | 132/200 [00:07<00:03, 19.23it/s]
 67%|######7   | 134/200 [00:07<00:03, 19.01it/s]
 68%|######8   | 136/200 [00:07<00:03, 18.86it/s]
 69%|######9   | 138/200 [00:07<00:03, 18.81it/s]
 70%|#######   | 140/200 [00:07<00:03, 18.93it/s]
 71%|#######1  | 142/200 [00:07<00:03, 19.08it/s]
 72%|#######2  | 144/200 [00:07<00:02, 19.18it/s]
 73%|#######3  | 146/200 [00:07<00:02, 19.14it/s]
 74%|#######4  | 148/200 [00:07<00:02, 19.17it/s]
 75%|#######5  | 150/200 [00:08<00:02, 19.13it/s]
 76%|#######6  | 152/200 [00:08<00:02, 19.05it/s]
 77%|#######7  | 154/200 [00:08<00:02, 19.00it/s]
 78%|#######8  | 156/200 [00:08<00:02, 18.90it/s]
 79%|#######9  | 158/200 [00:08<00:02, 19.16it/s]
 80%|########  | 160/200 [00:08<00:02, 19.30it/s]
 81%|########1 | 162/200 [00:08<00:01, 19.28it/s]
 82%|########2 | 164/200 [00:08<00:01, 19.37it/s]
 83%|########2 | 166/200 [00:08<00:01, 19.33it/s]
 84%|########4 | 168/200 [00:08<00:01, 19.30it/s]
 85%|########5 | 170/200 [00:09<00:01, 19.22it/s]
 86%|########6 | 172/200 [00:09<00:01, 19.06it/s]
 87%|########7 | 174/200 [00:09<00:01, 18.79it/s]
 88%|########8 | 176/200 [00:09<00:01, 18.76it/s]
 89%|########9 | 178/200 [00:09<00:01, 18.90it/s]
 90%|######### | 180/200 [00:09<00:01, 18.94it/s]
 91%|#########1| 182/200 [00:09<00:00, 18.87it/s]
 92%|#########2| 184/200 [00:09<00:00, 18.81it/s]
 93%|#########3| 186/200 [00:09<00:00, 18.83it/s]
 94%|#########3| 188/200 [00:10<00:00, 18.89it/s]
 95%|#########5| 190/200 [00:10<00:00, 18.94it/s]
 96%|#########6| 192/200 [00:10<00:00, 18.92it/s]
 97%|#########7| 194/200 [00:10<00:00, 18.96it/s]
 98%|#########8| 196/200 [00:10<00:00, 19.15it/s]
 99%|#########9| 198/200 [00:10<00:00, 19.34it/s]
100%|##########| 200/200 [00:10<00:00, 19.48it/s]
100%|##########| 200/200 [00:10<00:00, 18.76it/s]
Prediction done
sending off prediction to background worker for resampling and export
done with nlm_volume__2__116__294_

Predicting nlm_volume__2__198__376_:
perform_everything_on_device: False
Input shape: torch.Size([1, 178, 650, 650])
step_size: 0.5
mirror_axes: None
n_steps 200, image size is torch.Size([178, 650, 650]), tile_size [128, 128, 128], tile_step_size 0.5
steps:
[[0, 50], [0, 58, 116, 174, 232, 290, 348, 406, 464, 522], [0, 58, 116, 174, 232, 290, 348, 406, 464, 522]]
move image to device cpu
preallocating results arrays on device cpu

  0%|          | 0/200 [00:00<?, ?it/s]
  0%|          | 1/200 [00:00<00:46,  4.24it/s]
  2%|1         | 3/200 [00:00<00:22,  8.79it/s]
  2%|2         | 5/200 [00:00<00:16, 11.65it/s]
  4%|3         | 7/200 [00:00<00:13, 14.11it/s]
  4%|4         | 9/200 [00:00<00:12, 15.87it/s]
  6%|5         | 11/200 [00:00<00:11, 17.00it/s]
  6%|6         | 13/200 [00:00<00:10, 17.69it/s]
  8%|7         | 15/200 [00:01<00:10, 18.10it/s]
  8%|8         | 17/200 [00:01<00:09, 18.61it/s]
 10%|9         | 19/200 [00:01<00:09, 19.02it/s]
 10%|#         | 21/200 [00:01<00:09, 19.08it/s]
 12%|#1        | 23/200 [00:01<00:09, 19.24it/s]
 12%|#2        | 25/200 [00:01<00:09, 19.24it/s]
 14%|#3        | 27/200 [00:01<00:09, 19.18it/s]
 14%|#4        | 29/200 [00:01<00:08, 19.08it/s]
 16%|#5        | 31/200 [00:01<00:08, 19.13it/s]
 16%|#6        | 33/200 [00:01<00:08, 18.94it/s]
 18%|#7        | 35/200 [00:02<00:08, 18.76it/s]
 18%|#8        | 37/200 [00:02<00:08, 19.06it/s]
 20%|#9        | 39/200 [00:02<00:08, 19.11it/s]
 20%|##        | 41/200 [00:02<00:08, 19.15it/s]
 22%|##1       | 43/200 [00:02<00:08, 19.17it/s]
 22%|##2       | 45/200 [00:02<00:08, 19.19it/s]
 24%|##3       | 47/200 [00:02<00:08, 19.09it/s]
 24%|##4       | 49/200 [00:02<00:07, 19.13it/s]
 26%|##5       | 51/200 [00:02<00:07, 19.05it/s]
 26%|##6       | 53/200 [00:02<00:07, 19.00it/s]
 28%|##7       | 55/200 [00:03<00:07, 19.07it/s]
 28%|##8       | 57/200 [00:03<00:07, 19.17it/s]
 30%|##9       | 59/200 [00:03<00:07, 19.24it/s]
 30%|###       | 61/200 [00:03<00:07, 19.30it/s]
 32%|###1      | 63/200 [00:03<00:07, 19.33it/s]
 32%|###2      | 65/200 [00:03<00:06, 19.41it/s]
 34%|###3      | 67/200 [00:03<00:06, 19.14it/s]
 34%|###4      | 69/200 [00:03<00:06, 19.00it/s]
 36%|###5      | 71/200 [00:03<00:06, 18.91it/s]
 36%|###6      | 73/200 [00:04<00:06, 18.84it/s]
 38%|###7      | 75/200 [00:04<00:06, 18.69it/s]
 38%|###8      | 77/200 [00:04<00:06, 18.54it/s]
 40%|###9      | 79/200 [00:04<00:06, 18.53it/s]
 40%|####      | 81/200 [00:04<00:06, 18.58it/s]
 42%|####1     | 83/200 [00:04<00:06, 18.66it/s]
 42%|####2     | 85/200 [00:04<00:06, 18.67it/s]
 44%|####3     | 87/200 [00:04<00:06, 18.78it/s]
 44%|####4     | 89/200 [00:04<00:05, 18.86it/s]
 46%|####5     | 91/200 [00:04<00:05, 19.03it/s]
 46%|####6     | 93/200 [00:05<00:05, 19.14it/s]
 48%|####7     | 95/200 [00:05<00:05, 19.33it/s]
 48%|####8     | 97/200 [00:05<00:05, 19.36it/s]
 50%|####9     | 99/200 [00:05<00:05, 19.32it/s]
 50%|#####     | 101/200 [00:05<00:05, 19.41it/s]
 52%|#####1    | 103/200 [00:05<00:04, 19.41it/s]
 52%|#####2    | 105/200 [00:05<00:04, 19.41it/s]
 54%|#####4    | 108/200 [00:05<00:04, 19.59it/s]
 55%|#####5    | 110/200 [00:05<00:04, 19.59it/s]
 56%|#####6    | 112/200 [00:06<00:04, 19.70it/s]
 57%|#####6    | 114/200 [00:06<00:04, 19.73it/s]
 58%|#####8    | 116/200 [00:06<00:04, 19.70it/s]
 59%|#####8    | 118/200 [00:06<00:04, 19.67it/s]
 60%|######    | 120/200 [00:06<00:04, 19.54it/s]
 61%|######1   | 122/200 [00:06<00:03, 19.56it/s]
 62%|######2   | 124/200 [00:06<00:03, 19.46it/s]
 63%|######3   | 126/200 [00:06<00:03, 19.45it/s]
 64%|######4   | 128/200 [00:06<00:03, 19.50it/s]
 65%|######5   | 130/200 [00:06<00:03, 19.47it/s]
 66%|######6   | 132/200 [00:07<00:03, 19.46it/s]
 67%|######7   | 134/200 [00:07<00:03, 19.50it/s]
 68%|######8   | 136/200 [00:07<00:03, 19.48it/s]
 69%|######9   | 138/200 [00:07<00:03, 19.63it/s]
 70%|#######   | 141/200 [00:07<00:02, 19.82it/s]
 72%|#######1  | 143/200 [00:07<00:02, 19.87it/s]
 72%|#######2  | 145/200 [00:07<00:02, 19.74it/s]
 74%|#######3  | 147/200 [00:07<00:02, 19.48it/s]
 74%|#######4  | 149/200 [00:07<00:02, 19.36it/s]
 76%|#######5  | 151/200 [00:08<00:02, 19.26it/s]
 76%|#######6  | 153/200 [00:08<00:02, 19.31it/s]
 78%|#######7  | 155/200 [00:08<00:02, 19.40it/s]
 78%|#######8  | 157/200 [00:08<00:02, 19.52it/s]
 80%|########  | 160/200 [00:08<00:02, 19.70it/s]
 81%|########1 | 162/200 [00:08<00:01, 19.47it/s]
 82%|########2 | 164/200 [00:08<00:01, 19.25it/s]
 83%|########2 | 166/200 [00:08<00:01, 19.19it/s]
 84%|########4 | 168/200 [00:08<00:01, 19.15it/s]
 85%|########5 | 170/200 [00:09<00:01, 19.33it/s]
 86%|########6 | 172/200 [00:09<00:01, 19.47it/s]
 88%|########7 | 175/200 [00:09<00:01, 19.62it/s]
 88%|########8 | 177/200 [00:09<00:01, 19.67it/s]
 90%|########9 | 179/200 [00:09<00:01, 19.65it/s]
 90%|######### | 181/200 [00:09<00:00, 19.59it/s]
 92%|#########1| 183/200 [00:09<00:00, 19.54it/s]
 92%|#########2| 185/200 [00:09<00:00, 19.56it/s]
 94%|#########3| 187/200 [00:09<00:00, 19.57it/s]
 94%|#########4| 189/200 [00:10<00:00, 19.64it/s]
 96%|#########5| 191/200 [00:10<00:00, 19.75it/s]
 96%|#########6| 193/200 [00:10<00:00, 19.70it/s]
 98%|#########7| 195/200 [00:10<00:00, 19.50it/s]
 98%|#########8| 197/200 [00:10<00:00, 19.36it/s]
100%|#########9| 199/200 [00:10<00:00, 19.27it/s]
100%|##########| 200/200 [00:10<00:00, 18.89it/s]
Prediction done
sending off prediction to background worker for resampling and export
done with nlm_volume__2__198__376_

Predicting nlm_volume__2__280__458_:
perform_everything_on_device: False
Input shape: torch.Size([1, 178, 650, 650])
step_size: 0.5
mirror_axes: None
n_steps 200, image size is torch.Size([178, 650, 650]), tile_size [128, 128, 128], tile_step_size 0.5
steps:
[[0, 50], [0, 58, 116, 174, 232, 290, 348, 406, 464, 522], [0, 58, 116, 174, 232, 290, 348, 406, 464, 522]]
move image to device cpu
preallocating results arrays on device cpu

  0%|          | 0/200 [00:00<?, ?it/s]
  1%|1         | 2/200 [00:00<00:12, 16.39it/s]
  2%|2         | 4/200 [00:00<00:10, 18.24it/s]
  3%|3         | 6/200 [00:00<00:10, 18.92it/s]
  4%|4         | 9/200 [00:00<00:09, 19.38it/s]
  6%|5         | 11/200 [00:00<00:09, 19.51it/s]
  6%|6         | 13/200 [00:00<00:09, 19.54it/s]
  8%|7         | 15/200 [00:00<00:09, 19.50it/s]
  8%|8         | 17/200 [00:00<00:09, 19.42it/s]
 10%|9         | 19/200 [00:00<00:09, 19.36it/s]
 10%|#         | 21/200 [00:01<00:09, 19.44it/s]
 12%|#1        | 23/200 [00:01<00:09, 19.43it/s]
 12%|#2        | 25/200 [00:01<00:08, 19.48it/s]
 14%|#3        | 27/200 [00:01<00:08, 19.41it/s]
 14%|#4        | 29/200 [00:01<00:08, 19.30it/s]
 16%|#5        | 31/200 [00:01<00:08, 19.00it/s]
 16%|#6        | 33/200 [00:01<00:08, 18.75it/s]
 18%|#7        | 35/200 [00:01<00:08, 18.84it/s]
 18%|#8        | 37/200 [00:01<00:08, 19.12it/s]
 20%|#9        | 39/200 [00:02<00:08, 19.32it/s]
 20%|##        | 41/200 [00:02<00:08, 19.40it/s]
 22%|##1       | 43/200 [00:02<00:08, 19.41it/s]
 22%|##2       | 45/200 [00:02<00:07, 19.41it/s]
 24%|##3       | 47/200 [00:02<00:07, 19.41it/s]
 25%|##5       | 50/200 [00:02<00:07, 19.74it/s]
 26%|##6       | 53/200 [00:02<00:07, 19.88it/s]
 28%|##7       | 55/200 [00:02<00:07, 19.91it/s]
 28%|##8       | 57/200 [00:02<00:07, 19.93it/s]
 30%|###       | 60/200 [00:03<00:07, 19.86it/s]
 31%|###1      | 62/200 [00:03<00:07, 19.65it/s]
 32%|###2      | 64/200 [00:03<00:06, 19.48it/s]
 33%|###3      | 66/200 [00:03<00:06, 19.41it/s]
 34%|###4      | 68/200 [00:03<00:06, 19.41it/s]
 35%|###5      | 70/200 [00:03<00:06, 19.47it/s]
 36%|###6      | 72/200 [00:03<00:06, 19.62it/s]
 37%|###7      | 74/200 [00:03<00:06, 19.67it/s]
 38%|###8      | 76/200 [00:03<00:06, 19.43it/s]
 39%|###9      | 78/200 [00:04<00:06, 18.88it/s]
 40%|####      | 80/200 [00:04<00:06, 18.72it/s]
 41%|####1     | 82/200 [00:04<00:06, 18.76it/s]
 42%|####2     | 84/200 [00:04<00:06, 18.95it/s]
 43%|####3     | 86/200 [00:04<00:05, 19.09it/s]
 44%|####4     | 88/200 [00:04<00:05, 18.97it/s]
 45%|####5     | 90/200 [00:04<00:05, 18.83it/s]
 46%|####6     | 92/200 [00:04<00:05, 18.90it/s]
 47%|####6     | 94/200 [00:04<00:05, 18.94it/s]
 48%|####8     | 96/200 [00:04<00:05, 18.97it/s]
 49%|####9     | 98/200 [00:05<00:05, 18.94it/s]
 50%|#####     | 100/200 [00:05<00:05, 18.10it/s]
 51%|#####1    | 102/200 [00:05<00:05, 18.53it/s]
 52%|#####2    | 105/200 [00:05<00:04, 19.03it/s]
 54%|#####3    | 107/200 [00:05<00:04, 19.28it/s]
 55%|#####4    | 109/200 [00:05<00:04, 19.37it/s]
 56%|#####5    | 111/200 [00:05<00:04, 19.49it/s]
 56%|#####6    | 113/200 [00:05<00:04, 19.47it/s]
 57%|#####7    | 115/200 [00:05<00:04, 19.51it/s]
 58%|#####8    | 117/200 [00:06<00:04, 19.60it/s]
 60%|#####9    | 119/200 [00:06<00:04, 19.60it/s]
 60%|######    | 121/200 [00:06<00:04, 19.54it/s]
 62%|######1   | 123/200 [00:06<00:03, 19.56it/s]
 62%|######2   | 125/200 [00:06<00:03, 19.63it/s]
 64%|######3   | 127/200 [00:06<00:03, 19.68it/s]
 64%|######4   | 129/200 [00:06<00:03, 19.72it/s]
 66%|######5   | 131/200 [00:06<00:03, 19.18it/s]
 66%|######6   | 133/200 [00:06<00:03, 18.15it/s]
 68%|######7   | 135/200 [00:07<00:03, 17.58it/s]
 68%|######8   | 137/200 [00:07<00:03, 17.08it/s]
 70%|######9   | 139/200 [00:07<00:03, 17.00it/s]
 70%|#######   | 141/200 [00:07<00:03, 16.98it/s]
 72%|#######1  | 143/200 [00:07<00:03, 17.51it/s]
 72%|#######2  | 145/200 [00:07<00:03, 18.04it/s]
 74%|#######3  | 147/200 [00:07<00:02, 18.53it/s]
 74%|#######4  | 149/200 [00:07<00:02, 18.95it/s]
 76%|#######6  | 152/200 [00:07<00:02, 19.40it/s]
 78%|#######7  | 155/200 [00:08<00:02, 19.65it/s]
 78%|#######8  | 157/200 [00:08<00:02, 19.64it/s]
 80%|#######9  | 159/200 [00:08<00:02, 19.48it/s]
 80%|########  | 161/200 [00:08<00:02, 19.41it/s]
 82%|########1 | 163/200 [00:08<00:01, 19.36it/s]
 82%|########2 | 165/200 [00:08<00:01, 19.38it/s]
 84%|########3 | 167/200 [00:08<00:01, 19.44it/s]
 84%|########4 | 169/200 [00:08<00:01, 19.60it/s]
 86%|########6 | 172/200 [00:08<00:01, 19.70it/s]
 87%|########7 | 174/200 [00:09<00:01, 19.52it/s]
 88%|########8 | 176/200 [00:09<00:01, 19.39it/s]
 89%|########9 | 178/200 [00:09<00:01, 19.40it/s]
 90%|######### | 180/200 [00:09<00:01, 19.35it/s]
 91%|#########1| 182/200 [00:09<00:00, 19.37it/s]
 92%|#########2| 184/200 [00:09<00:00, 19.49it/s]
 93%|#########3| 186/200 [00:09<00:00, 19.58it/s]
 94%|#########3| 188/200 [00:09<00:00, 19.65it/s]
 95%|#########5| 190/200 [00:09<00:00, 19.52it/s]
 96%|#########6| 192/200 [00:10<00:00, 19.38it/s]
 97%|#########7| 194/200 [00:10<00:00, 19.33it/s]
 98%|#########8| 196/200 [00:10<00:00, 19.30it/s]
 99%|#########9| 198/200 [00:10<00:00, 19.45it/s]
100%|##########| 200/200 [00:10<00:00, 19.55it/s]
100%|##########| 200/200 [00:10<00:00, 19.19it/s]
Prediction done
sending off prediction to background worker for resampling and export
done with nlm_volume__2__280__458_

Predicting nlm_volume__2__34__212_:
perform_everything_on_device: False
Input shape: torch.Size([1, 178, 650, 650])
step_size: 0.5
mirror_axes: None
n_steps 200, image size is torch.Size([178, 650, 650]), tile_size [128, 128, 128], tile_step_size 0.5
steps:
[[0, 50], [0, 58, 116, 174, 232, 290, 348, 406, 464, 522], [0, 58, 116, 174, 232, 290, 348, 406, 464, 522]]
move image to device cpu
preallocating results arrays on device cpu

  0%|          | 0/200 [00:00<?, ?it/s]
  1%|1         | 2/200 [00:00<00:11, 17.09it/s]
  2%|2         | 5/200 [00:00<00:10, 18.97it/s]
  4%|4         | 8/200 [00:00<00:09, 19.66it/s]
  6%|5         | 11/200 [00:00<00:09, 19.74it/s]
  6%|6         | 13/200 [00:00<00:09, 19.76it/s]
  8%|7         | 15/200 [00:00<00:09, 19.72it/s]
  9%|9         | 18/200 [00:00<00:09, 19.77it/s]
 10%|#         | 21/200 [00:01<00:09, 19.85it/s]
 12%|#1        | 23/200 [00:01<00:08, 19.84it/s]
 12%|#2        | 25/200 [00:01<00:08, 19.52it/s]
 14%|#3        | 27/200 [00:01<00:08, 19.34it/s]
 14%|#4        | 29/200 [00:01<00:08, 19.36it/s]
 16%|#5        | 31/200 [00:01<00:08, 19.38it/s]
 16%|#6        | 33/200 [00:01<00:08, 19.44it/s]
 18%|#7        | 35/200 [00:01<00:08, 19.49it/s]
 18%|#8        | 37/200 [00:01<00:08, 19.58it/s]
 20%|##        | 40/200 [00:02<00:08, 19.74it/s]
 22%|##1       | 43/200 [00:02<00:07, 19.79it/s]
 22%|##2       | 45/200 [00:02<00:07, 19.69it/s]
 24%|##3       | 47/200 [00:02<00:07, 19.67it/s]
 24%|##4       | 49/200 [00:02<00:07, 19.65it/s]
 26%|##5       | 51/200 [00:02<00:07, 19.69it/s]
 27%|##7       | 54/200 [00:02<00:07, 19.76it/s]
 28%|##8       | 57/200 [00:02<00:07, 19.89it/s]
 30%|##9       | 59/200 [00:03<00:07, 19.87it/s]
 30%|###       | 61/200 [00:03<00:07, 19.70it/s]
 32%|###1      | 63/200 [00:03<00:07, 19.57it/s]
 32%|###2      | 65/200 [00:03<00:06, 19.42it/s]
 34%|###3      | 67/200 [00:03<00:06, 19.36it/s]
 34%|###4      | 69/200 [00:03<00:06, 19.43it/s]
 36%|###5      | 71/200 [00:03<00:06, 19.32it/s]
 36%|###6      | 73/200 [00:03<00:06, 19.46it/s]
 38%|###8      | 76/200 [00:03<00:06, 19.52it/s]
 39%|###9      | 78/200 [00:03<00:06, 19.19it/s]
 40%|####      | 80/200 [00:04<00:06, 19.05it/s]
 41%|####1     | 82/200 [00:04<00:06, 18.89it/s]
 42%|####2     | 84/200 [00:04<00:06, 19.04it/s]
 43%|####3     | 86/200 [00:04<00:05, 19.26it/s]
 44%|####4     | 88/200 [00:04<00:05, 19.47it/s]
 45%|####5     | 90/200 [00:04<00:05, 19.62it/s]
 46%|####6     | 92/200 [00:04<00:05, 19.73it/s]
 47%|####6     | 94/200 [00:04<00:05, 19.81it/s]
 48%|####8     | 97/200 [00:04<00:05, 19.94it/s]
 50%|#####     | 100/200 [00:05<00:04, 20.01it/s]
 51%|#####1    | 102/200 [00:05<00:04, 20.01it/s]
 52%|#####2    | 105/200 [00:05<00:04, 20.00it/s]
 54%|#####3    | 107/200 [00:05<00:04, 19.95it/s]
 55%|#####4    | 109/200 [00:05<00:04, 19.71it/s]
 56%|#####5    | 111/200 [00:05<00:04, 19.57it/s]
 56%|#####6    | 113/200 [00:05<00:04, 19.42it/s]
 57%|#####7    | 115/200 [00:05<00:04, 19.37it/s]
 58%|#####8    | 117/200 [00:05<00:04, 19.33it/s]
 60%|#####9    | 119/200 [00:06<00:04, 19.35it/s]
 60%|######    | 121/200 [00:06<00:04, 19.48it/s]
 62%|######1   | 123/200 [00:06<00:03, 19.58it/s]
 62%|######2   | 125/200 [00:06<00:03, 19.47it/s]
 64%|######3   | 127/200 [00:06<00:03, 19.29it/s]
 64%|######4   | 129/200 [00:06<00:03, 19.27it/s]
 66%|######5   | 131/200 [00:06<00:03, 19.26it/s]
 66%|######6   | 133/200 [00:06<00:03, 19.31it/s]
 68%|######7   | 135/200 [00:06<00:03, 19.34it/s]
 68%|######8   | 137/200 [00:07<00:03, 19.31it/s]
 70%|######9   | 139/200 [00:07<00:03, 19.45it/s]
 70%|#######   | 141/200 [00:07<00:03, 19.50it/s]
 72%|#######2  | 144/200 [00:07<00:02, 19.64it/s]
 73%|#######3  | 146/200 [00:07<00:02, 19.74it/s]
 74%|#######4  | 149/200 [00:07<00:02, 19.83it/s]
 76%|#######6  | 152/200 [00:07<00:02, 19.89it/s]
 77%|#######7  | 154/200 [00:07<00:02, 19.87it/s]
 78%|#######8  | 157/200 [00:08<00:02, 19.87it/s]
 80%|#######9  | 159/200 [00:08<00:02, 19.71it/s]
 80%|########  | 161/200 [00:08<00:01, 19.63it/s]
 82%|########1 | 163/200 [00:08<00:01, 19.52it/s]
 82%|########2 | 165/200 [00:08<00:01, 19.44it/s]
 84%|########3 | 167/200 [00:08<00:01, 19.38it/s]
 84%|########4 | 169/200 [00:08<00:01, 19.44it/s]
 86%|########5 | 171/200 [00:08<00:01, 19.49it/s]
 86%|########6 | 173/200 [00:08<00:01, 19.36it/s]
 88%|########7 | 175/200 [00:08<00:01, 19.38it/s]
 88%|########8 | 177/200 [00:09<00:01, 19.33it/s]
 90%|########9 | 179/200 [00:09<00:01, 19.30it/s]
 90%|######### | 181/200 [00:09<00:00, 19.39it/s]
 92%|#########1| 183/200 [00:09<00:00, 19.51it/s]
 93%|#########3| 186/200 [00:09<00:00, 19.70it/s]
 94%|#########3| 188/200 [00:09<00:00, 19.78it/s]
 96%|#########5| 191/200 [00:09<00:00, 19.86it/s]
 96%|#########6| 193/200 [00:09<00:00, 19.69it/s]
 98%|#########7| 195/200 [00:09<00:00, 19.57it/s]
 98%|#########8| 197/200 [00:10<00:00, 19.52it/s]
100%|#########9| 199/200 [00:10<00:00, 19.33it/s]
100%|##########| 200/200 [00:10<00:00, 19.55it/s]
Prediction done
sending off prediction to background worker for resampling and export
done with nlm_volume__2__34__212_

Predicting nlm_volume__2__362__540_:
perform_everything_on_device: False
Input shape: torch.Size([1, 178, 650, 650])
step_size: 0.5
mirror_axes: None
n_steps 200, image size is torch.Size([178, 650, 650]), tile_size [128, 128, 128], tile_step_size 0.5
steps:
[[0, 50], [0, 58, 116, 174, 232, 290, 348, 406, 464, 522], [0, 58, 116, 174, 232, 290, 348, 406, 464, 522]]
move image to device cpu
preallocating results arrays on device cpu

  0%|          | 0/200 [00:00<?, ?it/s]
  0%|          | 1/200 [00:00<01:12,  2.74it/s]
  2%|2         | 4/200 [00:00<00:21,  9.12it/s]
  3%|3         | 6/200 [00:00<00:16, 11.96it/s]
  4%|4         | 9/200 [00:00<00:12, 14.87it/s]
  6%|6         | 12/200 [00:00<00:11, 16.61it/s]
  8%|7         | 15/200 [00:01<00:10, 17.79it/s]
  9%|9         | 18/200 [00:01<00:09, 18.58it/s]
 10%|#         | 21/200 [00:01<00:09, 19.02it/s]
 12%|#2        | 24/200 [00:01<00:09, 19.37it/s]
 14%|#3        | 27/200 [00:01<00:08, 19.64it/s]
 15%|#5        | 30/200 [00:01<00:08, 19.87it/s]
 16%|#6        | 33/200 [00:01<00:08, 20.03it/s]
 18%|#8        | 36/200 [00:02<00:08, 20.15it/s]
 20%|#9        | 39/200 [00:02<00:07, 20.22it/s]
 21%|##1       | 42/200 [00:02<00:07, 20.24it/s]
 22%|##2       | 45/200 [00:02<00:07, 20.29it/s]
 24%|##4       | 48/200 [00:02<00:07, 20.24it/s]
 26%|##5       | 51/200 [00:02<00:07, 20.21it/s]
 27%|##7       | 54/200 [00:02<00:07, 20.19it/s]
 28%|##8       | 57/200 [00:03<00:07, 20.17it/s]
 30%|###       | 60/200 [00:03<00:06, 20.20it/s]
 32%|###1      | 63/200 [00:03<00:06, 20.10it/s]
 33%|###3      | 66/200 [00:03<00:06, 19.95it/s]
 34%|###4      | 68/200 [00:03<00:06, 19.92it/s]
 35%|###5      | 70/200 [00:03<00:06, 19.89it/s]
 36%|###6      | 72/200 [00:03<00:06, 19.87it/s]
 37%|###7      | 74/200 [00:03<00:06, 19.80it/s]
 38%|###8      | 76/200 [00:04<00:06, 19.69it/s]
 39%|###9      | 78/200 [00:04<00:06, 19.67it/s]
 40%|####      | 80/200 [00:04<00:06, 19.71it/s]
 41%|####1     | 82/200 [00:04<00:05, 19.79it/s]
 42%|####2     | 84/200 [00:04<00:05, 19.74it/s]
 43%|####3     | 86/200 [00:04<00:05, 19.76it/s]
 44%|####4     | 88/200 [00:04<00:05, 19.65it/s]
 45%|####5     | 90/200 [00:04<00:05, 19.58it/s]
 46%|####6     | 92/200 [00:04<00:05, 19.65it/s]
 47%|####6     | 94/200 [00:05<00:05, 19.52it/s]
 48%|####8     | 96/200 [00:05<00:05, 19.49it/s]
 49%|####9     | 98/200 [00:05<00:05, 19.41it/s]
 50%|#####     | 100/200 [00:05<00:05, 19.41it/s]
 52%|#####1    | 103/200 [00:05<00:04, 19.64it/s]
 52%|#####2    | 105/200 [00:05<00:04, 19.47it/s]
 54%|#####3    | 107/200 [00:05<00:05, 18.27it/s]
 55%|#####4    | 109/200 [00:05<00:05, 17.78it/s]
 56%|#####5    | 111/200 [00:05<00:05, 17.58it/s]
 56%|#####6    | 113/200 [00:06<00:05, 17.04it/s]
 57%|#####7    | 115/200 [00:06<00:05, 16.60it/s]
 58%|#####8    | 117/200 [00:06<00:04, 17.39it/s]
 60%|#####9    | 119/200 [00:06<00:04, 18.09it/s]
 60%|######    | 121/200 [00:06<00:04, 18.57it/s]
 62%|######1   | 123/200 [00:06<00:04, 18.92it/s]
 62%|######2   | 125/200 [00:06<00:03, 19.18it/s]
 64%|######3   | 127/200 [00:06<00:03, 19.30it/s]
 64%|######4   | 129/200 [00:06<00:03, 19.45it/s]
 66%|######5   | 131/200 [00:07<00:03, 19.55it/s]
 66%|######6   | 133/200 [00:07<00:03, 19.63it/s]
 68%|######7   | 135/200 [00:07<00:03, 19.56it/s]
 68%|######8   | 137/200 [00:07<00:03, 19.58it/s]
 70%|######9   | 139/200 [00:07<00:03, 19.64it/s]
 70%|#######   | 141/200 [00:07<00:02, 19.69it/s]
 72%|#######1  | 143/200 [00:07<00:02, 19.78it/s]
 72%|#######2  | 145/200 [00:07<00:02, 19.85it/s]
 74%|#######4  | 148/200 [00:07<00:02, 20.01it/s]
 76%|#######5  | 151/200 [00:08<00:02, 20.05it/s]
 77%|#######7  | 154/200 [00:08<00:02, 20.08it/s]
 78%|#######8  | 157/200 [00:08<00:02, 20.01it/s]
 80%|########  | 160/200 [00:08<00:02, 19.76it/s]
 81%|########1 | 162/200 [00:08<00:01, 19.68it/s]
 82%|########2 | 164/200 [00:08<00:01, 19.56it/s]
 83%|########2 | 166/200 [00:08<00:01, 19.63it/s]
 84%|########4 | 168/200 [00:08<00:01, 19.57it/s]
 86%|########5 | 171/200 [00:09<00:01, 19.87it/s]
 86%|########6 | 173/200 [00:09<00:01, 19.75it/s]
 88%|########7 | 175/200 [00:09<00:01, 19.56it/s]
 88%|########8 | 177/200 [00:09<00:01, 19.52it/s]
 90%|########9 | 179/200 [00:09<00:01, 19.49it/s]
 90%|######### | 181/200 [00:09<00:00, 19.52it/s]
 92%|#########1| 183/200 [00:09<00:00, 19.60it/s]
 92%|#########2| 185/200 [00:09<00:00, 19.60it/s]
 94%|#########3| 188/200 [00:09<00:00, 19.81it/s]
 95%|#########5| 190/200 [00:09<00:00, 19.65it/s]
 96%|#########6| 192/200 [00:10<00:00, 19.53it/s]
 97%|#########7| 194/200 [00:10<00:00, 19.55it/s]
 98%|#########8| 196/200 [00:10<00:00, 19.57it/s]
 99%|#########9| 198/200 [00:10<00:00, 19.58it/s]
100%|##########| 200/200 [00:10<00:00, 19.64it/s]
100%|##########| 200/200 [00:10<00:00, 19.03it/s]
Prediction done
sending off prediction to background worker for resampling and export
done with nlm_volume__2__362__540_

Predicting nlm_volume__2__444__622_:
perform_everything_on_device: False
Input shape: torch.Size([1, 178, 650, 650])
step_size: 0.5
mirror_axes: None
n_steps 200, image size is torch.Size([178, 650, 650]), tile_size [128, 128, 128], tile_step_size 0.5
steps:
[[0, 50], [0, 58, 116, 174, 232, 290, 348, 406, 464, 522], [0, 58, 116, 174, 232, 290, 348, 406, 464, 522]]
move image to device cpu
preallocating results arrays on device cpu

  0%|          | 0/200 [00:00<?, ?it/s]
  0%|          | 1/200 [00:00<00:49,  3.98it/s]
  2%|1         | 3/200 [00:00<00:20,  9.76it/s]
  3%|3         | 6/200 [00:00<00:13, 14.27it/s]
  4%|4         | 9/200 [00:00<00:11, 16.56it/s]
  6%|6         | 12/200 [00:00<00:10, 17.91it/s]
  8%|7         | 15/200 [00:00<00:09, 18.66it/s]
  9%|9         | 18/200 [00:01<00:09, 19.14it/s]
 10%|#         | 21/200 [00:01<00:09, 19.45it/s]
 12%|#2        | 24/200 [00:01<00:08, 19.63it/s]
 14%|#3        | 27/200 [00:01<00:08, 19.82it/s]
 15%|#5        | 30/200 [00:01<00:08, 19.92it/s]
 16%|#6        | 33/200 [00:01<00:08, 19.94it/s]
 18%|#8        | 36/200 [00:01<00:08, 20.04it/s]
 20%|#9        | 39/200 [00:02<00:08, 20.07it/s]
 21%|##1       | 42/200 [00:02<00:07, 20.09it/s]
 22%|##2       | 45/200 [00:02<00:07, 20.14it/s]
 24%|##4       | 48/200 [00:02<00:07, 20.18it/s]
 26%|##5       | 51/200 [00:02<00:07, 20.17it/s]
 27%|##7       | 54/200 [00:02<00:07, 20.24it/s]
 28%|##8       | 57/200 [00:03<00:07, 20.25it/s]
 30%|###       | 60/200 [00:03<00:06, 20.30it/s]
 32%|###1      | 63/200 [00:03<00:06, 20.25it/s]
 33%|###3      | 66/200 [00:03<00:06, 20.25it/s]
 34%|###4      | 69/200 [00:03<00:06, 20.22it/s]
 36%|###6      | 72/200 [00:03<00:06, 20.23it/s]
 38%|###7      | 75/200 [00:03<00:06, 20.24it/s]
 39%|###9      | 78/200 [00:04<00:06, 20.21it/s]
 40%|####      | 81/200 [00:04<00:05, 20.19it/s]
 42%|####2     | 84/200 [00:04<00:05, 20.13it/s]
 44%|####3     | 87/200 [00:04<00:05, 20.13it/s]
 45%|####5     | 90/200 [00:04<00:05, 20.13it/s]
 46%|####6     | 93/200 [00:04<00:05, 20.09it/s]
 48%|####8     | 96/200 [00:04<00:05, 20.02it/s]
 50%|####9     | 99/200 [00:05<00:05, 19.98it/s]
 50%|#####     | 101/200 [00:05<00:04, 19.89it/s]
 52%|#####2    | 104/200 [00:05<00:04, 19.93it/s]
 53%|#####3    | 106/200 [00:05<00:04, 19.85it/s]
 54%|#####4    | 108/200 [00:05<00:04, 19.84it/s]
 56%|#####5    | 111/200 [00:05<00:04, 19.99it/s]
 57%|#####6    | 114/200 [00:05<00:04, 20.04it/s]
 58%|#####8    | 117/200 [00:06<00:04, 20.11it/s]
 60%|######    | 120/200 [00:06<00:03, 20.12it/s]
 62%|######1   | 123/200 [00:06<00:03, 20.12it/s]
 63%|######3   | 126/200 [00:06<00:03, 19.96it/s]
 64%|######4   | 128/200 [00:06<00:03, 19.84it/s]
 65%|######5   | 130/200 [00:06<00:03, 19.78it/s]
 66%|######6   | 132/200 [00:06<00:03, 19.74it/s]
 67%|######7   | 134/200 [00:06<00:03, 19.70it/s]
 68%|######8   | 136/200 [00:06<00:03, 19.62it/s]
 69%|######9   | 138/200 [00:07<00:03, 19.67it/s]
 70%|#######   | 140/200 [00:07<00:03, 19.65it/s]
 71%|#######1  | 142/200 [00:07<00:02, 19.70it/s]
 72%|#######2  | 144/200 [00:07<00:02, 19.73it/s]
 73%|#######3  | 146/200 [00:07<00:02, 19.75it/s]
 74%|#######4  | 148/200 [00:07<00:02, 19.77it/s]
 75%|#######5  | 150/200 [00:07<00:02, 19.78it/s]
 76%|#######6  | 152/200 [00:07<00:02, 19.73it/s]
 77%|#######7  | 154/200 [00:07<00:02, 19.69it/s]
 78%|#######8  | 156/200 [00:07<00:02, 19.61it/s]
 79%|#######9  | 158/200 [00:08<00:02, 19.67it/s]
 80%|########  | 160/200 [00:08<00:02, 19.65it/s]
 81%|########1 | 162/200 [00:08<00:01, 19.58it/s]
 82%|########2 | 164/200 [00:08<00:01, 19.59it/s]
 83%|########2 | 166/200 [00:08<00:01, 19.59it/s]
 84%|########4 | 168/200 [00:08<00:01, 19.71it/s]
 85%|########5 | 170/200 [00:08<00:01, 19.68it/s]
 86%|########6 | 172/200 [00:08<00:01, 19.72it/s]
 87%|########7 | 174/200 [00:08<00:01, 19.74it/s]
 88%|########8 | 176/200 [00:09<00:01, 19.70it/s]
 89%|########9 | 178/200 [00:09<00:01, 19.67it/s]
 90%|######### | 180/200 [00:09<00:01, 19.65it/s]
 91%|#########1| 182/200 [00:09<00:00, 19.70it/s]
 92%|#########2| 184/200 [00:09<00:00, 19.67it/s]
 93%|#########3| 186/200 [00:09<00:00, 19.71it/s]
 94%|#########3| 188/200 [00:09<00:00, 19.74it/s]
 95%|#########5| 190/200 [00:09<00:00, 19.58it/s]
 96%|#########6| 192/200 [00:09<00:00, 19.59it/s]
 97%|#########7| 194/200 [00:09<00:00, 19.65it/s]
 98%|#########8| 196/200 [00:10<00:00, 19.70it/s]
100%|#########9| 199/200 [00:10<00:00, 19.82it/s]
100%|##########| 200/200 [00:10<00:00, 19.56it/s]
Prediction done
sending off prediction to background worker for resampling and export
done with nlm_volume__2__444__622_

Predicting nlm_volume__2__526__652_:
perform_everything_on_device: False
Input shape: torch.Size([1, 126, 650, 650])
step_size: 0.5
mirror_axes: None
n_steps 100, image size is torch.Size([128, 650, 650]), tile_size [128, 128, 128], tile_step_size 0.5
steps:
[[0], [0, 58, 116, 174, 232, 290, 348, 406, 464, 522], [0, 58, 116, 174, 232, 290, 348, 406, 464, 522]]
move image to device cpu
preallocating results arrays on device cpu

  0%|          | 0/100 [00:00<?, ?it/s]
  1%|1         | 1/100 [00:00<00:35,  2.78it/s]
  3%|3         | 3/100 [00:00<00:12,  7.65it/s]
  5%|5         | 5/100 [00:00<00:08, 11.14it/s]
  7%|7         | 7/100 [00:00<00:06, 13.60it/s]
  9%|9         | 9/100 [00:00<00:05, 15.28it/s]
 11%|#1        | 11/100 [00:00<00:05, 16.28it/s]
 13%|#3        | 13/100 [00:00<00:05, 17.26it/s]
 15%|#5        | 15/100 [00:01<00:04, 18.00it/s]
 17%|#7        | 17/100 [00:01<00:04, 18.59it/s]
 20%|##        | 20/100 [00:01<00:04, 19.18it/s]
 22%|##2       | 22/100 [00:01<00:04, 19.40it/s]
 24%|##4       | 24/100 [00:01<00:03, 19.51it/s]
 26%|##6       | 26/100 [00:01<00:03, 19.43it/s]
 28%|##8       | 28/100 [00:01<00:03, 19.43it/s]
 30%|###       | 30/100 [00:01<00:03, 19.48it/s]
 32%|###2      | 32/100 [00:01<00:03, 19.52it/s]
 34%|###4      | 34/100 [00:02<00:03, 19.66it/s]
 37%|###7      | 37/100 [00:02<00:03, 19.79it/s]
 40%|####      | 40/100 [00:02<00:03, 19.96it/s]
 43%|####3     | 43/100 [00:02<00:02, 20.06it/s]
 46%|####6     | 46/100 [00:02<00:02, 20.04it/s]
 49%|####9     | 49/100 [00:02<00:02, 19.94it/s]
 51%|#####1    | 51/100 [00:02<00:02, 19.91it/s]
 53%|#####3    | 53/100 [00:02<00:02, 19.84it/s]
 55%|#####5    | 55/100 [00:03<00:02, 19.77it/s]
 58%|#####8    | 58/100 [00:03<00:02, 19.95it/s]
 61%|######1   | 61/100 [00:03<00:01, 20.06it/s]
 64%|######4   | 64/100 [00:03<00:01, 20.08it/s]
 67%|######7   | 67/100 [00:03<00:01, 20.01it/s]
 69%|######9   | 69/100 [00:03<00:01, 19.92it/s]
 71%|#######1  | 71/100 [00:03<00:01, 19.79it/s]
 73%|#######3  | 73/100 [00:03<00:01, 19.69it/s]
 75%|#######5  | 75/100 [00:04<00:01, 19.72it/s]
 78%|#######8  | 78/100 [00:04<00:01, 19.82it/s]
 80%|########  | 80/100 [00:04<00:01, 19.82it/s]
 82%|########2 | 82/100 [00:04<00:00, 19.76it/s]
 84%|########4 | 84/100 [00:04<00:00, 19.72it/s]
 86%|########6 | 86/100 [00:04<00:00, 19.74it/s]
 88%|########8 | 88/100 [00:04<00:00, 19.59it/s]
 90%|######### | 90/100 [00:04<00:00, 19.54it/s]
 92%|#########2| 92/100 [00:04<00:00, 19.45it/s]
 94%|#########3| 94/100 [00:05<00:00, 19.44it/s]
 96%|#########6| 96/100 [00:05<00:00, 19.43it/s]
 98%|#########8| 98/100 [00:05<00:00, 19.54it/s]
100%|##########| 100/100 [00:05<00:00, 18.60it/s]
Prediction done
sending off prediction to background worker for resampling and export
done with nlm_volume__2__526__652_
Inference complete.

=== Step 2: Concatenation ===
nlm_volume: 8 files found


======================================================================
DONE - fresh_bnei_reem_i2 prediction:
  \\hive3065\Yael_Mishael\Rony\remote_computer backup\nnUNet_resources\bnei_reem_fresh_bnei_reem_i2\inference_concatenated\nlm_volume.nii.gz  (10.3 MB)
======================================================================

[OK] fresh_bnei_reem_i2 pipeline complete.
