Waiting 2 hours before starting...
Starting mishmar_hnegev_scratch training.
Tue Jul  7 00:29:55 2026       
+-----------------------------------------------------------------------------------------+
| NVIDIA-SMI 572.61                 Driver Version: 572.61         CUDA Version: 12.8     |
|-----------------------------------------+------------------------+----------------------+
| GPU  Name                  Driver-Model | Bus-Id          Disp.A | Volatile Uncorr. ECC |
| Fan  Temp   Perf          Pwr:Usage/Cap |           Memory-Usage | GPU-Util  Compute M. |
|                                         |                        |               MIG M. |
|=========================================+========================+======================|
|   0  NVIDIA RTX A6000             WDDM  |   00000000:3B:00.0 Off |                    0 |
| 30%   35C    P8             15W /  300W |     627MiB /  46068MiB |      0%      Default |
|                                         |                        |                  N/A |
+-----------------------------------------+------------------------+----------------------+
|   1  NVIDIA RTX A6000             WDDM  |   00000000:D8:00.0 Off |                    0 |
| 30%   37C    P8             11W /  300W |     239MiB /  46068MiB |      0%      Default |
|                                         |                        |                  N/A |
+-----------------------------------------+------------------------+----------------------+
                                                                                         
+-----------------------------------------------------------------------------------------+
| Processes:                                                                              |
|  GPU   GI   CI              PID   Type   Process name                        GPU Memory |
|        ID   ID                                                               Usage      |
|=========================================================================================|
|    0   N/A  N/A           10816    C+G   ...a\envs\venv-napari\python.exe      N/A      |
|    0   N/A  N/A           18344    C+G   ...na_cw5n1h2txyewy\SearchUI.exe      N/A      |
|    0   N/A  N/A           22324    C+G   ...t\Edge\Application\msedge.exe      N/A      |
|    0   N/A  N/A           27580    C+G   ...ms\Microsoft VS Code\Code.exe      N/A      |
|    0   N/A  N/A           28464    C+G   ...a\envs\venv-napari\python.exe      N/A      |
|    0   N/A  N/A           47496    C+G   C:\Windows\explorer.exe               N/A      |
|    0   N/A  N/A           52408    C+G   ...xyewy\ShellExperienceHost.exe      N/A      |
+-----------------------------------------------------------------------------------------+
