Input chunks (8):
  nlm_volume__2__0__102__0000.nii.gz
  nlm_volume__2__144__266__0000.nii.gz
  nlm_volume__2__226__348__0000.nii.gz
  nlm_volume__2__308__430__0000.nii.gz
  nlm_volume__2__390__512__0000.nii.gz
  nlm_volume__2__472__594__0000.nii.gz
  nlm_volume__2__554__652__0000.nii.gz
  nlm_volume__2__62__184__0000.nii.gz
Checkpoint: checkpoint_final.pth
CUDA: True

=== Step 3: Inference ===
There are 8 cases in the source folder
I am process 0 out of 1 (max process ID is 0, we start counting with 0!)
There are 8 cases that I would like to predict

Predicting nlm_volume__2__0__102_:
perform_everything_on_device: False
Input shape: torch.Size([1, 102, 650, 650])
step_size: 0.5
mirror_axes: None
n_steps 125, image size is torch.Size([102, 650, 650]), tile_size [40, 256, 224], tile_step_size 0.5
steps:
[[0, 16, 31, 46, 62], [0, 98, 197, 296, 394], [0, 106, 213, 320, 426]]
move image to device cpu
preallocating results arrays on device cpu
Prediction done
sending off prediction to background worker for resampling and export
done with nlm_volume__2__0__102_

Predicting nlm_volume__2__144__266_:
perform_everything_on_device: False
Input shape: torch.Size([1, 122, 650, 650])
step_size: 0.5
mirror_axes: None
n_steps 150, image size is torch.Size([122, 650, 650]), tile_size [40, 256, 224], tile_step_size 0.5
steps:
[[0, 16, 33, 49, 66, 82], [0, 98, 197, 296, 394], [0, 106, 213, 320, 426]]
move image to device cpu
preallocating results arrays on device cpu
Prediction done
sending off prediction to background worker for resampling and export
done with nlm_volume__2__144__266_

Predicting nlm_volume__2__226__348_:
perform_everything_on_device: False
Input shape: torch.Size([1, 122, 650, 650])
step_size: 0.5
mirror_axes: None
n_steps 150, image size is torch.Size([122, 650, 650]), tile_size [40, 256, 224], tile_step_size 0.5
steps:
[[0, 16, 33, 49, 66, 82], [0, 98, 197, 296, 394], [0, 106, 213, 320, 426]]
move image to device cpu
preallocating results arrays on device cpu
Prediction done
sending off prediction to background worker for resampling and export
done with nlm_volume__2__226__348_

Predicting nlm_volume__2__308__430_:
perform_everything_on_device: False
Input shape: torch.Size([1, 122, 650, 650])
step_size: 0.5
mirror_axes: None
n_steps 150, image size is torch.Size([122, 650, 650]), tile_size [40, 256, 224], tile_step_size 0.5
steps:
[[0, 16, 33, 49, 66, 82], [0, 98, 197, 296, 394], [0, 106, 213, 320, 426]]
move image to device cpu
preallocating results arrays on device cpu
Prediction done
sending off prediction to background worker for resampling and export
done with nlm_volume__2__308__430_

Predicting nlm_volume__2__390__512_:
perform_everything_on_device: False
Input shape: torch.Size([1, 122, 650, 650])
step_size: 0.5
mirror_axes: None
n_steps 150, image size is torch.Size([122, 650, 650]), tile_size [40, 256, 224], tile_step_size 0.5
steps:
[[0, 16, 33, 49, 66, 82], [0, 98, 197, 296, 394], [0, 106, 213, 320, 426]]
move image to device cpu
preallocating results arrays on device cpu
Prediction done
sending off prediction to background worker for resampling and export
done with nlm_volume__2__390__512_

Predicting nlm_volume__2__472__594_:
perform_everything_on_device: False
Input shape: torch.Size([1, 122, 650, 650])
step_size: 0.5
mirror_axes: None
n_steps 150, image size is torch.Size([122, 650, 650]), tile_size [40, 256, 224], tile_step_size 0.5
steps:
[[0, 16, 33, 49, 66, 82], [0, 98, 197, 296, 394], [0, 106, 213, 320, 426]]
move image to device cpu
preallocating results arrays on device cpu
Prediction done
sending off prediction to background worker for resampling and export
done with nlm_volume__2__472__594_

Predicting nlm_volume__2__554__652_:
perform_everything_on_device: False
Input shape: torch.Size([1, 98, 650, 650])
step_size: 0.5
mirror_axes: None
n_steps 100, image size is torch.Size([98, 650, 650]), tile_size [40, 256, 224], tile_step_size 0.5
steps:
[[0, 19, 39, 58], [0, 98, 197, 296, 394], [0, 106, 213, 320, 426]]
move image to device cpu
preallocating results arrays on device cpu
Prediction done
sending off prediction to background worker for resampling and export
done with nlm_volume__2__554__652_

Predicting nlm_volume__2__62__184_:
perform_everything_on_device: False
Input shape: torch.Size([1, 122, 650, 650])
step_size: 0.5
mirror_axes: None
n_steps 150, image size is torch.Size([122, 650, 650]), tile_size [40, 256, 224], tile_step_size 0.5
steps:
[[0, 16, 33, 49, 66, 82], [0, 98, 197, 296, 394], [0, 106, 213, 320, 426]]
move image to device cpu
preallocating results arrays on device cpu
Prediction done
sending off prediction to background worker for resampling and export
done with nlm_volume__2__62__184_
Inference complete.

=== Step 4: Concatenation ===
nlm_volume: 8 files found


======================================================================
DONE — iter03 final prediction:
  \\hive3065\Yael_Mishael\Rony\remote_computer backup\nnUNet_resources\bnei_reem_iter03\inference_concatenated\nlm_volume.nii.gz  (8.3 MB)
======================================================================
