======================================================================
Step 1: Running inference with iter04_continue model ...
======================================================================
Input chunks (8):
  nlm_volume__2__0__130__0000.nii.gz
  nlm_volume__2__116__294__0000.nii.gz
  nlm_volume__2__198__376__0000.nii.gz
  nlm_volume__2__280__458__0000.nii.gz
  nlm_volume__2__34__212__0000.nii.gz
  nlm_volume__2__362__540__0000.nii.gz
  nlm_volume__2__444__622__0000.nii.gz
  nlm_volume__2__526__652__0000.nii.gz
Checkpoint: checkpoint_final.pth
CUDA available: True
CUDA device: NVIDIA RTX A6000

=== Step 1: Inference ===
There are 8 cases in the source folder
I am process 0 out of 1 (max process ID is 0, we start counting with 0!)
There are 8 cases that I would like to predict

Predicting nlm_volume__2__0__130_:
perform_everything_on_device: False
Input shape: torch.Size([1, 130, 650, 650])
step_size: 0.5
mirror_axes: None
n_steps 200, image size is torch.Size([130, 650, 650]), tile_size [128, 128, 128], tile_step_size 0.5
steps:
[[0, 2], [0, 58, 116, 174, 232, 290, 348, 406, 464, 522], [0, 58, 116, 174, 232, 290, 348, 406, 464, 522]]
move image to device cpu
preallocating results arrays on device cpu

  0%|          | 0/200 [00:00<?, ?it/s]
  0%|          | 1/200 [00:01<06:37,  2.00s/it]
  2%|1         | 3/200 [00:02<01:49,  1.80it/s]
  2%|2         | 5/200 [00:02<00:58,  3.36it/s]
  4%|3         | 7/200 [00:02<00:37,  5.16it/s]
  4%|4         | 9/200 [00:02<00:26,  7.10it/s]
  6%|5         | 11/200 [00:02<00:20,  9.11it/s]
  6%|6         | 13/200 [00:02<00:16, 11.11it/s]
  8%|7         | 15/200 [00:02<00:14, 12.89it/s]
  8%|8         | 17/200 [00:02<00:12, 14.25it/s]
 10%|9         | 19/200 [00:02<00:11, 15.28it/s]
 10%|#         | 21/200 [00:03<00:11, 15.87it/s]
 12%|#1        | 23/200 [00:03<00:10, 16.52it/s]
 12%|#2        | 25/200 [00:03<00:10, 16.96it/s]
 14%|#3        | 27/200 [00:03<00:10, 17.13it/s]
 14%|#4        | 29/200 [00:03<00:10, 16.75it/s]
 16%|#5        | 31/200 [00:03<00:09, 17.52it/s]
 17%|#7        | 34/200 [00:03<00:08, 18.46it/s]
 18%|#8        | 36/200 [00:03<00:09, 18.13it/s]
 19%|#9        | 38/200 [00:04<00:09, 16.82it/s]
 20%|##        | 41/200 [00:04<00:08, 17.89it/s]
 22%|##1       | 43/200 [00:04<00:09, 17.27it/s]
 22%|##2       | 45/200 [00:04<00:10, 14.31it/s]
 24%|##3       | 47/200 [00:04<00:10, 15.23it/s]
 24%|##4       | 49/200 [00:04<00:14, 10.33it/s]
 26%|##5       | 51/200 [00:05<00:14, 10.36it/s]
 26%|##6       | 53/200 [00:05<00:12, 11.94it/s]
 28%|##7       | 55/200 [00:05<00:10, 13.44it/s]
 28%|##8       | 57/200 [00:05<00:09, 14.79it/s]
 30%|##9       | 59/200 [00:05<00:08, 15.77it/s]
 30%|###       | 61/200 [00:05<00:08, 16.67it/s]
 32%|###1      | 63/200 [00:05<00:07, 17.35it/s]
 32%|###2      | 65/200 [00:05<00:07, 18.02it/s]
 34%|###3      | 67/200 [00:05<00:07, 18.57it/s]
 34%|###4      | 69/200 [00:06<00:06, 18.79it/s]
 36%|###5      | 71/200 [00:06<00:06, 19.08it/s]
 36%|###6      | 73/200 [00:06<00:06, 19.17it/s]
 38%|###7      | 75/200 [00:06<00:06, 19.32it/s]
 38%|###8      | 77/200 [00:06<00:06, 19.26it/s]
 40%|###9      | 79/200 [00:06<00:06, 19.10it/s]
 40%|####      | 81/200 [00:06<00:06, 19.10it/s]
 42%|####1     | 83/200 [00:06<00:06, 19.19it/s]
 42%|####2     | 85/200 [00:06<00:07, 15.85it/s]
 44%|####3     | 87/200 [00:07<00:14,  8.02it/s]
 44%|####4     | 89/200 [00:07<00:11,  9.70it/s]
 46%|####5     | 91/200 [00:07<00:09, 11.00it/s]
 46%|####6     | 93/200 [00:07<00:08, 12.55it/s]
 48%|####7     | 95/200 [00:08<00:10, 10.13it/s]
 48%|####8     | 97/200 [00:08<00:08, 11.81it/s]
 50%|####9     | 99/200 [00:08<00:07, 13.27it/s]
 50%|#####     | 101/200 [00:08<00:06, 14.44it/s]
 52%|#####1    | 103/200 [00:08<00:06, 15.14it/s]
 52%|#####2    | 105/200 [00:08<00:05, 16.19it/s]
 54%|#####3    | 107/200 [00:08<00:05, 16.41it/s]
 55%|#####4    | 109/200 [00:08<00:05, 17.17it/s]
 56%|#####5    | 111/200 [00:09<00:05, 16.93it/s]
 56%|#####6    | 113/200 [00:09<00:04, 17.63it/s]
 57%|#####7    | 115/200 [00:09<00:04, 18.08it/s]
 58%|#####8    | 117/200 [00:09<00:04, 18.46it/s]
 60%|#####9    | 119/200 [00:09<00:04, 18.74it/s]
 60%|######    | 121/200 [00:09<00:07, 10.98it/s]
 62%|######1   | 123/200 [00:09<00:06, 12.54it/s]
 62%|######2   | 125/200 [00:10<00:05, 14.09it/s]
 64%|######3   | 127/200 [00:10<00:04, 15.41it/s]
 64%|######4   | 129/200 [00:10<00:04, 16.42it/s]
 66%|######5   | 131/200 [00:10<00:04, 17.02it/s]
 66%|######6   | 133/200 [00:10<00:04, 15.68it/s]
 68%|######7   | 135/200 [00:10<00:04, 14.62it/s]
 68%|######8   | 137/200 [00:10<00:03, 15.79it/s]
 70%|######9   | 139/200 [00:10<00:03, 16.68it/s]
 70%|#######   | 141/200 [00:10<00:03, 17.33it/s]
 72%|#######1  | 143/200 [00:11<00:03, 17.81it/s]
 72%|#######2  | 145/200 [00:11<00:03, 18.21it/s]
 74%|#######3  | 147/200 [00:11<00:02, 18.61it/s]
 74%|#######4  | 149/200 [00:11<00:04, 12.24it/s]
 76%|#######5  | 151/200 [00:11<00:03, 13.71it/s]
 76%|#######6  | 153/200 [00:11<00:03, 14.97it/s]
 78%|#######7  | 155/200 [00:11<00:02, 16.03it/s]
 78%|#######8  | 157/200 [00:11<00:02, 16.96it/s]
 80%|########  | 160/200 [00:12<00:02, 17.99it/s]
 81%|########1 | 162/200 [00:12<00:02, 18.36it/s]
 82%|########2 | 164/200 [00:12<00:01, 18.54it/s]
 83%|########2 | 166/200 [00:12<00:01, 18.74it/s]
 84%|########4 | 168/200 [00:12<00:01, 18.88it/s]
 85%|########5 | 170/200 [00:12<00:01, 18.98it/s]
 86%|########6 | 172/200 [00:12<00:01, 19.21it/s]
 87%|########7 | 174/200 [00:12<00:01, 19.30it/s]
 88%|########8 | 176/200 [00:12<00:01, 19.14it/s]
 89%|########9 | 178/200 [00:13<00:01, 18.74it/s]
 90%|######### | 180/200 [00:13<00:01, 18.52it/s]
 91%|#########1| 182/200 [00:13<00:00, 18.73it/s]
 92%|#########2| 184/200 [00:13<00:00, 19.09it/s]
 93%|#########3| 186/200 [00:13<00:00, 19.24it/s]
 94%|#########3| 188/200 [00:13<00:00, 19.18it/s]
 95%|#########5| 190/200 [00:13<00:00, 19.09it/s]
 96%|#########6| 192/200 [00:13<00:00, 18.97it/s]
 97%|#########7| 194/200 [00:13<00:00, 19.05it/s]
 98%|#########8| 196/200 [00:14<00:00, 19.05it/s]
 99%|#########9| 198/200 [00:14<00:00, 15.08it/s]
100%|##########| 200/200 [00:14<00:00, 12.91it/s]
100%|##########| 200/200 [00:14<00:00, 13.87it/s]
Prediction done
sending off prediction to background worker for resampling and export
done with nlm_volume__2__0__130_

Predicting nlm_volume__2__116__294_:
perform_everything_on_device: False
Input shape: torch.Size([1, 178, 650, 650])
step_size: 0.5
mirror_axes: None
n_steps 200, image size is torch.Size([178, 650, 650]), tile_size [128, 128, 128], tile_step_size 0.5
steps:
[[0, 50], [0, 58, 116, 174, 232, 290, 348, 406, 464, 522], [0, 58, 116, 174, 232, 290, 348, 406, 464, 522]]
move image to device cpu
preallocating results arrays on device cpu

  0%|          | 0/200 [00:00<?, ?it/s]
  0%|          | 1/200 [00:00<01:06,  2.99it/s]
  1%|1         | 2/200 [00:01<01:47,  1.84it/s]
  2%|2         | 4/200 [00:01<00:49,  3.99it/s]
  3%|3         | 6/200 [00:01<00:32,  6.05it/s]
  4%|4         | 8/200 [00:01<00:22,  8.38it/s]
  5%|5         | 10/200 [00:01<00:17, 10.62it/s]
  6%|6         | 12/200 [00:01<00:14, 12.57it/s]
  7%|7         | 14/200 [00:01<00:13, 14.06it/s]
  8%|8         | 16/200 [00:01<00:11, 15.42it/s]
  9%|9         | 18/200 [00:01<00:11, 16.52it/s]
 10%|#         | 20/200 [00:02<00:10, 17.28it/s]
 11%|#1        | 22/200 [00:02<00:14, 12.26it/s]
 12%|#2        | 24/200 [00:02<00:13, 13.34it/s]
 13%|#3        | 26/200 [00:02<00:13, 13.00it/s]
 14%|#4        | 28/200 [00:02<00:12, 14.32it/s]
 15%|#5        | 30/200 [00:02<00:11, 15.26it/s]
 16%|#6        | 32/200 [00:02<00:10, 16.31it/s]
 17%|#7        | 34/200 [00:03<00:10, 15.31it/s]
 18%|#8        | 36/200 [00:03<00:10, 15.99it/s]
 19%|#9        | 38/200 [00:03<00:10, 16.11it/s]
 20%|##        | 40/200 [00:03<00:09, 16.74it/s]
 21%|##1       | 42/200 [00:03<00:09, 17.37it/s]
 22%|##2       | 44/200 [00:03<00:09, 16.93it/s]
 23%|##3       | 46/200 [00:03<00:09, 15.85it/s]
 24%|##4       | 48/200 [00:03<00:09, 16.56it/s]
 25%|##5       | 50/200 [00:04<00:09, 16.31it/s]
 26%|##6       | 52/200 [00:04<00:18,  8.07it/s]
 27%|##7       | 54/200 [00:04<00:14,  9.77it/s]
 28%|##8       | 56/200 [00:04<00:13, 11.06it/s]
 29%|##9       | 58/200 [00:05<00:18,  7.50it/s]
 30%|###       | 60/200 [00:05<00:22,  6.13it/s]
 31%|###1      | 62/200 [00:05<00:19,  6.95it/s]
 32%|###1      | 63/200 [00:06<00:20,  6.68it/s]
 32%|###2      | 65/200 [00:06<00:16,  8.32it/s]
 34%|###3      | 67/200 [00:06<00:13, 10.21it/s]
 34%|###4      | 69/200 [00:06<00:12, 10.34it/s]
 36%|###5      | 71/200 [00:06<00:10, 12.13it/s]
 36%|###6      | 73/200 [00:06<00:09, 13.74it/s]
 38%|###7      | 75/200 [00:06<00:10, 11.65it/s]
 38%|###8      | 77/200 [00:07<00:12,  9.76it/s]
 40%|###9      | 79/200 [00:07<00:10, 11.51it/s]
 40%|####      | 81/200 [00:07<00:14,  8.00it/s]
 42%|####1     | 83/200 [00:07<00:12,  9.06it/s]
 42%|####2     | 85/200 [00:08<00:19,  5.76it/s]
 43%|####3     | 86/200 [00:08<00:20,  5.54it/s]
 44%|####4     | 88/200 [00:08<00:15,  7.31it/s]
 45%|####5     | 90/200 [00:09<00:17,  6.13it/s]
 46%|####5     | 91/200 [00:09<00:17,  6.13it/s]
 46%|####6     | 92/200 [00:09<00:17,  6.05it/s]
 46%|####6     | 93/200 [00:09<00:16,  6.35it/s]
 48%|####7     | 95/200 [00:09<00:12,  8.24it/s]
 48%|####8     | 97/200 [00:10<00:10,  9.93it/s]
 50%|####9     | 99/200 [00:10<00:08, 11.90it/s]
 50%|#####     | 101/200 [00:10<00:08, 11.50it/s]
 52%|#####1    | 103/200 [00:10<00:09, 10.58it/s]
 52%|#####2    | 105/200 [00:10<00:07, 12.27it/s]
 54%|#####3    | 107/200 [00:10<00:06, 13.77it/s]
 55%|#####4    | 109/200 [00:10<00:06, 15.15it/s]
 56%|#####5    | 111/200 [00:10<00:05, 16.28it/s]
 56%|#####6    | 113/200 [00:11<00:05, 17.12it/s]
 57%|#####7    | 115/200 [00:11<00:04, 17.85it/s]
 58%|#####8    | 117/200 [00:11<00:04, 18.40it/s]
 60%|#####9    | 119/200 [00:11<00:04, 18.80it/s]
 60%|######    | 121/200 [00:11<00:04, 18.93it/s]
 62%|######1   | 123/200 [00:11<00:04, 18.85it/s]
 62%|######2   | 125/200 [00:11<00:06, 12.13it/s]
 64%|######3   | 127/200 [00:12<00:09,  7.92it/s]
 64%|######4   | 129/200 [00:12<00:07,  9.59it/s]
 66%|######5   | 131/200 [00:12<00:06, 10.21it/s]
 66%|######6   | 133/200 [00:13<00:11,  6.07it/s]
 68%|######7   | 135/200 [00:13<00:08,  7.64it/s]
 68%|######8   | 137/200 [00:13<00:06,  9.30it/s]
 70%|######9   | 139/200 [00:13<00:05, 10.98it/s]
 70%|#######   | 141/200 [00:13<00:04, 12.65it/s]
 72%|#######1  | 143/200 [00:13<00:04, 14.07it/s]
 72%|#######2  | 145/200 [00:13<00:03, 15.23it/s]
 74%|#######3  | 147/200 [00:13<00:03, 16.31it/s]
 74%|#######4  | 149/200 [00:14<00:03, 13.98it/s]
 76%|#######5  | 151/200 [00:14<00:03, 14.27it/s]
 76%|#######6  | 153/200 [00:14<00:03, 15.57it/s]
 78%|#######7  | 155/200 [00:14<00:02, 16.64it/s]
 78%|#######8  | 157/200 [00:14<00:02, 17.43it/s]
 80%|#######9  | 159/200 [00:14<00:02, 17.98it/s]
 80%|########  | 161/200 [00:14<00:02, 18.34it/s]
 82%|########1 | 163/200 [00:14<00:01, 18.65it/s]
 82%|########2 | 165/200 [00:15<00:01, 18.64it/s]
 84%|########3 | 167/200 [00:15<00:01, 18.32it/s]
 84%|########4 | 169/200 [00:15<00:01, 17.81it/s]
 86%|########5 | 171/200 [00:15<00:01, 18.02it/s]
 86%|########6 | 173/200 [00:15<00:01, 18.23it/s]
 88%|########7 | 175/200 [00:15<00:01, 18.41it/s]
 88%|########8 | 177/200 [00:15<00:01, 18.53it/s]
 90%|########9 | 179/200 [00:15<00:01, 18.70it/s]
 90%|######### | 181/200 [00:15<00:01, 18.90it/s]
 92%|#########1| 183/200 [00:15<00:00, 19.15it/s]
 92%|#########2| 185/200 [00:16<00:01,  8.14it/s]
 94%|#########3| 187/200 [00:17<00:02,  5.98it/s]
 94%|#########4| 189/200 [00:17<00:01,  7.54it/s]
 96%|#########5| 191/200 [00:17<00:00,  9.18it/s]
 96%|#########6| 193/200 [00:17<00:00, 10.81it/s]
 98%|#########7| 195/200 [00:17<00:00, 12.50it/s]
 98%|#########8| 197/200 [00:17<00:00, 14.06it/s]
100%|#########9| 199/200 [00:17<00:00, 15.15it/s]
100%|##########| 200/200 [00:17<00:00, 11.24it/s]
Prediction done
sending off prediction to background worker for resampling and export
done with nlm_volume__2__116__294_

Predicting nlm_volume__2__198__376_:
perform_everything_on_device: False
Input shape: torch.Size([1, 178, 650, 650])
step_size: 0.5
mirror_axes: None
n_steps 200, image size is torch.Size([178, 650, 650]), tile_size [128, 128, 128], tile_step_size 0.5
steps:
[[0, 50], [0, 58, 116, 174, 232, 290, 348, 406, 464, 522], [0, 58, 116, 174, 232, 290, 348, 406, 464, 522]]
move image to device cpu
preallocating results arrays on device cpu

  0%|          | 0/200 [00:00<?, ?it/s]
  0%|          | 1/200 [00:00<01:20,  2.47it/s]
  1%|1         | 2/200 [00:00<00:48,  4.11it/s]
  2%|1         | 3/200 [00:00<00:35,  5.55it/s]
  2%|2         | 4/200 [00:00<00:34,  5.61it/s]
  2%|2         | 5/200 [00:00<00:29,  6.67it/s]
  4%|3         | 7/200 [00:01<00:22,  8.69it/s]
  4%|4         | 9/200 [00:01<00:17, 10.80it/s]
  6%|5         | 11/200 [00:01<00:15, 12.59it/s]
  6%|6         | 13/200 [00:01<00:13, 14.00it/s]
  8%|7         | 15/200 [00:01<00:12, 15.01it/s]
  8%|8         | 17/200 [00:01<00:11, 15.99it/s]
 10%|9         | 19/200 [00:01<00:10, 16.79it/s]
 10%|#         | 21/200 [00:01<00:10, 17.41it/s]
 12%|#1        | 23/200 [00:01<00:09, 17.88it/s]
 12%|#2        | 25/200 [00:02<00:12, 14.33it/s]
 14%|#3        | 27/200 [00:02<00:13, 12.89it/s]
 14%|#4        | 29/200 [00:02<00:12, 14.20it/s]
 16%|#5        | 31/200 [00:02<00:11, 15.31it/s]
 16%|#6        | 33/200 [00:02<00:10, 16.23it/s]
 18%|#7        | 35/200 [00:02<00:09, 16.94it/s]
 18%|#8        | 37/200 [00:02<00:09, 17.48it/s]
 20%|#9        | 39/200 [00:03<00:14, 11.29it/s]
 20%|##        | 41/200 [00:04<00:37,  4.26it/s]
 22%|##1       | 43/200 [00:04<00:28,  5.43it/s]
 22%|##2       | 45/200 [00:04<00:22,  6.93it/s]
 24%|##3       | 47/200 [00:04<00:17,  8.55it/s]
 24%|##4       | 49/200 [00:04<00:14, 10.21it/s]
 26%|##5       | 51/200 [00:04<00:12, 11.80it/s]
 26%|##6       | 53/200 [00:05<00:10, 13.37it/s]
 28%|##7       | 55/200 [00:05<00:09, 14.72it/s]
 28%|##8       | 57/200 [00:05<00:14,  9.79it/s]
 30%|##9       | 59/200 [00:05<00:13, 10.36it/s]
 30%|###       | 61/200 [00:05<00:11, 11.96it/s]
 32%|###1      | 63/200 [00:05<00:11, 11.67it/s]
 32%|###2      | 65/200 [00:07<00:37,  3.56it/s]
 34%|###3      | 67/200 [00:08<00:38,  3.42it/s]
 34%|###4      | 68/200 [00:08<00:34,  3.81it/s]
 34%|###4      | 69/200 [00:08<00:32,  4.08it/s]
 36%|###5      | 71/200 [00:08<00:23,  5.42it/s]
 36%|###6      | 73/200 [00:08<00:17,  7.07it/s]
 38%|###7      | 75/200 [00:08<00:14,  8.83it/s]
 38%|###8      | 77/200 [00:08<00:11, 10.67it/s]
 40%|###9      | 79/200 [00:08<00:09, 12.48it/s]
 40%|####      | 81/200 [00:09<00:08, 14.01it/s]
 42%|####1     | 83/200 [00:09<00:07, 15.21it/s]
 42%|####2     | 85/200 [00:09<00:07, 16.17it/s]
 44%|####3     | 87/200 [00:09<00:06, 16.90it/s]
 44%|####4     | 89/200 [00:09<00:06, 17.27it/s]
 46%|####5     | 91/200 [00:09<00:06, 16.61it/s]
 46%|####6     | 93/200 [00:09<00:06, 16.42it/s]
 48%|####7     | 95/200 [00:10<00:09, 10.94it/s]
 48%|####8     | 97/200 [00:10<00:08, 12.38it/s]
 50%|####9     | 99/200 [00:10<00:07, 13.67it/s]
 50%|#####     | 101/200 [00:10<00:06, 14.61it/s]
 52%|#####1    | 103/200 [00:11<00:19,  5.02it/s]
 52%|#####2    | 105/200 [00:11<00:14,  6.36it/s]
 54%|#####3    | 107/200 [00:11<00:11,  7.92it/s]
 55%|#####4    | 109/200 [00:11<00:09,  9.58it/s]
 56%|#####5    | 111/200 [00:11<00:08, 10.61it/s]
 56%|#####6    | 113/200 [00:12<00:09,  8.87it/s]
 57%|#####7    | 115/200 [00:12<00:08, 10.48it/s]
 58%|#####8    | 117/200 [00:12<00:07, 10.82it/s]
 60%|#####9    | 119/200 [00:12<00:09,  8.63it/s]
 60%|######    | 121/200 [00:12<00:08,  9.70it/s]
 62%|######1   | 123/200 [00:13<00:06, 11.18it/s]
 62%|######2   | 125/200 [00:13<00:05, 12.67it/s]
 64%|######3   | 127/200 [00:13<00:05, 12.40it/s]
 64%|######4   | 129/200 [00:13<00:06, 11.13it/s]
 66%|######5   | 131/200 [00:13<00:05, 12.23it/s]
 66%|######6   | 133/200 [00:13<00:04, 13.73it/s]
 68%|######7   | 135/200 [00:13<00:04, 15.05it/s]
 68%|######8   | 137/200 [00:14<00:03, 16.18it/s]
 70%|######9   | 139/200 [00:14<00:03, 16.90it/s]
 70%|#######   | 141/200 [00:14<00:03, 17.59it/s]
 72%|#######1  | 143/200 [00:14<00:03, 17.53it/s]
 72%|#######2  | 145/200 [00:14<00:03, 18.01it/s]
 74%|#######3  | 147/200 [00:14<00:02, 18.41it/s]
 74%|#######4  | 149/200 [00:14<00:03, 13.19it/s]
 76%|#######5  | 151/200 [00:14<00:03, 14.31it/s]
 76%|#######6  | 153/200 [00:15<00:03, 15.39it/s]
 78%|#######7  | 155/200 [00:15<00:02, 16.17it/s]
 78%|#######8  | 157/200 [00:15<00:02, 16.94it/s]
 80%|#######9  | 159/200 [00:15<00:02, 17.52it/s]
 80%|########  | 161/200 [00:15<00:02, 17.91it/s]
 82%|########1 | 163/200 [00:15<00:02, 18.13it/s]
 82%|########2 | 165/200 [00:15<00:01, 18.45it/s]
 84%|########3 | 167/200 [00:15<00:01, 18.55it/s]
 84%|########4 | 169/200 [00:15<00:01, 18.75it/s]
 86%|########5 | 171/200 [00:16<00:02, 12.88it/s]
 86%|########6 | 173/200 [00:16<00:01, 14.18it/s]
 88%|########7 | 175/200 [00:16<00:01, 14.84it/s]
 88%|########8 | 177/200 [00:16<00:01, 15.09it/s]
 90%|########9 | 179/200 [00:16<00:01, 16.03it/s]
 90%|######### | 181/200 [00:16<00:01, 16.70it/s]
 92%|#########1| 183/200 [00:16<00:00, 17.34it/s]
 92%|#########2| 185/200 [00:16<00:00, 17.87it/s]
 94%|#########3| 187/200 [00:17<00:00, 17.91it/s]
 94%|#########4| 189/200 [00:17<00:00, 17.38it/s]
 96%|#########5| 191/200 [00:17<00:00, 17.78it/s]
 96%|#########6| 193/200 [00:17<00:00, 14.86it/s]
 98%|#########7| 195/200 [00:17<00:00, 15.86it/s]
 98%|#########8| 197/200 [00:17<00:00, 16.61it/s]
100%|#########9| 199/200 [00:17<00:00, 16.67it/s]
100%|##########| 200/200 [00:17<00:00, 11.22it/s]
Prediction done
sending off prediction to background worker for resampling and export
done with nlm_volume__2__198__376_

Predicting nlm_volume__2__280__458_:
perform_everything_on_device: False
Input shape: torch.Size([1, 178, 650, 650])
step_size: 0.5
mirror_axes: None
n_steps 200, image size is torch.Size([178, 650, 650]), tile_size [128, 128, 128], tile_step_size 0.5
steps:
[[0, 50], [0, 58, 116, 174, 232, 290, 348, 406, 464, 522], [0, 58, 116, 174, 232, 290, 348, 406, 464, 522]]
move image to device cpu
preallocating results arrays on device cpu

  0%|          | 0/200 [00:00<?, ?it/s]
  0%|          | 1/200 [00:00<00:40,  4.87it/s]
  1%|1         | 2/200 [00:00<00:31,  6.25it/s]
  2%|1         | 3/200 [00:00<00:26,  7.48it/s]
  2%|2         | 4/200 [00:00<00:25,  7.77it/s]
  2%|2         | 5/200 [00:00<00:25,  7.75it/s]
  3%|3         | 6/200 [00:00<00:24,  7.85it/s]
  4%|3         | 7/200 [00:01<00:38,  5.07it/s]
  4%|4         | 8/200 [00:01<00:56,  3.39it/s]
  4%|4         | 9/200 [00:01<00:48,  3.90it/s]
  6%|5         | 11/200 [00:01<00:31,  5.96it/s]
  6%|6         | 13/200 [00:02<00:23,  8.04it/s]
  8%|7         | 15/200 [00:02<00:18, 10.25it/s]
  8%|8         | 17/200 [00:02<00:14, 12.23it/s]
 10%|9         | 19/200 [00:02<00:13, 13.64it/s]
 10%|#         | 21/200 [00:02<00:19,  8.98it/s]
 12%|#1        | 23/200 [00:03<00:21,  8.12it/s]
 12%|#2        | 25/200 [00:03<00:17,  9.75it/s]
 14%|#3        | 27/200 [00:03<00:18,  9.40it/s]
 14%|#4        | 29/200 [00:03<00:19,  8.68it/s]
 16%|#5        | 31/200 [00:04<00:32,  5.20it/s]
 16%|#6        | 32/200 [00:04<00:33,  5.03it/s]
 17%|#7        | 34/200 [00:04<00:25,  6.59it/s]
 18%|#8        | 36/200 [00:04<00:19,  8.35it/s]
 19%|#9        | 38/200 [00:04<00:16, 10.11it/s]
 20%|##        | 40/200 [00:05<00:13, 11.80it/s]
 21%|##1       | 42/200 [00:05<00:11, 13.31it/s]
 22%|##2       | 44/200 [00:05<00:10, 14.69it/s]
 23%|##3       | 46/200 [00:05<00:09, 15.83it/s]
 24%|##4       | 48/200 [00:05<00:19,  7.89it/s]
 25%|##5       | 50/200 [00:06<00:35,  4.28it/s]
 26%|##6       | 52/200 [00:07<00:26,  5.53it/s]
 27%|##7       | 54/200 [00:07<00:22,  6.54it/s]
 28%|##8       | 56/200 [00:07<00:19,  7.25it/s]
 29%|##9       | 58/200 [00:08<00:26,  5.36it/s]
 30%|##9       | 59/200 [00:08<00:26,  5.28it/s]
 30%|###       | 61/200 [00:08<00:19,  6.96it/s]
 32%|###1      | 63/200 [00:08<00:17,  7.84it/s]
 32%|###2      | 65/200 [00:08<00:16,  8.43it/s]
 34%|###3      | 67/200 [00:08<00:14,  8.95it/s]
 34%|###4      | 69/200 [00:09<00:21,  6.10it/s]
 35%|###5      | 70/200 [00:09<00:21,  5.97it/s]
 36%|###6      | 72/200 [00:09<00:16,  7.78it/s]
 37%|###7      | 74/200 [00:09<00:13,  9.59it/s]
 38%|###8      | 76/200 [00:09<00:10, 11.28it/s]
 39%|###9      | 78/200 [00:10<00:09, 12.58it/s]
 40%|####      | 80/200 [00:10<00:08, 13.90it/s]
 41%|####1     | 82/200 [00:10<00:07, 14.91it/s]
 42%|####2     | 84/200 [00:10<00:07, 15.85it/s]
 43%|####3     | 86/200 [00:10<00:06, 16.66it/s]
 44%|####4     | 88/200 [00:10<00:06, 17.27it/s]
 45%|####5     | 90/200 [00:10<00:06, 17.86it/s]
 46%|####6     | 92/200 [00:10<00:05, 18.20it/s]
 47%|####6     | 94/200 [00:10<00:05, 18.40it/s]
 48%|####8     | 96/200 [00:11<00:05, 18.54it/s]
 49%|####9     | 98/200 [00:11<00:05, 18.64it/s]
 50%|#####     | 100/200 [00:11<00:05, 18.70it/s]
 51%|#####1    | 102/200 [00:11<00:05, 18.81it/s]
 52%|#####2    | 104/200 [00:11<00:05, 18.82it/s]
 53%|#####3    | 106/200 [00:11<00:04, 18.84it/s]
 54%|#####4    | 108/200 [00:11<00:05, 17.60it/s]
 55%|#####5    | 110/200 [00:11<00:06, 13.99it/s]
 56%|#####6    | 112/200 [00:12<00:06, 12.84it/s]
 57%|#####6    | 114/200 [00:12<00:08,  9.66it/s]
 58%|#####8    | 116/200 [00:13<00:18,  4.59it/s]
 59%|#####8    | 118/200 [00:13<00:13,  5.93it/s]
 60%|######    | 120/200 [00:13<00:10,  7.47it/s]
 61%|######1   | 122/200 [00:13<00:08,  9.06it/s]
 62%|######2   | 124/200 [00:13<00:08,  9.25it/s]
 63%|######3   | 126/200 [00:14<00:07,  9.26it/s]
 64%|######4   | 128/200 [00:14<00:06, 10.88it/s]
 65%|######5   | 130/200 [00:14<00:05, 12.32it/s]
 66%|######6   | 132/200 [00:14<00:05, 13.59it/s]
 67%|######7   | 134/200 [00:15<00:09,  6.69it/s]
 68%|######8   | 136/200 [00:15<00:10,  5.96it/s]
 68%|######8   | 137/200 [00:15<00:09,  6.38it/s]
 70%|######9   | 139/200 [00:16<00:11,  5.24it/s]
 70%|#######   | 140/200 [00:16<00:10,  5.52it/s]
 71%|#######1  | 142/200 [00:16<00:08,  7.17it/s]
 72%|#######2  | 144/200 [00:16<00:06,  9.01it/s]
 73%|#######3  | 146/200 [00:16<00:04, 10.91it/s]
 74%|#######4  | 148/200 [00:16<00:04, 12.66it/s]
 75%|#######5  | 150/200 [00:16<00:03, 14.12it/s]
 76%|#######6  | 152/200 [00:16<00:03, 15.32it/s]
 78%|#######7  | 155/200 [00:17<00:02, 16.89it/s]
 78%|#######8  | 157/200 [00:17<00:02, 17.58it/s]
 80%|#######9  | 159/200 [00:17<00:02, 18.12it/s]
 80%|########  | 161/200 [00:17<00:02, 18.55it/s]
 82%|########1 | 163/200 [00:17<00:02, 17.39it/s]
 82%|########2 | 165/200 [00:17<00:02, 16.44it/s]
 84%|########3 | 167/200 [00:17<00:02, 16.12it/s]
 84%|########4 | 169/200 [00:18<00:02, 14.40it/s]
 86%|########5 | 171/200 [00:18<00:02, 14.38it/s]
 86%|########6 | 173/200 [00:18<00:02, 12.56it/s]
 88%|########7 | 175/200 [00:18<00:01, 13.60it/s]
 88%|########8 | 177/200 [00:18<00:01, 12.91it/s]
 90%|########9 | 179/200 [00:18<00:01, 12.83it/s]
 90%|######### | 181/200 [00:18<00:01, 14.04it/s]
 92%|#########1| 183/200 [00:19<00:01, 14.54it/s]
 92%|#########2| 185/200 [00:19<00:01, 12.80it/s]
 94%|#########3| 187/200 [00:19<00:00, 13.13it/s]
 94%|#########4| 189/200 [00:19<00:00, 14.45it/s]
 96%|#########5| 191/200 [00:19<00:00, 15.54it/s]
 96%|#########6| 193/200 [00:19<00:00, 16.33it/s]
 98%|#########7| 195/200 [00:19<00:00, 16.89it/s]
 98%|#########8| 197/200 [00:19<00:00, 17.35it/s]
100%|#########9| 199/200 [00:20<00:00, 17.64it/s]
100%|##########| 200/200 [00:20<00:00,  9.95it/s]
Prediction done
sending off prediction to background worker for resampling and export
done with nlm_volume__2__280__458_

Predicting nlm_volume__2__34__212_:
perform_everything_on_device: False
Input shape: torch.Size([1, 178, 650, 650])
step_size: 0.5
mirror_axes: None
n_steps 200, image size is torch.Size([178, 650, 650]), tile_size [128, 128, 128], tile_step_size 0.5
steps:
[[0, 50], [0, 58, 116, 174, 232, 290, 348, 406, 464, 522], [0, 58, 116, 174, 232, 290, 348, 406, 464, 522]]
move image to device cpu
preallocating results arrays on device cpu

  0%|          | 0/200 [00:00<?, ?it/s]
  0%|          | 1/200 [00:00<01:54,  1.74it/s]
  1%|1         | 2/200 [00:00<01:01,  3.22it/s]
  2%|2         | 4/200 [00:00<00:33,  5.86it/s]
  3%|3         | 6/200 [00:01<00:23,  8.20it/s]
  4%|4         | 8/200 [00:01<00:17, 10.69it/s]
  5%|5         | 10/200 [00:01<00:21,  8.97it/s]
  6%|6         | 12/200 [00:01<00:20,  9.38it/s]
  7%|7         | 14/200 [00:01<00:16, 11.28it/s]
  8%|8         | 16/200 [00:01<00:14, 12.98it/s]
  9%|9         | 18/200 [00:01<00:12, 14.44it/s]
 10%|#         | 20/200 [00:02<00:11, 15.58it/s]
 11%|#1        | 22/200 [00:02<00:10, 16.56it/s]
 12%|#2        | 24/200 [00:02<00:10, 17.36it/s]
 13%|#3        | 26/200 [00:02<00:09, 17.88it/s]
 14%|#4        | 28/200 [00:02<00:09, 18.24it/s]
 15%|#5        | 30/200 [00:02<00:09, 18.55it/s]
 16%|#6        | 32/200 [00:02<00:09, 18.67it/s]
 17%|#7        | 34/200 [00:02<00:15, 10.90it/s]
 18%|#8        | 36/200 [00:03<00:19,  8.43it/s]
 19%|#9        | 38/200 [00:03<00:16, 10.07it/s]
 20%|##        | 40/200 [00:03<00:13, 11.72it/s]
 21%|##1       | 42/200 [00:03<00:12, 13.16it/s]
 22%|##2       | 44/200 [00:03<00:10, 14.41it/s]
 23%|##3       | 46/200 [00:03<00:10, 15.38it/s]
 24%|##4       | 48/200 [00:04<00:09, 16.00it/s]
 25%|##5       | 50/200 [00:04<00:08, 16.70it/s]
 26%|##6       | 52/200 [00:04<00:08, 17.18it/s]
 27%|##7       | 54/200 [00:04<00:08, 17.58it/s]
 28%|##8       | 56/200 [00:04<00:08, 17.80it/s]
 29%|##9       | 58/200 [00:04<00:11, 12.49it/s]
 30%|###       | 60/200 [00:05<00:21,  6.61it/s]
 31%|###1      | 62/200 [00:05<00:20,  6.83it/s]
 32%|###2      | 64/200 [00:05<00:16,  8.46it/s]
 33%|###3      | 66/200 [00:05<00:13, 10.11it/s]
 34%|###4      | 68/200 [00:05<00:11, 11.69it/s]
 35%|###5      | 70/200 [00:06<00:09, 13.21it/s]
 36%|###6      | 72/200 [00:06<00:08, 14.43it/s]
 37%|###7      | 74/200 [00:07<00:24,  5.07it/s]
 38%|###8      | 76/200 [00:07<00:26,  4.72it/s]
 39%|###9      | 78/200 [00:08<00:41,  2.92it/s]
 40%|###9      | 79/200 [00:09<00:42,  2.85it/s]
 40%|####      | 80/200 [00:09<00:46,  2.57it/s]
 41%|####1     | 82/200 [00:10<00:32,  3.63it/s]
 42%|####2     | 84/200 [00:10<00:24,  4.83it/s]
 43%|####3     | 86/200 [00:10<00:17,  6.41it/s]
 44%|####4     | 88/200 [00:10<00:17,  6.26it/s]
 45%|####5     | 90/200 [00:10<00:14,  7.63it/s]
 46%|####6     | 92/200 [00:10<00:11,  9.32it/s]
 47%|####6     | 94/200 [00:11<00:16,  6.51it/s]
 48%|####8     | 96/200 [00:12<00:29,  3.57it/s]
 48%|####8     | 97/200 [00:12<00:27,  3.79it/s]
 49%|####9     | 98/200 [00:12<00:27,  3.76it/s]
 50%|####9     | 99/200 [00:13<00:25,  4.02it/s]
 50%|#####     | 101/200 [00:13<00:17,  5.60it/s]
 51%|#####1    | 102/200 [00:13<00:17,  5.68it/s]
 52%|#####1    | 103/200 [00:13<00:17,  5.41it/s]
 52%|#####2    | 104/200 [00:14<00:26,  3.57it/s]
 52%|#####2    | 105/200 [00:14<00:24,  3.89it/s]
 54%|#####3    | 107/200 [00:14<00:16,  5.50it/s]
 54%|#####4    | 108/200 [00:14<00:15,  5.80it/s]
 55%|#####4    | 109/200 [00:14<00:14,  6.28it/s]
 55%|#####5    | 110/200 [00:14<00:13,  6.89it/s]
 56%|#####6    | 112/200 [00:15<00:16,  5.30it/s]
 57%|#####6    | 114/200 [00:15<00:12,  6.95it/s]
 58%|#####8    | 116/200 [00:15<00:10,  8.37it/s]
 59%|#####8    | 118/200 [00:15<00:07, 10.25it/s]
 60%|######    | 120/200 [00:15<00:06, 12.01it/s]
 61%|######1   | 122/200 [00:16<00:05, 13.25it/s]
 62%|######2   | 124/200 [00:16<00:05, 14.54it/s]
 63%|######3   | 126/200 [00:16<00:04, 14.94it/s]
 64%|######4   | 128/200 [00:16<00:04, 15.89it/s]
 65%|######5   | 130/200 [00:16<00:04, 16.88it/s]
 66%|######6   | 132/200 [00:16<00:03, 17.64it/s]
 67%|######7   | 134/200 [00:16<00:03, 17.69it/s]
 68%|######8   | 136/200 [00:16<00:03, 18.30it/s]
 69%|######9   | 138/200 [00:16<00:03, 18.64it/s]
 70%|#######   | 140/200 [00:17<00:03, 17.95it/s]
 71%|#######1  | 142/200 [00:17<00:03, 16.88it/s]
 72%|#######2  | 144/200 [00:17<00:03, 17.48it/s]
 73%|#######3  | 146/200 [00:17<00:02, 18.03it/s]
 74%|#######4  | 148/200 [00:17<00:03, 16.18it/s]
 75%|#######5  | 150/200 [00:17<00:03, 15.45it/s]
 76%|#######6  | 152/200 [00:17<00:02, 16.30it/s]
 77%|#######7  | 154/200 [00:18<00:05,  8.27it/s]
 78%|#######8  | 156/200 [00:18<00:05,  8.22it/s]
 79%|#######9  | 158/200 [00:18<00:04,  9.89it/s]
 80%|########  | 160/200 [00:18<00:03, 11.56it/s]
 81%|########1 | 162/200 [00:18<00:02, 13.13it/s]
 82%|########2 | 164/200 [00:18<00:02, 14.54it/s]
 83%|########2 | 166/200 [00:19<00:02, 15.58it/s]
 84%|########4 | 168/200 [00:19<00:01, 16.44it/s]
 85%|########5 | 170/200 [00:19<00:01, 17.14it/s]
 86%|########6 | 172/200 [00:19<00:01, 17.77it/s]
 87%|########7 | 174/200 [00:19<00:01, 18.13it/s]
 88%|########8 | 176/200 [00:19<00:01, 18.47it/s]
 89%|########9 | 178/200 [00:19<00:01, 18.66it/s]
 90%|######### | 180/200 [00:19<00:01, 18.75it/s]
 91%|#########1| 182/200 [00:20<00:02,  8.80it/s]
 92%|#########2| 184/200 [00:20<00:01, 10.21it/s]
 93%|#########3| 186/200 [00:20<00:01, 11.86it/s]
 94%|#########3| 188/200 [00:20<00:00, 13.34it/s]
 95%|#########5| 190/200 [00:20<00:00, 14.70it/s]
 96%|#########6| 192/200 [00:20<00:00, 15.85it/s]
 97%|#########7| 194/200 [00:20<00:00, 16.71it/s]
 98%|#########8| 196/200 [00:21<00:00,  9.84it/s]
 99%|#########9| 198/200 [00:21<00:00, 11.55it/s]
100%|##########| 200/200 [00:21<00:00, 13.10it/s]
100%|##########| 200/200 [00:21<00:00,  9.26it/s]
Prediction done
sending off prediction to background worker for resampling and export
done with nlm_volume__2__34__212_

Predicting nlm_volume__2__362__540_:
perform_everything_on_device: False
Input shape: torch.Size([1, 178, 650, 650])
step_size: 0.5
mirror_axes: None
n_steps 200, image size is torch.Size([178, 650, 650]), tile_size [128, 128, 128], tile_step_size 0.5
steps:
[[0, 50], [0, 58, 116, 174, 232, 290, 348, 406, 464, 522], [0, 58, 116, 174, 232, 290, 348, 406, 464, 522]]
move image to device cpu
preallocating results arrays on device cpu

  0%|          | 0/200 [00:00<?, ?it/s]
  0%|          | 1/200 [00:00<00:21,  9.43it/s]
  1%|1         | 2/200 [00:00<00:30,  6.47it/s]
  2%|2         | 4/200 [00:00<00:22,  8.79it/s]
  2%|2         | 5/200 [00:00<00:22,  8.82it/s]
  4%|3         | 7/200 [00:00<00:16, 11.66it/s]
  4%|4         | 9/200 [00:00<00:20,  9.48it/s]
  6%|5         | 11/200 [00:01<00:16, 11.32it/s]
  6%|6         | 13/200 [00:01<00:14, 12.61it/s]
  8%|7         | 15/200 [00:01<00:12, 14.31it/s]
  8%|8         | 17/200 [00:01<00:11, 15.68it/s]
 10%|9         | 19/200 [00:01<00:10, 16.65it/s]
 10%|#         | 21/200 [00:01<00:12, 13.78it/s]
 12%|#1        | 23/200 [00:01<00:11, 15.09it/s]
 12%|#2        | 25/200 [00:02<00:14, 11.80it/s]
 14%|#3        | 27/200 [00:02<00:14, 12.22it/s]
 14%|#4        | 29/200 [00:02<00:12, 13.36it/s]
 16%|#5        | 31/200 [00:02<00:11, 14.65it/s]
 16%|#6        | 33/200 [00:02<00:10, 15.74it/s]
 18%|#7        | 35/200 [00:02<00:10, 15.24it/s]
 18%|#8        | 37/200 [00:02<00:12, 13.31it/s]
 20%|#9        | 39/200 [00:03<00:13, 12.06it/s]
 20%|##        | 41/200 [00:03<00:13, 11.38it/s]
 22%|##1       | 43/200 [00:03<00:12, 12.58it/s]
 22%|##2       | 45/200 [00:03<00:11, 14.03it/s]
 24%|##3       | 47/200 [00:03<00:10, 15.24it/s]
 24%|##4       | 49/200 [00:04<00:24,  6.06it/s]
 26%|##5       | 51/200 [00:04<00:26,  5.63it/s]
 26%|##6       | 52/200 [00:05<00:26,  5.58it/s]
 27%|##7       | 54/200 [00:05<00:20,  7.18it/s]
 28%|##8       | 56/200 [00:05<00:16,  8.67it/s]
 29%|##9       | 58/200 [00:05<00:13, 10.49it/s]
 30%|###       | 60/200 [00:05<00:11, 12.22it/s]
 31%|###1      | 62/200 [00:05<00:10, 13.74it/s]
 32%|###2      | 64/200 [00:05<00:09, 14.91it/s]
 33%|###3      | 66/200 [00:05<00:08, 15.93it/s]
 34%|###4      | 68/200 [00:05<00:07, 16.78it/s]
 35%|###5      | 70/200 [00:05<00:07, 17.47it/s]
 36%|###6      | 72/200 [00:06<00:07, 17.89it/s]
 37%|###7      | 74/200 [00:06<00:06, 18.22it/s]
 38%|###8      | 76/200 [00:06<00:06, 18.51it/s]
 39%|###9      | 78/200 [00:06<00:06, 18.63it/s]
 40%|####      | 80/200 [00:06<00:06, 17.94it/s]
 41%|####1     | 82/200 [00:06<00:06, 17.58it/s]
 42%|####2     | 84/200 [00:06<00:06, 17.45it/s]
 43%|####3     | 86/200 [00:06<00:06, 17.39it/s]
 44%|####4     | 88/200 [00:07<00:06, 17.09it/s]
 45%|####5     | 90/200 [00:07<00:06, 15.87it/s]
 46%|####6     | 92/200 [00:07<00:06, 16.64it/s]
 47%|####6     | 94/200 [00:07<00:06, 17.31it/s]
 48%|####8     | 96/200 [00:07<00:05, 17.65it/s]
 49%|####9     | 98/200 [00:07<00:05, 17.90it/s]
 50%|#####     | 100/200 [00:07<00:05, 18.25it/s]
 51%|#####1    | 102/200 [00:07<00:05, 18.50it/s]
 52%|#####2    | 104/200 [00:07<00:05, 18.56it/s]
 53%|#####3    | 106/200 [00:08<00:05, 18.59it/s]
 54%|#####4    | 108/200 [00:08<00:04, 18.44it/s]
 55%|#####5    | 110/200 [00:08<00:04, 18.49it/s]
 56%|#####6    | 112/200 [00:08<00:05, 16.03it/s]
 57%|#####6    | 114/200 [00:08<00:05, 16.02it/s]
 58%|#####8    | 116/200 [00:08<00:05, 16.25it/s]
 59%|#####8    | 118/200 [00:08<00:05, 13.67it/s]
 60%|######    | 120/200 [00:09<00:08,  9.39it/s]
 61%|######1   | 122/200 [00:09<00:07, 10.71it/s]
 62%|######2   | 124/200 [00:09<00:07,  9.53it/s]
 63%|######3   | 126/200 [00:09<00:08,  8.40it/s]
 64%|######4   | 128/200 [00:10<00:07,  9.84it/s]
 65%|######5   | 130/200 [00:10<00:08,  8.60it/s]
 66%|######6   | 132/200 [00:10<00:07,  9.32it/s]
 67%|######7   | 134/200 [00:10<00:06,  9.63it/s]
 68%|######8   | 136/200 [00:11<00:08,  7.36it/s]
 69%|######9   | 138/200 [00:11<00:07,  8.20it/s]
 70%|#######   | 140/200 [00:11<00:08,  7.28it/s]
 71%|#######1  | 142/200 [00:11<00:07,  8.24it/s]
 72%|#######2  | 144/200 [00:11<00:05,  9.97it/s]
 73%|#######3  | 146/200 [00:12<00:04, 11.17it/s]
 74%|#######4  | 148/200 [00:12<00:04, 11.98it/s]
 75%|#######5  | 150/200 [00:12<00:05,  8.56it/s]
 76%|#######6  | 152/200 [00:12<00:05,  8.94it/s]
 77%|#######7  | 154/200 [00:12<00:04, 10.06it/s]
 78%|#######8  | 156/200 [00:13<00:05,  7.62it/s]
 78%|#######8  | 157/200 [00:13<00:06,  6.70it/s]
 80%|#######9  | 159/200 [00:13<00:05,  7.62it/s]
 80%|########  | 161/200 [00:13<00:04,  9.49it/s]
 82%|########1 | 163/200 [00:14<00:04,  9.03it/s]
 82%|########2 | 165/200 [00:14<00:06,  5.25it/s]
 83%|########2 | 166/200 [00:15<00:07,  4.81it/s]
 84%|########4 | 168/200 [00:15<00:05,  5.97it/s]
 84%|########4 | 169/200 [00:15<00:05,  6.09it/s]
 86%|########5 | 171/200 [00:15<00:03,  8.00it/s]
 86%|########6 | 173/200 [00:15<00:02,  9.90it/s]
 88%|########7 | 175/200 [00:15<00:02, 11.70it/s]
 88%|########8 | 177/200 [00:15<00:01, 13.28it/s]
 90%|########9 | 179/200 [00:15<00:01, 14.66it/s]
 90%|######### | 181/200 [00:16<00:01, 15.82it/s]
 92%|#########1| 183/200 [00:16<00:01, 15.53it/s]
 92%|#########2| 185/200 [00:16<00:00, 15.34it/s]
 94%|#########3| 187/200 [00:16<00:00, 15.35it/s]
 94%|#########4| 189/200 [00:16<00:00, 16.11it/s]
 96%|#########5| 191/200 [00:16<00:00, 16.85it/s]
 96%|#########6| 193/200 [00:16<00:00, 17.48it/s]
 98%|#########7| 195/200 [00:16<00:00, 17.96it/s]
 98%|#########8| 197/200 [00:17<00:00, 18.30it/s]
100%|#########9| 199/200 [00:17<00:00, 17.45it/s]
100%|##########| 200/200 [00:17<00:00, 11.55it/s]
Prediction done
sending off prediction to background worker for resampling and export
done with nlm_volume__2__362__540_

Predicting nlm_volume__2__444__622_:
perform_everything_on_device: False
Input shape: torch.Size([1, 178, 650, 650])
step_size: 0.5
mirror_axes: None
n_steps 200, image size is torch.Size([178, 650, 650]), tile_size [128, 128, 128], tile_step_size 0.5
steps:
[[0, 50], [0, 58, 116, 174, 232, 290, 348, 406, 464, 522], [0, 58, 116, 174, 232, 290, 348, 406, 464, 522]]
move image to device cpu
preallocating results arrays on device cpu

  0%|          | 0/200 [00:00<?, ?it/s]
  0%|          | 1/200 [00:00<00:53,  3.75it/s]
  1%|1         | 2/200 [00:00<00:34,  5.80it/s]
  2%|2         | 4/200 [00:00<00:24,  8.14it/s]
  3%|3         | 6/200 [00:00<00:17, 10.90it/s]
  4%|4         | 8/200 [00:00<00:14, 13.00it/s]
  5%|5         | 10/200 [00:00<00:13, 14.58it/s]
  6%|6         | 12/200 [00:00<00:11, 15.90it/s]
  7%|7         | 14/200 [00:01<00:10, 16.96it/s]
  8%|8         | 16/200 [00:01<00:10, 17.67it/s]
  9%|9         | 18/200 [00:01<00:10, 18.03it/s]
 10%|#         | 20/200 [00:01<00:09, 18.33it/s]
 11%|#1        | 22/200 [00:01<00:09, 18.18it/s]
 12%|#2        | 24/200 [00:01<00:09, 18.18it/s]
 13%|#3        | 26/200 [00:01<00:09, 18.13it/s]
 14%|#4        | 28/200 [00:02<00:35,  4.82it/s]
 15%|#5        | 30/200 [00:03<00:29,  5.79it/s]
 16%|#6        | 32/200 [00:03<00:23,  7.27it/s]
 17%|#7        | 34/200 [00:03<00:18,  8.91it/s]
 18%|#8        | 36/200 [00:03<00:28,  5.80it/s]
 19%|#9        | 38/200 [00:04<00:23,  7.03it/s]
 20%|##        | 40/200 [00:04<00:22,  7.13it/s]
 21%|##1       | 42/200 [00:04<00:19,  8.30it/s]
 22%|##2       | 44/200 [00:04<00:15,  9.95it/s]
 23%|##3       | 46/200 [00:04<00:13, 11.64it/s]
 24%|##4       | 48/200 [00:05<00:24,  6.24it/s]
 25%|##5       | 50/200 [00:05<00:26,  5.70it/s]
 26%|##5       | 51/200 [00:05<00:26,  5.61it/s]
 26%|##6       | 53/200 [00:06<00:19,  7.35it/s]
 28%|##7       | 55/200 [00:06<00:15,  9.18it/s]
 28%|##8       | 57/200 [00:06<00:16,  8.92it/s]
 30%|##9       | 59/200 [00:06<00:15,  8.85it/s]
 30%|###       | 61/200 [00:06<00:13, 10.58it/s]
 32%|###1      | 63/200 [00:07<00:17,  7.91it/s]
 32%|###2      | 65/200 [00:07<00:14,  9.39it/s]
 34%|###3      | 67/200 [00:07<00:11, 11.11it/s]
 34%|###4      | 69/200 [00:07<00:10, 12.71it/s]
 36%|###5      | 71/200 [00:07<00:09, 14.19it/s]
 36%|###6      | 73/200 [00:07<00:08, 15.30it/s]
 38%|###7      | 75/200 [00:07<00:07, 15.87it/s]
 38%|###8      | 77/200 [00:07<00:07, 16.46it/s]
 40%|###9      | 79/200 [00:07<00:07, 17.16it/s]
 40%|####      | 81/200 [00:08<00:06, 17.59it/s]
 42%|####1     | 83/200 [00:08<00:06, 17.90it/s]
 42%|####2     | 85/200 [00:08<00:06, 18.08it/s]
 44%|####3     | 87/200 [00:08<00:08, 13.28it/s]
 44%|####4     | 89/200 [00:08<00:09, 12.22it/s]
 46%|####5     | 91/200 [00:08<00:07, 13.69it/s]
 46%|####6     | 93/200 [00:08<00:07, 14.80it/s]
 48%|####7     | 95/200 [00:09<00:07, 13.50it/s]
 48%|####8     | 97/200 [00:09<00:16,  6.31it/s]
 50%|####9     | 99/200 [00:10<00:17,  5.93it/s]
 50%|#####     | 101/200 [00:10<00:13,  7.45it/s]
 52%|#####1    | 103/200 [00:10<00:10,  9.11it/s]
 52%|#####2    | 105/200 [00:10<00:08, 10.79it/s]
 54%|#####3    | 107/200 [00:10<00:07, 12.34it/s]
 55%|#####4    | 109/200 [00:11<00:13,  6.54it/s]
 56%|#####5    | 111/200 [00:11<00:11,  7.43it/s]
 56%|#####6    | 113/200 [00:11<00:13,  6.66it/s]
 57%|#####7    | 115/200 [00:12<00:12,  6.98it/s]
 58%|#####8    | 116/200 [00:12<00:14,  5.96it/s]
 59%|#####8    | 118/200 [00:12<00:10,  7.50it/s]
 60%|#####9    | 119/200 [00:12<00:10,  7.66it/s]
 60%|######    | 120/200 [00:12<00:11,  7.07it/s]
 60%|######    | 121/200 [00:12<00:11,  6.88it/s]
 62%|######1   | 123/200 [00:13<00:08,  9.18it/s]
 62%|######2   | 125/200 [00:13<00:08,  9.12it/s]
 64%|######3   | 127/200 [00:13<00:06, 10.96it/s]
 64%|######4   | 129/200 [00:13<00:05, 12.60it/s]
 66%|######5   | 131/200 [00:13<00:05, 12.69it/s]
 66%|######6   | 133/200 [00:13<00:06, 10.12it/s]
 68%|######7   | 135/200 [00:14<00:06, 10.66it/s]
 68%|######8   | 137/200 [00:14<00:05, 12.16it/s]
 70%|######9   | 139/200 [00:14<00:04, 13.48it/s]
 70%|#######   | 141/200 [00:14<00:06,  8.55it/s]
 72%|#######1  | 143/200 [00:14<00:05, 10.08it/s]
 72%|#######2  | 145/200 [00:15<00:04, 11.68it/s]
 74%|#######3  | 147/200 [00:15<00:09,  5.87it/s]
 74%|#######4  | 149/200 [00:16<00:08,  5.92it/s]
 75%|#######5  | 150/200 [00:16<00:07,  6.37it/s]
 76%|#######6  | 152/200 [00:16<00:05,  8.16it/s]
 77%|#######7  | 154/200 [00:16<00:04,  9.99it/s]
 78%|#######8  | 156/200 [00:16<00:03, 11.40it/s]
 79%|#######9  | 158/200 [00:16<00:03, 12.60it/s]
 80%|########  | 160/200 [00:16<00:02, 13.69it/s]
 81%|########1 | 162/200 [00:16<00:02, 14.46it/s]
 82%|########2 | 164/200 [00:17<00:02, 13.28it/s]
 83%|########2 | 166/200 [00:17<00:02, 13.37it/s]
 84%|########4 | 168/200 [00:17<00:02, 14.68it/s]
 85%|########5 | 170/200 [00:17<00:01, 15.66it/s]
 86%|########6 | 172/200 [00:17<00:01, 16.26it/s]
 87%|########7 | 174/200 [00:17<00:01, 16.85it/s]
 88%|########8 | 176/200 [00:17<00:01, 15.50it/s]
 89%|########9 | 178/200 [00:17<00:01, 14.48it/s]
 90%|######### | 180/200 [00:18<00:01, 13.89it/s]
 91%|#########1| 182/200 [00:18<00:01, 15.07it/s]
 92%|#########2| 184/200 [00:18<00:01, 15.99it/s]
 93%|#########3| 186/200 [00:18<00:00, 16.05it/s]
 94%|#########3| 188/200 [00:18<00:00, 16.71it/s]
 95%|#########5| 190/200 [00:18<00:00, 17.19it/s]
 96%|#########6| 192/200 [00:18<00:00, 17.71it/s]
 97%|#########7| 194/200 [00:18<00:00, 18.01it/s]
 98%|#########8| 196/200 [00:19<00:00, 18.21it/s]
 99%|#########9| 198/200 [00:19<00:00, 18.25it/s]
100%|##########| 200/200 [00:19<00:00, 18.18it/s]
100%|##########| 200/200 [00:19<00:00, 10.40it/s]
Prediction done
sending off prediction to background worker for resampling and export
done with nlm_volume__2__444__622_

Predicting nlm_volume__2__526__652_:
perform_everything_on_device: False
Input shape: torch.Size([1, 126, 650, 650])
step_size: 0.5
mirror_axes: None
n_steps 100, image size is torch.Size([128, 650, 650]), tile_size [128, 128, 128], tile_step_size 0.5
steps:
[[0], [0, 58, 116, 174, 232, 290, 348, 406, 464, 522], [0, 58, 116, 174, 232, 290, 348, 406, 464, 522]]
move image to device cpu
preallocating results arrays on device cpu

  0%|          | 0/100 [00:00<?, ?it/s]
  1%|1         | 1/100 [00:00<00:12,  7.94it/s]
  3%|3         | 3/100 [00:00<00:09, 10.34it/s]
  5%|5         | 5/100 [00:01<00:42,  2.26it/s]
  6%|6         | 6/100 [00:02<00:37,  2.49it/s]
  8%|8         | 8/100 [00:02<00:24,  3.82it/s]
  9%|9         | 9/100 [00:02<00:24,  3.71it/s]
 10%|#         | 10/100 [00:02<00:24,  3.69it/s]
 11%|#1        | 11/100 [00:03<00:23,  3.78it/s]
 12%|#2        | 12/100 [00:03<00:22,  3.95it/s]
 13%|#3        | 13/100 [00:03<00:18,  4.61it/s]
 14%|#4        | 14/100 [00:03<00:16,  5.32it/s]
 16%|#6        | 16/100 [00:03<00:10,  7.79it/s]
 18%|#8        | 18/100 [00:04<00:11,  7.05it/s]
 20%|##        | 20/100 [00:04<00:08,  9.10it/s]
 22%|##2       | 22/100 [00:04<00:07, 11.06it/s]
 24%|##4       | 24/100 [00:04<00:05, 12.76it/s]
 26%|##6       | 26/100 [00:04<00:05, 14.19it/s]
 28%|##8       | 28/100 [00:04<00:04, 15.45it/s]
 30%|###       | 30/100 [00:04<00:04, 16.47it/s]
 32%|###2      | 32/100 [00:04<00:03, 17.20it/s]
 34%|###4      | 34/100 [00:04<00:03, 17.74it/s]
 36%|###6      | 36/100 [00:05<00:07,  8.39it/s]
 38%|###8      | 38/100 [00:05<00:06, 10.06it/s]
 40%|####      | 40/100 [00:05<00:06,  9.23it/s]
 42%|####2     | 42/100 [00:05<00:05, 10.53it/s]
 44%|####4     | 44/100 [00:06<00:05, 10.34it/s]
 46%|####6     | 46/100 [00:06<00:05,  9.33it/s]
 48%|####8     | 48/100 [00:06<00:04, 11.03it/s]
 50%|#####     | 50/100 [00:06<00:04, 10.22it/s]
 52%|#####2    | 52/100 [00:06<00:05,  9.32it/s]
 54%|#####4    | 54/100 [00:07<00:04, 10.97it/s]
 56%|#####6    | 56/100 [00:07<00:03, 12.50it/s]
 58%|#####8    | 58/100 [00:07<00:03, 13.85it/s]
 60%|######    | 60/100 [00:07<00:02, 15.05it/s]
 62%|######2   | 62/100 [00:07<00:02, 15.95it/s]
 64%|######4   | 64/100 [00:07<00:02, 16.16it/s]
 66%|######6   | 66/100 [00:07<00:02, 16.39it/s]
 68%|######8   | 68/100 [00:07<00:01, 17.02it/s]
 70%|#######   | 70/100 [00:07<00:01, 17.27it/s]
 72%|#######2  | 72/100 [00:08<00:01, 17.47it/s]
 74%|#######4  | 74/100 [00:08<00:01, 17.65it/s]
 76%|#######6  | 76/100 [00:08<00:01, 17.94it/s]
 78%|#######8  | 78/100 [00:09<00:03,  6.34it/s]
 80%|########  | 80/100 [00:09<00:03,  5.98it/s]
 82%|########2 | 82/100 [00:09<00:02,  6.59it/s]
 84%|########4 | 84/100 [00:09<00:02,  7.93it/s]
 86%|########6 | 86/100 [00:10<00:02,  5.78it/s]
 88%|########8 | 88/100 [00:10<00:01,  7.15it/s]
 90%|######### | 90/100 [00:10<00:01,  8.73it/s]
 92%|#########2| 92/100 [00:10<00:00, 10.36it/s]
 94%|#########3| 94/100 [00:10<00:00, 11.98it/s]
 96%|#########6| 96/100 [00:11<00:00,  9.38it/s]
 98%|#########8| 98/100 [00:11<00:00,  8.39it/s]
100%|##########| 100/100 [00:11<00:00, 10.00it/s]
100%|##########| 100/100 [00:11<00:00,  8.68it/s]
Prediction done
sending off prediction to background worker for resampling and export
done with nlm_volume__2__526__652_
Inference complete.

=== Step 2: Concatenation ===
nlm_volume: 8 files found


======================================================================
DONE - iter04_continue final prediction:
  \\hive3065\Yael_Mishael\Rony\remote_computer backup\nnUNet_resources\bnei_reem_iter04_continue\inference_concatenated\nlm_volume.nii.gz  (10.4 MB)
======================================================================
[000.0s] Loading volume: \\hive3065\Yael_Mishael\Rony\remote_computer backup\10.5\nlm_volume.tif | RAM: 0.03 GB
[002.1s]   shape=(20, 650, 650)  dtype=float32 | RAM: 0.14 GB
[002.1s] Loading prediction: \\hive3065\Yael_Mishael\Rony\remote_computer backup\nnUNet_resources\bnei_reem_iter04_continue\inference_concatenated\nlm_volume.nii.gz | RAM: 0.14 GB
[002.7s]   shape=(20, 650, 650) | RAM: 0.17 GB
[002.7s] Loading GT: \\hive3065\Yael_Mishael\Rony\remote_computer backup\microSAM_inputs\merged_GT.nii.gz | RAM: 0.17 GB
[002.8s]   shape=(20, 650, 650) | RAM: 0.17 GB
[002.8s] Creating viewer ... | RAM: 0.17 GB
[008.8s] Adding volume layer ... | RAM: 0.37 GB
[009.6s] Volume layer added. | RAM: 0.38 GB
[009.6s] Adding prediction layer ... | RAM: 0.38 GB
[011.5s] Prediction layer added. | RAM: 0.68 GB
[011.5s] Adding GT layer ... | RAM: 0.68 GB
[013.3s] GT layer added. | RAM: 0.97 GB
[021.3s] Building dock widgets ... | RAM: 1.55 GB
[021.5s] Widgets ready. Entering napari event loop ... | RAM: 1.55 GB

[OK] Prediction ready: \\hive3065\Yael_Mishael\Rony\remote_computer backup\nnUNet_resources\bnei_reem_iter04_continue\inference_concatenated\nlm_volume.nii.gz
======================================================================
Step 2: Launching microsam napari plugin (slices 50-70) ...
  volume:     \\hive3065\Yael_Mishael\Rony\remote_computer backup\10.5\nlm_volume.tif
  prediction: \\hive3065\Yael_Mishael\Rony\remote_computer backup\nnUNet_resources\bnei_reem_iter04_continue\inference_concatenated\nlm_volume.nii.gz
  GT:         \\hive3065\Yael_Mishael\Rony\remote_computer backup\microSAM_inputs\merged_GT.nii.gz
======================================================================
